Microchip MPLAB XC8 Compiler V2.50

Linker command line:

-W-3 --edf=/opt/microchip/xc8/v2.50/pic/dat/20240725155939_en.msgs \
  -pivt0x8=08h -cn -h+dist/default/debug/dcuQ84.X.debug.sym \
  --cmf=dist/default/debug/dcuQ84.X.debug.cmf -z -Q18F47Q84 \
  -o/tmp/xcXBBDAkA/driver_tmp_3.o --defsym=__MPLAB_BUILD=1 \
  --fixupoverflow=error -Mdist/default/debug/dcuQ84.X.debug.map \
  --md=/tmp/xcXBBDAkA/driver_tmp_0.dat -E1 -ver=XC8 Compiler --acfsm=1493 \
  -ASTACK=015F0h-036FFh -pstack=STACK -ACODE=00h-01FFFFh \
  -ACONST=00h-01FFFFh -ASMALLCONST=04000h-040FFhx448 \
  -AMEDIUMCONST=04000h-0FFFFh,014000h-01FFFFh -ACOMRAM=0501h-055Fh \
  -AABS1=0500h-036FFh -ABIGRAM=0501h-036FFh \
  -ARAM=0560h-05FFh,0600h-06FFhx49 -ABANK5=0560h-05FFh -ABANK6=0600h-06FFh \
  -ABANK7=0700h-07FFh -ABANK8=0800h-08FFh -ABANK9=0900h-09FFh \
  -ABANK10=0A00h-0AFFh -ABANK11=0B00h-0BFFh -ABANK12=0C00h-0CFFh \
  -ABANK13=0D00h-0DFFh -ABANK14=0E00h-0EFFh -ABANK15=0F00h-0FFFh \
  -ABANK16=01000h-010FFh -ABANK17=01100h-011FFh -ABANK18=01200h-012FFh \
  -ABANK19=01300h-013FFh -ABANK20=01400h-014FFh -ABANK21=01500h-015FFh \
  -ABANK22=01600h-016FFh -ABANK23=01700h-017FFh -ABANK24=01800h-018FFh \
  -ABANK25=01900h-019FFh -ABANK26=01A00h-01AFFh -ABANK27=01B00h-01BFFh \
  -ABANK28=01C00h-01CFFh -ABANK29=01D00h-01DFFh -ABANK30=01E00h-01EFFh \
  -ABANK31=01F00h-01FFFh -ABANK32=02000h-020FFh -ABANK33=02100h-021FFh \
  -ABANK34=02200h-022FFh -ABANK35=02300h-023FFh -ABANK36=02400h-024FFh \
  -ABANK37=02500h-025FFh -ABANK38=02600h-026FFh -ABANK39=02700h-027FFh \
  -ABANK40=02800h-028FFh -ABANK41=02900h-029FFh -ABANK42=02A00h-02AFFh \
  -ABANK43=02B00h-02BFFh -ABANK44=02C00h-02CFFh -ABANK45=02D00h-02DFFh \
  -ABANK46=02E00h-02EFFh -ABANK47=02F00h-02FFFh -ABANK48=03000h-030FFh \
  -ABANK49=03100h-031FFh -ABANK50=03200h-032FFh -ABANK51=03300h-033FFh \
  -ABANK52=03400h-034FFh -ABANK53=03500h-035FFh -ABANK54=03600h-036FFh \
  -ASFR=00h-0FFhx4,0400h-045Fh,0460h-04FFh,03700h-037FFhx9 \
  -ABIGSFR=00h-04FFh,03700h-03FFFh -ACONFIG=0300000h-0300023h \
  -AIDLOC=0200000h-020003Fh -AEEDATA=0380000h-03803FFh -peeprom_data=EEDATA \
  -preset_vec=00h -ppowerup=CODE,init -pramtop=04000h \
  -psmallconst=SMALLCONST -pmediumconst=MEDIUMCONST -pconst=CONST \
  -AFARRAM=00h-00h \
  -prdata=COMRAM,nvrram=COMRAM,nvbit=COMRAM,rbss=COMRAM,rbit=COMRAM \
  -pfarbss=FARRAM,fardata=FARRAM,nvFARRAM=FARRAM \
  -pintsave_regs=BIGRAM,bigbss=BIGRAM,bigdata=BIGRAM -pbss=RAM \
  -pidata=CODE,irdata=CODE,ibigdata=CODE,ifardata=CODE -prparam=COMRAM \
  /tmp/xcXBBDAkA/driver_tmp_14.o dist/default/debug/dcuQ84.X.debug.o 

Object code version is 3.11

Machine type is 18F47Q84



                Name                               Link     Load   Length Selector   Space Scale
/tmp/xcXBBDAkA/driver_tmp_14.o
                stack                              15F0     15F0     2110     15F0       2
                idloc                            200000   200000       40        0       5
                config                           300000   300000       23        0       4
                init                                10A      10A        8        4       0
                reset_vec                             0        0        4        0       0
dist/default/debug/dcuQ84.X.debug.o
                idloc                            200000   200000       40        0       5
                config                           300000   300000       23        0       4
                temp                                501      501       20      501       1
                mediumconst                        FDCA     FDCA      236     7EE5       0
                ivt0x8                                8        8      102        4       0
                text233                           1832A    1832A       1E     5E79       0
                text232                           18534    18534        6     C1CE       0
                text231                           1856E    1856E        2     C1CE       0
                text230                           1856C    1856C        2     C1CE       0
                text229                           17548    17548       44     5C71       0
                text228                           16484    16484       9C     ADB3       0
                text227                           175D0    175D0       42     5D74       0
                text226                           17D06    17D06       2A     5E79       0
                text225                           17830    17830       3A     5DB3       0
                text224                           17504    17504       44     5C71       0
                text223                           17780    17780       3C     5DB3       0
                text222                           165B4    165B4       94     ADB3       0
                text221                           1856A    1856A        2     C1CE       0
                text220                           177F6    177F6       3A     5DB3       0
                text219                           174C0    174C0       44     5C71       0
                text218                           1847E    1847E        E     C1CE       0
                text217                           17912    17912       38     5DB3       0
                text216                           14DE2    14DE2      10A     4FD1       0
                text215                           1634A    1634A       9E     ADB3       0
                text214                           18568    18568        2     C1CE       0
                text213                           14AB0    14AB0      118     4FD1       0
                text212                           16F2C    16F2C       64     5BCB       0
                text211                           18566    18566        2     C1CE       0
                text210                           17744    17744       3C     5DB3       0
                text209                           18564    18564        2     C1CE       0
                text208                           17708    17708       3C     5DB3       0
                text207                           18562    18562        2     C1CE       0
                text206                           176CC    176CC       3C     5DB3       0
                text205                           1830C    1830C       1E     5E79       0
                text204                           1852E    1852E        6     C1CE       0
                text203                           18560    18560        2     C1CE       0
                text202                           1855E    1855E        2     C1CE       0
                text201                           162AA    162AA       A0     ADB3       0
                text200                           17168    17168       5A     5C5A       0
                text199                           17CDC    17CDC       2A     5E79       0
                text198                           1710C    1710C       5A     5BCB       0
                text197                           18528    18528        6     C1CE       0
                text196                           17DCC    17DCC       24     5E79       0
                text195                           1855C    1855C        2     C1CE       0
                text194                           17650    17650       3E     5D74       0
                text193                           160A4    160A4       B6     ADB3       0
                text192                           18252    18252       22     5E79       0
                text191                           182EE    182EE       1E     5E79       0
                text190                           12CF6    12CF6      394     8000       0
                text189                           14EEC    14EEC      104     4FD1       0
                text188                           16EC4    16EC4       66     ADB3       0
                text187                           15E76    15E76       BC     ADB3       0
                text186                           1855A    1855A        2     C1CE       0
                text185                           18558    18558        2     C1CE       0
                text184                           18556    18556        2     C1CE       0
                text183                           18554    18554        2     C1CE       0
                text182                           18552    18552        2     C1CE       0
                text181                           1308A    1308A      31A     8000       0
                text180                           18550    18550        2     C1CE       0
                text179                           1854E    1854E        2     C1CE       0
                text178                           1854C    1854C        2     C1CE       0
                text177                           13F44    13F44      194     4FD1       0
                text176                           17612    17612       3E     5D74       0
                text175                           17B02    17B02       2E     5E79       0
                text174                           1854A    1854A        2     C1CE       0
                text173                           171C4    171C4       58     5C71       0
                text172                           177BC    177BC       3A     5DB3       0
                text171                           18548    18548        2     C1CE       0
                text170                           173EC    173EC       4C     5C71       0
                text169                           17050    17050       60     5BCB       0
                text168                           18546    18546        2     C1CE       0
                text167                           173A0    173A0       4C     5C71       0
                text166                           1747C    1747C       44     5C71       0
                text165                           18544    18544        2     C1CE       0
                text164                           17354    17354       4C     5C71       0
                text163                           18470    18470        E     C1CE       0
                text162                           18542    18542        2     C1CE       0
                text161                           17CB2    17CB2       2A     5E79       0
                text160                           18462    18462        E     C1CE       0
                text159                           18540    18540        2     C1CE       0
                text158                           17C88    17C88       2A     5E79       0
                text157                           18454    18454        E     C1CE       0
                text156                           1853E    1853E        2     C1CE       0
                text155                           17C5E    17C5E       2A     5E79       0
                text154                           179E4    179E4       32     5E79       0
                text153                           14BC8    14BC8      10E     4FD1       0
                text152                           18230    18230       22     5E79       0
                text151                           1820E    1820E       22     5E79       0
                text150                           181EC    181EC       22     5E79       0
                text149                           16A9E    16A9E       84     ADB3       0
                text148                           17D58    17D58       28     5E79       0
                text147                           181CA    181CA       22     5E79       0
                text146                           181A8    181A8       22     5E79       0
                text145                           18186    18186       22     5E79       0
                text144                           18164    18164       22     5E79       0
                text143                           18142    18142       22     5E79       0
                text142                           18120    18120       22     5E79       0
                text141                           180FE    180FE       22     5E79       0
                text140                           16A1A    16A1A       84     ADB3       0
                text139                           184B0    184B0        C     C1CE       0
                text138                           16B9E    16B9E       7C     ADB3       0
                text137                           180DC    180DC       22     5E79       0
                text136                           17BB4    17BB4       2C     5E79       0
                text135                           18364    18364       1C     5E79       0
                text134                           17C34    17C34       2A     5E79       0
                text133                           180BA    180BA       22     5E79       0
                text132                           17308    17308       4C     5C71       0
                text131                           1721C    1721C       50     5C71       0
                text130                           17B88    17B88       2C     5E79       0
                text129                           17C0A    17C0A       2A     5E79       0
                text128                           18098    18098       22     5E79       0
                text127                           18076    18076       22     5E79       0
                text126                           18054    18054       22     5E79       0
                text125                           16C94    16C94       7A     ADB3       0
                text124                           16DF6    16DF6       68     ADB3       0
                text123                           18424    18424       14     C1CE       0
                text122                           18032    18032       22     5E79       0
                text121                           18010    18010       22     5E79       0
                text120                           17FEE    17FEE       22     5E79       0
                text119                           154C2    154C2       DE     4FD1       0
                text118                           183B6    183B6       18     C1CE       0
                text117                           1839C    1839C       1A     C1CE       0
                text116                           18446    18446        E     C1CE       0
                text115                           17FCC    17FCC       22     5E79       0
                text114                           17D30    17D30       28     5E79       0
                text113                           17FAA    17FAA       22     5E79       0
                text112                           17B5C    17B5C       2C     5E79       0
                text111                           17F88    17F88       22     5E79       0
                text110                           17AD4    17AD4       2E     5E79       0
                text109                           17F66    17F66       22     5E79       0
                text108                           17438    17438       44     5C71       0
                text107                           17F44    17F44       22     5E79       0
                text106                           17B30    17B30       2C     5E79       0
                text105                           184DE    184DE        8     C1CE       0
                text104                           184D6    184D6        8     C1CE       0
                text103                           184CE    184CE        8     C1CE       0
                text102                           170B0    170B0       5C     5BCB       0
                text101                           17F22    17F22       22     5E79       0
                text100                           17F00    17F00       22     5E79       0
                text99                            17EDE    17EDE       22     5E79       0
                text98                            17EBC    17EBC       22     5E79       0
                text97                            17E9A    17E9A       22     5E79       0
                text96                            1676A    1676A       8E     ADB3       0
                text95                            17E78    17E78       22     5E79       0
                text94                            17E56    17E56       22     5E79       0
                text93                            17E34    17E34       22     5E79       0
                text92                            17E12    17E12       22     5E79       0
                text91                            17DF0    17DF0       22     5E79       0
                text90                            167F8    167F8       8C     ADB3       0
                text89                            172BA    172BA       4E     5C71       0
                text88                            18522    18522        6     C1CE       0
                text87                            1851C    1851C        6     C1CE       0
                text86                            18516    18516        6     C1CE       0
                text85                            18510    18510        6     C1CE       0
                text84                            1850A    1850A        6     C1CE       0
                text83                            16B22    16B22       7C     ADB3       0
                text82                            15752    15752       D6     4FD1       0
                text81                            163E8    163E8       9C     ADB3       0
                text80                            182D0    182D0       1E     5E79       0
                text79                            1496C    1496C      144     4FD1       0
                text78                            12910    12910      3E6     8000       0
                text77                            1768E    1768E       3C     5D74       0
                text76                            16204    16204       A6     ADB3       0
                text75                            179B0    179B0       32     5DB3       0
                text74                            14262    14262      186     4FD1       0
                text73                            183FA    183FA       16     C1CE       0
                text72                            183E4    183E4       16     C1CE       0
                text71                            184C6    184C6        8     C1CE       0
                text70                            18504    18504        6     C1CE       0
                text69                            16884    16884       8A     ADB3       0
                text68                            15CF4    15CF4       C6     ADB3       0
                text67                            184FE    184FE        6     C1CE       0
                text66                            15FEC    15FEC       B8     ADB3       0
                text65                            16C1A    16C1A       7A     ADB3       0
                text64                            16E5E    16E5E       66     ADB3       0
                text63                            15F32    15F32       BA     ADB3       0
                text62                            1758C    1758C       42     5C71       0
                text61                            159CE    159CE       CC     4FD1       0
                text60                            18274    18274       20     5E79       0
                text59                            184BC    184BC        A     C1CE       0
                text58                            16994    16994       86     ADB3       0
                text57                            16648    16648       92     ADB3       0
                text56                            183CE    183CE       16     C1CE       0
                text55                            153DA    153DA       E8     4FD1       0
                text54                            184F8    184F8        6     C1CE       0
                text53                            184F2    184F2        6     C1CE       0
                text52                            184EC    184EC        6     C1CE       0
                text51                            17BE0    17BE0       2A     5E79       0
                text50                            140D8    140D8      18A     4FD1       0
                text49                            146C8    146C8      15C     4FD1       0
                text48                            14FF0    14FF0      102     4FD1       0
                text47                            1567C    1567C       D6     4FD1       0
                text46                            15C2E    15C2E       C6     ADB3       0
                text45                            10000    10000      9DA     8000       0
                text44                            1615A    1615A       AA     ADB3       0
                text43                            18348    18348       1C     5E79       0
                text42                            178DA    178DA       38     5DB3       0
                text41                            184A4    184A4        C     C1CE       0
                text40                            18498    18498        C     C1CE       0
                text39                            1848C    1848C        C     C1CE       0
                text38                            17A76    17A76       30     5E79       0
                text37                            178A2    178A2       38     5DB3       0
                text36                            17DA6    17DA6       26     5E79       0
                text35                            17D80    17D80       26     5E79       0
                text34                            18410    18410       14     C1CE       0
                text33                            182B2    182B2       1E     5E79       0
                text32                            18294    18294       1E     5E79       0
                text31                            16FF0    16FF0       60     5BCB       0
                text30                            16F90    16F90       60     5BCB       0
                text29                            17A46    17A46       30     5E79       0
                text28                            1786A    1786A       38     5DB3       0
                text27                            18438    18438        E     C1CE       0
                text26                            151F2    151F2       FE     4FD1       0
                text25                            1690E    1690E       86     ADB3       0
                text24                            158FC    158FC       D2     4FD1       0
                text23                            135C2    135C2      21A     8000       0
                text22                            14CD6    14CD6      10C     4FD1       0
                text21                            133A4    133A4      21E     8000       0
                text20                            14558    14558      170     4FD1       0
                text19                            143E8    143E8      170     4FD1       0
                text18                            12356    12356      5BA     8000       0
                text17                            166DA    166DA       90     ADB3       0
                text16                            13D90    13D90      1B2     8000       0
                text15                            139DC    139DC      1F8     8000       0
                text14                            14824    14824      148     4FD1       0
                text13                            16520    16520       94     ADB3       0
                text12                            15828    15828       D4     4FD1       0
                text11                            15B66    15B66       C8     ADB3       0
                text10                            17A16    17A16       30     5E79       0
                text9                             1794A    1794A       34     5DB3       0
                text8                             112CC    112CC      89C     8000       0
                text7                             184E6    184E6        6     C1CE       0
                text6                             11B68    11B68      7EE     8000       0
                text5                             1797E    1797E       32     5DB3       0
                text4                             155A0    155A0       DC     4FD1       0
                text3                             152F0    152F0       EA     4FD1       0
                text2                             15DBA    15DBA       BC     ADB3       0
                text1                             1726C    1726C       4E     5C71       0
                text0                             109DA    109DA      8F2     8000       0
                cstackCOMRAM                        538      538       12      501       1
                cstackBANK5                         5AD      5AD       1D      560       1
                cstackBANK6                         6FD      6FD        2      600       1
                cstackBANK7                         7F3      7F3        9      700       1
                cstackBANK8                         8EA      8EA        A      800       1
                cstackBANK9                         9EB      9EB        A      900       1
                cstackBANK10                        AF0      AF0        8      A00       1
                cstackBANK12                        CB2      CB2        4      C00       1
                dataBIGRAM                         13F0     13F0      200      FF0       1
                bssBIGRAM                           FF0      FF0      400      FF0       1
                bssBANK15                           F00      F00       F0      F00       1
                dataBANK14                          E00      E00      100      E00       1
                bssBANK13                           D00      D00       F0      D00       1
                dataBANK12                          C84      C84       2E      C00       1
                bssBANK12                           C00      C00       84      C00       1
                bssBANK11                           B00      B00      100      B00       1
                bssBANK10                           A00      A00       F0      A00       1
                bssBANK9                            900      900       EB      900       1
                dataBANK8                           87A      87A       70      800       1
                bssBANK8                            800      800       7A      800       1
                dataBANK7                           700      700       CB      700       1
                bssBANK7                            7CB      7CB       28      700       1
                dataBANK6                           600      600       78      600       1
                bssBANK6                            6C0      6C0       3D      600       1
                dataBANK5                           5CA      5CA       1B      560       1
                bssBANK5                            560      560       4D      560       1
                dataCOMRAM                          54A      54A        4      501       1
                bssCOMRAM                           521      521       17      501       1
                cinit                             13BD4    13BD4      1BC     8000       0
                nvBANK6                             678      678       48      600       1
                idataBANK14                       150F2    150F2      100     4FD1       0
                idataBANK12                       17AA6    17AA6       2E     5E79       0
                idataBANK8                        16D86    16D86       70     ADB3       0
                idataBANK7                        15A9A    15A9A       CB     4FD1       0
                idataBANK6                        16D0E    16D0E       78     ADB3       0
                idataBANK5                        18380    18380       1B     5E79       0
                idataBIGRAM                       137DC    137DC      200     8000       0
                idataCOMRAM                       1853A    1853A        4     C1CE       0

TOTAL           Name                               Link     Load   Length     Space
        CLASS   STACK          
                stack                              15F0     15F0     2110         2

        CLASS   CODE           
                init                                10A      10A        8         0
                reset_vec                             0        0        4         0
                ivt0x8                                8        8      102         0
                text233                           1832A    1832A       1E         0
                text232                           18534    18534        6         0
                text231                           1856E    1856E        2         0
                text230                           1856C    1856C        2         0
                text229                           17548    17548       44         0
                text228                           16484    16484       9C         0
                text227                           175D0    175D0       42         0
                text226                           17D06    17D06       2A         0
                text225                           17830    17830       3A         0
                text224                           17504    17504       44         0
                text223                           17780    17780       3C         0
                text222                           165B4    165B4       94         0
                text221                           1856A    1856A        2         0
                text220                           177F6    177F6       3A         0
                text219                           174C0    174C0       44         0
                text218                           1847E    1847E        E         0
                text217                           17912    17912       38         0
                text216                           14DE2    14DE2      10A         0
                text215                           1634A    1634A       9E         0
                text214                           18568    18568        2         0
                text213                           14AB0    14AB0      118         0
                text212                           16F2C    16F2C       64         0
                text211                           18566    18566        2         0
                text210                           17744    17744       3C         0
                text209                           18564    18564        2         0
                text208                           17708    17708       3C         0
                text207                           18562    18562        2         0
                text206                           176CC    176CC       3C         0
                text205                           1830C    1830C       1E         0
                text204                           1852E    1852E        6         0
                text203                           18560    18560        2         0
                text202                           1855E    1855E        2         0
                text201                           162AA    162AA       A0         0
                text200                           17168    17168       5A         0
                text199                           17CDC    17CDC       2A         0
                text198                           1710C    1710C       5A         0
                text197                           18528    18528        6         0
                text196                           17DCC    17DCC       24         0
                text195                           1855C    1855C        2         0
                text194                           17650    17650       3E         0
                text193                           160A4    160A4       B6         0
                text192                           18252    18252       22         0
                text191                           182EE    182EE       1E         0
                text190                           12CF6    12CF6      394         0
                text189                           14EEC    14EEC      104         0
                text188                           16EC4    16EC4       66         0
                text187                           15E76    15E76       BC         0
                text186                           1855A    1855A        2         0
                text185                           18558    18558        2         0
                text184                           18556    18556        2         0
                text183                           18554    18554        2         0
                text182                           18552    18552        2         0
                text181                           1308A    1308A      31A         0
                text180                           18550    18550        2         0
                text179                           1854E    1854E        2         0
                text178                           1854C    1854C        2         0
                text177                           13F44    13F44      194         0
                text176                           17612    17612       3E         0
                text175                           17B02    17B02       2E         0
                text174                           1854A    1854A        2         0
                text173                           171C4    171C4       58         0
                text172                           177BC    177BC       3A         0
                text171                           18548    18548        2         0
                text170                           173EC    173EC       4C         0
                text169                           17050    17050       60         0
                text168                           18546    18546        2         0
                text167                           173A0    173A0       4C         0
                text166                           1747C    1747C       44         0
                text165                           18544    18544        2         0
                text164                           17354    17354       4C         0
                text163                           18470    18470        E         0
                text162                           18542    18542        2         0
                text161                           17CB2    17CB2       2A         0
                text160                           18462    18462        E         0
                text159                           18540    18540        2         0
                text158                           17C88    17C88       2A         0
                text157                           18454    18454        E         0
                text156                           1853E    1853E        2         0
                text155                           17C5E    17C5E       2A         0
                text154                           179E4    179E4       32         0
                text153                           14BC8    14BC8      10E         0
                text152                           18230    18230       22         0
                text151                           1820E    1820E       22         0
                text150                           181EC    181EC       22         0
                text149                           16A9E    16A9E       84         0
                text148                           17D58    17D58       28         0
                text147                           181CA    181CA       22         0
                text146                           181A8    181A8       22         0
                text145                           18186    18186       22         0
                text144                           18164    18164       22         0
                text143                           18142    18142       22         0
                text142                           18120    18120       22         0
                text141                           180FE    180FE       22         0
                text140                           16A1A    16A1A       84         0
                text139                           184B0    184B0        C         0
                text138                           16B9E    16B9E       7C         0
                text137                           180DC    180DC       22         0
                text136                           17BB4    17BB4       2C         0
                text135                           18364    18364       1C         0
                text134                           17C34    17C34       2A         0
                text133                           180BA    180BA       22         0
                text132                           17308    17308       4C         0
                text131                           1721C    1721C       50         0
                text130                           17B88    17B88       2C         0
                text129                           17C0A    17C0A       2A         0
                text128                           18098    18098       22         0
                text127                           18076    18076       22         0
                text126                           18054    18054       22         0
                text125                           16C94    16C94       7A         0
                text124                           16DF6    16DF6       68         0
                text123                           18424    18424       14         0
                text122                           18032    18032       22         0
                text121                           18010    18010       22         0
                text120                           17FEE    17FEE       22         0
                text119                           154C2    154C2       DE         0
                text118                           183B6    183B6       18         0
                text117                           1839C    1839C       1A         0
                text116                           18446    18446        E         0
                text115                           17FCC    17FCC       22         0
                text114                           17D30    17D30       28         0
                text113                           17FAA    17FAA       22         0
                text112                           17B5C    17B5C       2C         0
                text111                           17F88    17F88       22         0
                text110                           17AD4    17AD4       2E         0
                text109                           17F66    17F66       22         0
                text108                           17438    17438       44         0
                text107                           17F44    17F44       22         0
                text106                           17B30    17B30       2C         0
                text105                           184DE    184DE        8         0
                text104                           184D6    184D6        8         0
                text103                           184CE    184CE        8         0
                text102                           170B0    170B0       5C         0
                text101                           17F22    17F22       22         0
                text100                           17F00    17F00       22         0
                text99                            17EDE    17EDE       22         0
                text98                            17EBC    17EBC       22         0
                text97                            17E9A    17E9A       22         0
                text96                            1676A    1676A       8E         0
                text95                            17E78    17E78       22         0
                text94                            17E56    17E56       22         0
                text93                            17E34    17E34       22         0
                text92                            17E12    17E12       22         0
                text91                            17DF0    17DF0       22         0
                text90                            167F8    167F8       8C         0
                text89                            172BA    172BA       4E         0
                text88                            18522    18522        6         0
                text87                            1851C    1851C        6         0
                text86                            18516    18516        6         0
                text85                            18510    18510        6         0
                text84                            1850A    1850A        6         0
                text83                            16B22    16B22       7C         0
                text82                            15752    15752       D6         0
                text81                            163E8    163E8       9C         0
                text80                            182D0    182D0       1E         0
                text79                            1496C    1496C      144         0
                text78                            12910    12910      3E6         0
                text77                            1768E    1768E       3C         0
                text76                            16204    16204       A6         0
                text75                            179B0    179B0       32         0
                text74                            14262    14262      186         0
                text73                            183FA    183FA       16         0
                text72                            183E4    183E4       16         0
                text71                            184C6    184C6        8         0
                text70                            18504    18504        6         0
                text69                            16884    16884       8A         0
                text68                            15CF4    15CF4       C6         0
                text67                            184FE    184FE        6         0
                text66                            15FEC    15FEC       B8         0
                text65                            16C1A    16C1A       7A         0
                text64                            16E5E    16E5E       66         0
                text63                            15F32    15F32       BA         0
                text62                            1758C    1758C       42         0
                text61                            159CE    159CE       CC         0
                text60                            18274    18274       20         0
                text59                            184BC    184BC        A         0
                text58                            16994    16994       86         0
                text57                            16648    16648       92         0
                text56                            183CE    183CE       16         0
                text55                            153DA    153DA       E8         0
                text54                            184F8    184F8        6         0
                text53                            184F2    184F2        6         0
                text52                            184EC    184EC        6         0
                text51                            17BE0    17BE0       2A         0
                text50                            140D8    140D8      18A         0
                text49                            146C8    146C8      15C         0
                text48                            14FF0    14FF0      102         0
                text47                            1567C    1567C       D6         0
                text46                            15C2E    15C2E       C6         0
                text45                            10000    10000      9DA         0
                text44                            1615A    1615A       AA         0
                text43                            18348    18348       1C         0
                text42                            178DA    178DA       38         0
                text41                            184A4    184A4        C         0
                text40                            18498    18498        C         0
                text39                            1848C    1848C        C         0
                text38                            17A76    17A76       30         0
                text37                            178A2    178A2       38         0
                text36                            17DA6    17DA6       26         0
                text35                            17D80    17D80       26         0
                text34                            18410    18410       14         0
                text33                            182B2    182B2       1E         0
                text32                            18294    18294       1E         0
                text31                            16FF0    16FF0       60         0
                text30                            16F90    16F90       60         0
                text29                            17A46    17A46       30         0
                text28                            1786A    1786A       38         0
                text27                            18438    18438        E         0
                text26                            151F2    151F2       FE         0
                text25                            1690E    1690E       86         0
                text24                            158FC    158FC       D2         0
                text23                            135C2    135C2      21A         0
                text22                            14CD6    14CD6      10C         0
                text21                            133A4    133A4      21E         0
                text20                            14558    14558      170         0
                text19                            143E8    143E8      170         0
                text18                            12356    12356      5BA         0
                text17                            166DA    166DA       90         0
                text16                            13D90    13D90      1B2         0
                text15                            139DC    139DC      1F8         0
                text14                            14824    14824      148         0
                text13                            16520    16520       94         0
                text12                            15828    15828       D4         0
                text11                            15B66    15B66       C8         0
                text10                            17A16    17A16       30         0
                text9                             1794A    1794A       34         0
                text8                             112CC    112CC      89C         0
                text7                             184E6    184E6        6         0
                text6                             11B68    11B68      7EE         0
                text5                             1797E    1797E       32         0
                text4                             155A0    155A0       DC         0
                text3                             152F0    152F0       EA         0
                text2                             15DBA    15DBA       BC         0
                text1                             1726C    1726C       4E         0
                text0                             109DA    109DA      8F2         0
                cinit                             13BD4    13BD4      1BC         0
                idataBANK14                       150F2    150F2      100         0
                idataBANK12                       17AA6    17AA6       2E         0
                idataBANK8                        16D86    16D86       70         0
                idataBANK7                        15A9A    15A9A       CB         0
                idataBANK6                        16D0E    16D0E       78         0
                idataBANK5                        18380    18380       1B         0
                idataBIGRAM                       137DC    137DC      200         0
                idataCOMRAM                       1853A    1853A        4         0

        CLASS   CONST          

        CLASS   SMALLCONST     

        CLASS   MEDIUMCONST    
                mediumconst                        FDCA     FDCA      236         0

        CLASS   COMRAM         
                temp                                501      501       20         1
                cstackCOMRAM                        538      538       12         1
                dataCOMRAM                          54A      54A        4         1
                bssCOMRAM                           521      521       17         1

        CLASS   ABS1           

        CLASS   BIGRAM         
                dataBIGRAM                         13F0     13F0      200         1
                bssBIGRAM                           FF0      FF0      400         1

        CLASS   RAM            

        CLASS   BANK5          
                cstackBANK5                         5AD      5AD       1D         1
                dataBANK5                           5CA      5CA       1B         1
                bssBANK5                            560      560       4D         1

        CLASS   BANK6          
                cstackBANK6                         6FD      6FD        2         1
                dataBANK6                           600      600       78         1
                bssBANK6                            6C0      6C0       3D         1
                nvBANK6                             678      678       48         1

        CLASS   BANK7          
                cstackBANK7                         7F3      7F3        9         1
                dataBANK7                           700      700       CB         1
                bssBANK7                            7CB      7CB       28         1

        CLASS   BANK8          
                cstackBANK8                         8EA      8EA        A         1
                dataBANK8                           87A      87A       70         1
                bssBANK8                            800      800       7A         1

        CLASS   BANK9          
                cstackBANK9                         9EB      9EB        A         1
                bssBANK9                            900      900       EB         1

        CLASS   BANK10         
                cstackBANK10                        AF0      AF0        8         1
                bssBANK10                           A00      A00       F0         1

        CLASS   BANK11         
                bssBANK11                           B00      B00      100         1

        CLASS   BANK12         
                cstackBANK12                        CB2      CB2        4         1
                dataBANK12                          C84      C84       2E         1
                bssBANK12                           C00      C00       84         1

        CLASS   BANK13         
                bssBANK13                           D00      D00       F0         1

        CLASS   BANK14         
                dataBANK14                          E00      E00      100         1

        CLASS   BANK15         
                bssBANK15                           F00      F00       F0         1

        CLASS   BANK16         

        CLASS   BANK17         

        CLASS   BANK18         

        CLASS   BANK19         

        CLASS   BANK20         

        CLASS   BANK21         

        CLASS   BANK22         

        CLASS   BANK23         

        CLASS   BANK24         

        CLASS   BANK25         

        CLASS   BANK26         

        CLASS   BANK27         

        CLASS   BANK28         

        CLASS   BANK29         

        CLASS   BANK30         

        CLASS   BANK31         

        CLASS   BANK32         

        CLASS   BANK33         

        CLASS   BANK34         

        CLASS   BANK35         

        CLASS   BANK36         

        CLASS   BANK37         

        CLASS   BANK38         

        CLASS   BANK39         

        CLASS   BANK40         

        CLASS   BANK41         

        CLASS   BANK42         

        CLASS   BANK43         

        CLASS   BANK44         

        CLASS   BANK45         

        CLASS   BANK46         

        CLASS   BANK47         

        CLASS   BANK48         

        CLASS   BANK49         

        CLASS   BANK50         

        CLASS   BANK51         

        CLASS   BANK52         

        CLASS   BANK53         

        CLASS   BANK54         

        CLASS   SFR            

        CLASS   BIGSFR         

        CLASS   CONFIG         
                config                           300000   300000       23         4

        CLASS   IDLOC          
                idloc                            200000   200000       40         5

        CLASS   EEDATA         

        CLASS   FARRAM         

        CLASS   HEAP           



SEGMENTS        Name                           Load    Length   Top    Selector   Space  Class

                bssBIGRAM                      000FF0  000600  0015F0       FF0       1  BIGRAM  
                text45                         010000  003F42  013F42      8000       0  CODE    
                text177                        013F44  001C21  015B65      4FD1       0  CODE    
                reset_vec                      000000  000004  000004         0       0  CODE    
                text227                        0175D0  0000FA  0176CA      5D74       0  CODE    
                text206                        0176CC  000316  0179E2      5DB3       0  CODE    
                text117                        01839C  0001D4  018570      C1CE       0  CODE    
                text154                        0179E4  0009B7  01839B      5E79       0  CODE    
                text11                         015B66  0013C4  016F2A      ADB3       0  CODE    
                text212                        016F2C  00023A  017166      5BCB       0  CODE    
                text200                        017168  00005A  0171C2      5C5A       0  CODE    
                text173                        0171C4  00040A  0175CE      5C71       0  CODE    
                bssBANK5                       000560  000085  0005E5       560       1  BANK5   
                bssBANK11                      000B00  000100  000C00       B00       1  BANK11  
                bssBANK15                      000F00  0000F0  000FF0       F00       1  BANK15  
                dataBANK14                     000E00  000100  000F00       E00       1  BANK14  
                bssBANK13                      000D00  0000F0  000DF0       D00       1  BANK13  
                bssBANK10                      000A00  0000F8  000AF8       A00       1  BANK10  
                stack                          0015F0  002110  003700      15F0       2  STACK   
                ivt0x8                         000008  00010A  000112         4       0  CODE    
                mediumconst                    00FDCA  000236  010000      7EE5       0  MEDIUMCO
                temp                           000501  00004D  00054E       501       1  COMRAM  
                dataBANK6                      000600  0000FF  0006FF       600       1  BANK6   
                bssBANK12                      000C00  0000B6  000CB6       C00       1  BANK12  
                bssBANK8                       000800  0000F4  0008F4       800       1  BANK8   
                bssBANK9                       000900  0000F5  0009F5       900       1  BANK9   
                dataBANK7                      000700  0000FC  0007FC       700       1  BANK7   


UNUSED ADDRESS RANGES

        Name                Unused          Largest block    Delta
        BANK10           000AF8-000AFF                8
        BANK12           000CB6-000CFF               4A
        BANK13           000DF0-000DFF               10
        BANK21           0015F0-0015FF               10
        BANK22           001600-0016FF              100
        BANK23           001700-0017FF              100
        BANK24           001800-0018FF              100
        BANK25           001900-0019FF              100
        BANK26           001A00-001AFF              100
        BANK27           001B00-001BFF              100
        BANK28           001C00-001CFF              100
        BANK29           001D00-001DFF              100
        BANK30           001E00-001EFF              100
        BANK31           001F00-001FFF              100
        BANK32           002000-0020FF              100
        BANK33           002100-0021FF              100
        BANK34           002200-0022FF              100
        BANK35           002300-0023FF              100
        BANK36           002400-0024FF              100
        BANK37           002500-0025FF              100
        BANK38           002600-0026FF              100
        BANK39           002700-0027FF              100
        BANK40           002800-0028FF              100
        BANK41           002900-0029FF              100
        BANK42           002A00-002AFF              100
        BANK43           002B00-002BFF              100
        BANK44           002C00-002CFF              100
        BANK45           002D00-002DFF              100
        BANK46           002E00-002EFF              100
        BANK47           002F00-002FFF              100
        BANK48           003000-0030FF              100
        BANK49           003100-0031FF              100
        BANK5            0005E5-0005FF               1B
        BANK50           003200-0032FF              100
        BANK51           003300-0033FF              100
        BANK52           003400-0034FF              100
        BANK53           003500-0035FF              100
        BANK54           003600-0036FF              100
        BANK6            0006FF-0006FF                1
        BANK7            0007FC-0007FF                4
        BANK8            0008F4-0008FF                C
        BANK9            0009F5-0009FF                B
        BIGRAM           00054E-00055F               12
                         0005E5-0005FF               1B
                         0006FF-0006FF                1
                         0007FC-0007FF                4
                         0008F4-0008FF                C
                         0009F5-0009FF                B
                         000AF8-000AFF                8
                         000CB6-000CFF               4A
                         000DF0-000DFF               10
                         0015F0-0036FF             2110
        BIGSFR           000000-0004FF              500
                         003700-003FFF              900
        CODE             000004-000007                4
                         000112-00FDC9             FCB8
                         013F42-013F43                2
                         015B65-015B65                1
                         016F2A-016F2B                2
                         017166-017167                2
                         0171C2-0171C3                2
                         0175CE-0175CF                2
                         0176CA-0176CB                2
                         0179E2-0179E3                2
                         01839B-01839B                1
                         018570-01FFFF             7A90
        COMRAM           00054E-00055F               12
        CONFIG           300023-300023                1
        CONST            000004-000007                4
                         000112-00FDC9             FCB8
                         013F42-013F43                2
                         015B65-015B65                1
                         016F2A-016F2B                2
                         017166-017167                2
                         0171C2-0171C3                2
                         0175CE-0175CF                2
                         0176CA-0176CB                2
                         0179E2-0179E3                2
                         01839B-01839B                1
                         018570-01FFFF             7A90
        EEDATA           380000-3803FF              400
        MEDIUMCONST      004000-00FDC9             BDCA
                         015B65-015B65                1
                         016F2A-016F2B                2
                         017166-017167                2
                         0171C2-0171C3                2
                         0175CE-0175CF                2
                         0176CA-0176CB                2
                         0179E2-0179E3                2
                         01839B-01839B                1
                         018570-01FFFF             7A90
        RAM              0005E5-0005FF               1B
                         0006FF-0006FF                1
                         0007FC-0007FF                4
                         0008F4-0008FF                C
                         0009F5-0009FF                B
                         000AF8-000AFF                8
                         000CB6-000CFF               4A
                         000DF0-000DFF               10
                         0015F0-0036FF              100
        SFR              000000-0004FF              100
                         003700-003FFF              100
        SMALLCONST       004000-00FDC9              100
                         013F42-013F43                2
                         015B65-015B65                1
                         016F2A-016F2B                2
                         017166-017167                2
                         0171C2-0171C3                2
                         0175CE-0175CF                2
                         0176CA-0176CB                2
                         0179E2-0179E3                2
                         01839B-01839B                1
                         018570-01FFFF              100

                                  Symbol Table

Can1FIFO1NotEmptyHandler@half                      bssBANK5     0005A6
IVTBASEH                                           (abs)        00045E
IVTBASEL                                           (abs)        00045D
IVTBASEU                                           (abs)        00045F
_ADACCH                                            (abs)        0003E4
_ADACCL                                            (abs)        0003E3
_ADACCU                                            (abs)        0003E5
_ADACQH                                            (abs)        0003EF
_ADACQL                                            (abs)        0003EE
_ADACT                                             (abs)        0003F9
_ADCAP                                             (abs)        0003F0
_ADCLK                                             (abs)        0003FA
_ADCNT                                             (abs)        0003E6
_ADCON0                                            (abs)        0003F3
_ADCON1                                            (abs)        0003F4
_ADCON2                                            (abs)        0003F5
_ADCON3                                            (abs)        0003F6
_ADCP                                              (abs)        0003D8
_ADCSEL1                                           (abs)        0003FC
_ADCTX                                             (abs)        0003FB
_ADC_ACTI_ISR                                      text208      017708
_ADC_ADCH1_ISR                                     text210      017744
_ADC_ADI_ISR                                       text206      0176CC
_ADC_ActiveClockTuning_ISR                         nvBANK6      000696
_ADC_Context1Thereshld_ISR                         nvBANK6      000699
_ADC_ConversionComplete_ISR                        nvBANK6      00069C
_ADC_DefaultADI_ISR                                text207      018562
_ADC_DefaultActiveClockTuning_ISR                  text209      018564
_ADC_DefaultContext1Threshold_ISR                  text211      018566
_ADC_Initialize                                    text149      016A9E
_ADC_SetADIInterruptHandler                        text152      018230
_ADC_SetActiveClockTuningInterruptHandler          text151      01820E
_ADC_SetContext1ThresholdInterruptHandler          text150      0181EC
_ADLTHH                                            (abs)        0003DA
_ADLTHL                                            (abs)        0003D9
_ADPCH                                             (abs)        0003EC
_ADPREH                                            (abs)        0003F2
_ADPREL                                            (abs)        0003F1
_ADREF                                             (abs)        0003F8
_ADRESH                                            (abs)        0003EB
_ADRESL                                            (abs)        0003EA
_ADRPT                                             (abs)        0003E7
_ADSTAT                                            (abs)        0003F7
_ADSTPTH                                           (abs)        0003E0
_ADSTPTL                                           (abs)        0003DF
_ADUTHH                                            (abs)        0003DC
_ADUTHL                                            (abs)        0003DB
_ANSELA                                            (abs)        000400
_ANSELB                                            (abs)        000408
_ANSELC                                            (abs)        000410
_ANSELD                                            (abs)        000418
_ANSELE                                            (abs)        000420
_B                                                 dataBANK6    000600
_C                                                 dataBANK7    000700
_C1CONH                                            (abs)        000101
_C1CONHbits                                        (abs)        000101
_C1CONL                                            (abs)        000100
_C1CONTbits                                        (abs)        000103
_C1CONU                                            (abs)        000102
_C1CONUbits                                        (abs)        000102
_C1DBTCFGH                                         (abs)        000109
_C1DBTCFGL                                         (abs)        000108
_C1DBTCFGT                                         (abs)        00010B
_C1DBTCFGU                                         (abs)        00010A
_C1FIFOBA                                          (abs)        00014C
_C1FIFOCON1H                                       (abs)        00015D
_C1FIFOCON1L                                       (abs)        00015C
_C1FIFOCON1Lbits                                   (abs)        00015C
_C1FIFOCON1T                                       (abs)        00015F
_C1FIFOCON1U                                       (abs)        00015E
_C1FIFOCON2H                                       (abs)        000169
_C1FIFOCON2L                                       (abs)        000168
_C1FIFOCON2T                                       (abs)        00016B
_C1FIFOCON2U                                       (abs)        00016A
_C1FIFOCON3H                                       (abs)        000175
_C1FIFOCON3L                                       (abs)        000174
_C1FIFOCON3T                                       (abs)        000177
_C1FIFOCON3U                                       (abs)        000176
_C1FIFOSTA1Lbits                                   (abs)        000160
_C1FIFOSTA2Lbits                                   (abs)        00016C
_C1FIFOSTA3Lbits                                   (abs)        000178
_C1FLTCON0H                                        (abs)        000181
_C1FLTCON0L                                        (abs)        000180
_C1FLTOBJ0H                                        (abs)        00018D
_C1FLTOBJ0L                                        (abs)        00018C
_C1FLTOBJ0T                                        (abs)        00018F
_C1FLTOBJ0U                                        (abs)        00018E
_C1FLTOBJ1H                                        (abs)        000195
_C1FLTOBJ1L                                        (abs)        000194
_C1FLTOBJ1T                                        (abs)        000197
_C1FLTOBJ1U                                        (abs)        000196
_C1INTH                                            (abs)        00011D
_C1INTHbits                                        (abs)        00011D
_C1INTL                                            (abs)        00011C
_C1INTLbits                                        (abs)        00011C
_C1INTT                                            (abs)        00011F
_C1INTU                                            (abs)        00011E
_C1INTUbits                                        (abs)        00011E
_C1MASK0H                                          (abs)        000191
_C1MASK0L                                          (abs)        000190
_C1MASK0T                                          (abs)        000193
_C1MASK0U                                          (abs)        000192
_C1MASK1H                                          (abs)        000199
_C1MASK1L                                          (abs)        000198
_C1MASK1T                                          (abs)        00019B
_C1MASK1U                                          (abs)        00019A
_C1NBTCFGH                                         (abs)        000105
_C1NBTCFGL                                         (abs)        000104
_C1NBTCFGT                                         (abs)        000107
_C1NBTCFGU                                         (abs)        000106
_C1TDCH                                            (abs)        00010D
_C1TDCU                                            (abs)        00010E
_C1TXQCONH                                         (abs)        000151
_C1TXQCONHbits                                     (abs)        000151
_C1TXQCONL                                         (abs)        000150
_C1TXQCONT                                         (abs)        000153
_C1TXQCONU                                         (abs)        000152
_C1TXQSTALbits                                     (abs)        000154
_CAN1_BitRateConfiguration                         text148      017D58
_CAN1_BusErrorHandler                              bssBANK5     00058D
_CAN1_BusWakeUpActivityHandler                     bssBANK5     000590
_CAN1_ErrorNotificationInterruptEnable             text140      016A1A
_CAN1_FIFO1NotEmptyHandler                         bssBANK5     000596
_CAN1_ISR                                          text177      013F44
_CAN1_Initialize                                   text131      01721C
_CAN1_InvalidMessageHandler                        bssBANK5     000593
_CAN1_ModeChangeHandler                            bssBANK5     00058A
_CAN1_OperationModeGet                             text139      0184B0
_CAN1_OperationModeSet                             text138      016B9E
_CAN1_RXI_ISR                                      text193      0160A4
_CAN1_RX_FIFO_Configuration                        text136      017BB4
_CAN1_RX_FIFO_FilterMaskConfiguration              text135      018364
_CAN1_RX_FIFO_ResetInfo                            text134      017C34
_CAN1_ReceiveFrom                                  text188      016EC4
_CAN1_RxBufferOverflowHandler                      bssBANK6     0006E1
_CAN1_SetBusErrorInterruptHandler                  text147      0181CA
_CAN1_SetBusWakeUpActivityInterruptHandler         text146      0181A8
_CAN1_SetFIFO1NotEmptyHandler                      text137      0180DC
_CAN1_SetInvalidMessageInterruptHandler            text145      018186
_CAN1_SetModeChangeInterruptHandler                text144      018164
_CAN1_SetRxBufferOverFlowInterruptHandler          text143      018142
_CAN1_SetSystemErrorInterruptHandler               text142      018120
_CAN1_SetTXQNotFullHandler                         text133      0180BA
_CAN1_SetTxAttemptInterruptHandler                 text141      0180FE
_CAN1_SystemErrorHandler                           bssBANK5     000587
_CAN1_TXI_ISR                                      text194      017650
_CAN1_TXQNotFullHandler                            bssBANK5     000599
_CAN1_TX_FIFO_Configuration                        text132      017308
_CAN1_Transmit                                     text76       016204
_CAN1_TransmitFIFOStatusGet                        text75       0179B0
_CAN1_TxAttemptHandler                             bssBANK5     000584
_CANRXPPS                                          (abs)        00023D
_CLC7_Initialize                                   text130      017B88
_CLC8_Initialize                                   text129      017C0A
_CLCDATA                                           (abs)        0000D4
_CLCSELECT                                         (abs)        0000D5
_CLCnCON                                           (abs)        0000D6
_CLCnGLS0                                          (abs)        0000DC
_CLCnGLS1                                          (abs)        0000DD
_CLCnGLS2                                          (abs)        0000DE
_CLCnGLS3                                          (abs)        0000DF
_CLCnPOL                                           (abs)        0000D7
_CLCnSEL0                                          (abs)        0000D8
_CLCnSEL1                                          (abs)        0000D9
_CLCnSEL2                                          (abs)        0000DA
_CLCnSEL3                                          (abs)        0000DB
_Can1FIFO1NotEmptyHandler                          text181      01308A
_DLC_BYTES                                         mediumconst  00FDCB
_DMA1PR                                            (abs)        0000B6
_DMA1_AI_InterruptHandler                          nvBANK6      00068A
_DMA1_DMAAI_ISR                                    text223      017780
_DMA1_DMAORI_ISR                                   text224      017504
_DMA1_DMASCNTI_ISR                                 text219      0174C0
_DMA1_DefaultInterruptHandler                      text221      01856A
_DMA1_Initialize                                   text125      016C94
_DMA1_ORI_InterruptHandler                         nvBANK6      000687
_DMA1_SCNTI_InterruptHandler                       nvBANK6      00068D
_DMA1_SetAIInterruptHandler                        text128      018098
_DMA1_SetDMAPriority                               text60       018274
_DMA1_SetDestinationSize                           text73       0183FA
_DMA1_SetORIInterruptHandler                       text127      018076
_DMA1_SetSCNTIInterruptHandler                     text126      018054
_DMA1_SetSourceSize                                text72       0183E4
_DMA1_StartTransferWithTrigger                     text71       0184C6
_DMA1_StopTransfer                                 text59       0184BC
_DMASELECT                                         (abs)        0000E8
_DMAnAIRQ                                          (abs)        0000FE
_DMAnCON0                                          (abs)        0000FC
_DMAnCON0bits                                      (abs)        0000FC
_DMAnCON1                                          (abs)        0000FD
_DMAnCON1bits                                      (abs)        0000FD
_DMAnDSA                                           (abs)        0000F0
_DMAnDSZ                                           (abs)        0000EE
_DMAnSIRQ                                          (abs)        0000FF
_DMAnSSA                                           (abs)        0000F9
_DMAnSSZ                                           (abs)        0000F7
_DefaultBusErrorHandler                            text186      01855A
_DefaultBusWakeUpActivityHandler                   text185      018558
_DefaultFIFO1NotEmptyHandler                       text180      018550
_DefaultInvalidMessageHandler                      text184      018556
_DefaultModeChangeHandler                          text183      018554
_DefaultRxBufferOverflowHandler                    text182      018552
_DefaultSystemErrorHandler                         text179      01854E
_DefaultTXQNotFullHandler                          text195      01855C
_DefaultTxAttemptHandler                           text178      01854C
_Default_ISR                                       text197      018528
_DeviceID_Read                                     text153      014BC8
_FM_io                                             text213      014AB0
_GIE                                               (abs)        0026B7
_GetRxFifoDepth                                    text192      018252
_GetRxFifoStatus                                   text191      0182EE
_GetTxFifoStatus                                   text80       0182D0
_INLVLA                                            (abs)        000404
_INLVLB                                            (abs)        00040C
_INLVLC                                            (abs)        000414
_INLVLD                                            (abs)        00041C
_INLVLE                                            (abs)        000424
_INTCON0bits                                       (abs)        0004D6
_INTERRUPT_Initialize                              text124      016DF6
_IOCAF1_DefaultInterruptHandler                    text162      018542
_IOCAF1_ISR                                        text161      017CB2
_IOCAF1_InterruptHandler                           nvBANK6      0006B1
_IOCAF1_SetInterruptHandler                        text122      018032
_IOCAF2_DefaultInterruptHandler                    text159      018540
_IOCAF2_ISR                                        text158      017C88
_IOCAF2_InterruptHandler                           nvBANK6      0006AE
_IOCAF2_SetInterruptHandler                        text121      018010
_IOCAF5_DefaultInterruptHandler                    text156      01853E
_IOCAF5_ISR                                        text155      017C5E
_IOCAF5_InterruptHandler                           nvBANK6      0006AB
_IOCAF5_SetInterruptHandler                        text120      017FEE
_IOCAFbits                                         (abs)        000407
[...]
isa$std                                            (abs)        000001
isa$xinst                                          (abs)        000000
ivt0x8_base                                        ivt0x8       000008
ivt0x8_undefint                                    ivt0x8       000108
lltemp0                                            temp         000501
lltemp1                                            temp         000509
lltemp2                                            temp         000511
lltemp3                                            temp         000519
localtime@tm                                       bssBANK8     000862
ltemp0                                             temp         000501
ltemp1                                             temp         000505
ltemp2                                             temp         000509
main@e_update                                      bssBANK5     0005A9
main@error_save                                    dataBANK6    000672
main@s_update                                      bssBANK5     0005AA
master_controller_work_dcu@spacing                 bssBANK6     0006DD
my_modbus_rx_32@m_data                             bssCOMRAM    000524
spinners@s                                         bssBANK6     0006D2
stackhi                                            (abs)        0036FF
stacklo                                            (abs)        0015F0
start                                              init         00010A
start_initialization                               cinit        013BD4
ttemp0                                             temp         000501
ttemp1                                             temp         000504
ttemp2                                             temp         000507
ttemp3                                             temp         00050A
ttemp5                                             temp         000502
ttemp6                                             temp         000505
ttemp7                                             temp         000509
wtemp0                                             temp         000501
wtemp1                                             temp         000503
wtemp2                                             temp         000505
wtemp3                                             temp         000507
wtemp4                                             temp         000509
wtemp5                                             temp         00050B
wtemp8                                             temp         000502


MODULE INFORMATION

Module		Function		Class		Link	Load	Size
mcc_generated_files/can1.c
		_ReadMessageFromFifo		CODE           	12CF6	0000	916
		_ValidateTransmission		CODE           	1496C	0000	324
		_DefaultTXQNotFullHandler		CODE           	1855C	0000	2
		_DefaultFIFO1NotEmptyHandler		CODE           	18550	0000	2
		_CAN1_BitRateConfiguration		CODE           	17D58	0000	40
		_CAN1_SetTxAttemptInterruptHandler		CODE           	180FE	0000	34
		_Receive       		CODE           	14EEC	0000	260
		_CAN1_SetInvalidMessageInterruptHandler		CODE           	18186	0000	34
		_CAN1_TX_FIFO_Configuration		CODE           	17308	0000	76
		_GetRxFifoDepth		CODE           	18252	0000	34
		_CAN1_ISR      		CODE           	13F44	0000	404
		_DefaultBusErrorHandler		CODE           	1855A	0000	2
		_CAN1_OperationModeGet		CODE           	184B0	0000	12
		_CAN1_Initialize		CODE           	1721C	0000	80
		_DefaultInvalidMessageHandler		CODE           	18556	0000	2
		_CAN1_SetFIFO1NotEmptyHandler		CODE           	180DC	0000	34
		_DefaultBusWakeUpActivityHandler		CODE           	18558	0000	2
		_CAN1_TransmitFIFOStatusGet		CODE           	179B0	0000	50
		_CAN1_Transmit 		CODE           	16204	0000	166
		_CAN1_RX_FIFO_FilterMaskConfiguration		CODE           	18364	0000	28
		_CAN1_RX_FIFO_Configuration		CODE           	17BB4	0000	44
		_CAN1_TXI_ISR  		CODE           	17650	0000	62
		_GetRxFifoStatus		CODE           	182EE	0000	30
		_CAN1_SetBusErrorInterruptHandler		CODE           	181CA	0000	34
		_CAN1_SetSystemErrorInterruptHandler		CODE           	18120	0000	34
		_DefaultSystemErrorHandler		CODE           	1854E	0000	2
		_isTxChannel   		CODE           	1768E	0000	60
		_CAN1_SetTXQNotFullHandler		CODE           	180BA	0000	34
		_GetTxFifoStatus		CODE           	182D0	0000	30
		_WriteMessageToFifo		CODE           	12910	0000	998
		_DefaultRxBufferOverflowHandler		CODE           	18552	0000	2
		_CAN1_ErrorNotificationInterruptEnable		CODE           	16A1A	0000	132
		_CAN1_SetBusWakeUpActivityInterruptHandler		CODE           	181A8	0000	34
		_CAN1_SetRxBufferOverFlowInterruptHandler		CODE           	18142	0000	34
		_CAN1_RX_FIFO_ResetInfo		CODE           	17C34	0000	42
		_CAN1_OperationModeSet		CODE           	16B9E	0000	124
		_CAN1_SetModeChangeInterruptHandler		CODE           	18164	0000	34
		_CAN1_RXI_ISR  		CODE           	160A4	0000	182
		_DefaultTxAttemptHandler		CODE           	1854C	0000	2
		_CAN1_ReceiveFrom		CODE           	16EC4	0000	102
		_DefaultModeChangeHandler		CODE           	18554	0000	2

mcc_generated_files/can1.c estimated size: 4520

mcc_generated_files/uart2.c
		_UART2_DefaultErrorHandler		CODE           	1852E	0000	6
		_UART2_RxDataHandler		CODE           	1830C	0000	30
		_UART2_DefaultOverrunErrorHandler		CODE           	1855E	0000	2
		_putch         		CODE           	18438	0000	14
		_UART2_rx_vect_isr		CODE           	17168	0000	90
		_UART2_Write   		CODE           	1786A	0000	56
		_UART2_SetFramingErrorHandler		CODE           	17F00	0000	34
		_UART2_SetOverrunErrorHandler		CODE           	17EDE	0000	34
		_UART2_tx_vect_isr		CODE           	1710C	0000	90
		_UART2_Receive_ISR		CODE           	162AA	0000	160
		_UART2_SetRxInterruptHandler		CODE           	17EBC	0000	34
		_UART2_SetTxInterruptHandler		CODE           	17E9A	0000	34
		_UART2_Initialize		CODE           	1676A	0000	142
		_UART2_SetErrorHandler		CODE           	17F22	0000	34
		_UART2_Transmit_ISR		CODE           	17CDC	0000	42
		_UART2_DefaultFramingErrorHandler		CODE           	18560	0000	2

mcc_generated_files/uart2.c estimated size: 804

../timers.c
		_timer_ms_tick 		CODE           	1634A	0000	158
		_WaitMs        		CODE           	17D80	0000	38
		_StartTimer    		CODE           	178A2	0000	56
		_delay_ms      		CODE           	18410	0000	20
		_TimerDone     		CODE           	17DA6	0000	38

../timers.c estimated size: 310

mcc_generated_files/tmr6.c
		_TMR6_StartTimer		CODE           	184EC	0000	6
		_TMR6_ISR      		CODE           	173EC	0000	76
		_TMR6_Initialize		CODE           	17B30	0000	44
		_TMR6_Start    		CODE           	184F2	0000	6
		_TMR6_SetInterruptHandler		CODE           	17F44	0000	34
		_TMR6_DefaultInterruptHandler		CODE           	18548	0000	2

mcc_generated_files/tmr6.c estimated size: 168

mcc_generated_files/tmr4.c
		_TMR4_ISR      		CODE           	16F2C	0000	100
		_TMR4_Initialize		CODE           	17AD4	0000	46
		_TMR4_Start    		CODE           	18510	0000	6
		_TMR4_SetInterruptHandler		CODE           	17F88	0000	34
		_TMR4_DefaultInterruptHandler		CODE           	18568	0000	2
		_TMR4_StartTimer		CODE           	1850A	0000	6

mcc_generated_files/tmr4.c estimated size: 194

/opt/microchip/xc8/v2.50/pic/sources/c99/common/memset.c
		_memset        		CODE           	16994	0000	134

/opt/microchip/xc8/v2.50/pic/sources/c99/common/memset.c estimated size: 134

/opt/microchip/xc8/v2.50/pic/sources/c99/common/nf_snprintf.c
		_snprintf      		CODE           	13D90	0000	434

/opt/microchip/xc8/v2.50/pic/sources/c99/common/nf_snprintf.c estimated size: 434

mcc_generated_files/tmr2.c
		_TMR2_ISR      		CODE           	173A0	0000	76
		_TMR2_Initialize		CODE           	17B5C	0000	44
		_TMR2_Start    		CODE           	1851C	0000	6
		_TMR2_SetInterruptHandler		CODE           	17FAA	0000	34
		_TMR2_DefaultInterruptHandler		CODE           	18546	0000	2
		_TMR2_StartTimer		CODE           	18516	0000	6

mcc_generated_files/tmr2.c estimated size: 168

mcc_generated_files/interrupt_manager.c
		_INTERRUPT_Initialize		CODE           	16DF6	0000	104
		_Default_ISR   		CODE           	18528	0000	6

mcc_generated_files/interrupt_manager.c estimated size: 110

/opt/microchip/xc8/v2.50/pic/sources/c99/common/nf_fputc.c
		_fputc         		CODE           	151F2	0000	254

/opt/microchip/xc8/v2.50/pic/sources/c99/common/nf_fputc.c estimated size: 254

/opt/microchip/xc8/v2.50/pic/sources/c99/common/abs.c
		_abs           		CODE           	17A46	0000	48

/opt/microchip/xc8/v2.50/pic/sources/c99/common/abs.c estimated size: 48

mcc_generated_files/tmr0.c
		_TMR0_SetInterruptHandler		CODE           	17FCC	0000	34
		_TMR0_DefaultInterruptHandler		CODE           	18544	0000	2
		_TMR0_StartTimer		CODE           	18522	0000	6
		_TMR0_ISR      		CODE           	17354	0000	76
		_TMR0_Initialize		CODE           	17D30	0000	40

mcc_generated_files/tmr0.c estimated size: 158

mxcmd.c
		_calc_checksum 		CODE           	15E76	0000	188
		_onesec_io     		CODE           	1747C	0000	68
		_FM_io         		CODE           	14AB0	0000	280
		_tensec_io     		CODE           	17050	0000	96

mxcmd.c estimated size: 632

mcc_generated_files/clc8.c
		_CLC8_Initialize		CODE           	17C0A	0000	42

mcc_generated_files/clc8.c estimated size: 42

/opt/microchip/xc8/v2.50/pic/sources/c99/common/doprnt.c
		_read_prec_or_width		CODE           	14CD6	0000	268
		_vfpfcnvrt     		CODE           	12356	0000	1466
		_pad           		CODE           	158FC	0000	210
		_dtoa          		CODE           	135C2	0000	538
		_vfprintf      		CODE           	166DA	0000	144
		_stoa          		CODE           	133A4	0000	542
		_utoa          		CODE           	14558	0000	368
		_xtoa          		CODE           	143E8	0000	368

/opt/microchip/xc8/v2.50/pic/sources/c99/common/doprnt.c estimated size: 3904

mcc_generated_files/pin_manager.c
		_IOCAF5_SetInterruptHandler		CODE           	17FEE	0000	34
		_PIN_MANAGER_Initialize		CODE           	154C2	0000	222
		_IOCAF1_DefaultInterruptHandler		CODE           	18542	0000	2
		_IOCAF1_ISR    		CODE           	17CB2	0000	42
		_IOCAF2_DefaultInterruptHandler		CODE           	18540	0000	2
		_IOCAF5_DefaultInterruptHandler		CODE           	1853E	0000	2
		_IOCAF2_ISR    		CODE           	17C88	0000	42
		_IOCAF1_SetInterruptHandler		CODE           	18032	0000	34
		_IOCAF5_ISR    		CODE           	17C5E	0000	42
		_PIN_MANAGER_IOC		CODE           	179E4	0000	50
		_IOCAF2_SetInterruptHandler		CODE           	18010	0000	34

mcc_generated_files/pin_manager.c estimated size: 506

/opt/microchip/xc8/v2.50/pic/sources/c99/common/localtime.c
		_localtime     		CODE           	18348	0000	28

/opt/microchip/xc8/v2.50/pic/sources/c99/common/localtime.c estimated size: 28

../canfd.c
		_can_setup     		CODE           	16B22	0000	124
		_TXQNotFullHandler		CODE           	17DCC	0000	36
		_Can1FIFO1NotEmptyHandler		CODE           	1308A	0000	794
		_can_fd_lcd_mirror		CODE           	14262	0000	390

../canfd.c estimated size: 1344

../eadog.c
		_clear_lcd_done		CODE           	165B4	0000	148
		_init_display  		CODE           	153DA	0000	232
		_eaDogM_Scroll_String		CODE           	163E8	0000	156
		_send_lcd_cmd_dma		CODE           	183CE	0000	22
		_send_lcd_pos_dma		CODE           	16C1A	0000	122
		_send_lcd_data_dma		CODE           	16648	0000	146
		_wait_lcd_set  		CODE           	184FE	0000	6
		_eaDogM_WriteStringAtPos		CODE           	15F32	0000	186
		_wait_lcd_done 		CODE           	15CF4	0000	198
		_spi_byte      		CODE           	177F6	0000	58
		_start_lcd     		CODE           	18504	0000	6
		_eaDogM_WriteString		CODE           	15FEC	0000	184
		_eaDogM_Scroll_Task		CODE           	1758C	0000	66

../eadog.c estimated size: 1530

mcc_generated_files/spi1.c
		_SPI1_Initialize		CODE           	1839C	0000	26

mcc_generated_files/spi1.c estimated size: 26

/opt/microchip/xc8/v2.50/pic/sources/c99/common/atoi.c
		_atoi          		CODE           	14824	0000	328

/opt/microchip/xc8/v2.50/pic/sources/c99/common/atoi.c estimated size: 328

mcc_generated_files/adc.c
		_ADC_ADCH1_ISR 		CODE           	17744	0000	60
		_ADC_ADI_ISR   		CODE           	176CC	0000	60
		_ADC_Initialize		CODE           	16A9E	0000	132
		_ADC_DefaultActiveClockTuning_ISR		CODE           	18564	0000	2
		_ADC_ACTI_ISR  		CODE           	17708	0000	60
		_ADC_DefaultADI_ISR		CODE           	18562	0000	2
		_ADC_SetActiveClockTuningInterruptHandler		CODE           	1820E	0000	34
		_ADC_SetADIInterruptHandler		CODE           	18230	0000	34
		_ADC_DefaultContext1Threshold_ISR		CODE           	18566	0000	2
		_ADC_SetContext1ThresholdInterruptHandler		CODE           	181EC	0000	34

mcc_generated_files/adc.c estimated size: 420

mcc_generated_files/uart5.c
		_UART5_SetOverrunErrorHandler		CODE           	17E34	0000	34
		_UART5_tx_vect_isr		CODE           	17830	0000	58
		_UART5_Receive_ISR		CODE           	16484	0000	156
		_UART5_SetRxInterruptHandler		CODE           	17E12	0000	34
		_UART5_SetTxInterruptHandler		CODE           	17DF0	0000	34
		_UART5_Initialize		CODE           	167F8	0000	140
		_UART5_SetErrorHandler		CODE           	17E78	0000	34
		_UART5_Transmit_ISR		CODE           	17D06	0000	42
		_UART5_DefaultFramingErrorHandler		CODE           	1856E	0000	2
		_UART5_DefaultErrorHandler		CODE           	18534	0000	6
		_UART5_RxDataHandler		CODE           	1832A	0000	30
		_UART5_DefaultOverrunErrorHandler		CODE           	1856C	0000	2
		_UART5_rx_vect_isr		CODE           	175D0	0000	66
		_UART5_Write   		CODE           	178DA	0000	56
		_UART5_SetFramingErrorHandler		CODE           	17E56	0000	34

mcc_generated_files/uart5.c estimated size: 728

mcc_generated_files/dma1.c
		_DMA1_Initialize		CODE           	16C94	0000	122
		_DMA1_SetAIInterruptHandler		CODE           	18098	0000	34
		_DMA1_StartTransferWithTrigger		CODE           	184C6	0000	8
		_DMA1_SetSCNTIInterruptHandler		CODE           	18054	0000	34
		_DMA1_DMAAI_ISR		CODE           	17780	0000	60
		_DMA1_SetSourceSize		CODE           	183E4	0000	22
		_DMA1_StopTransfer		CODE           	184BC	0000	10
		_DMA1_DMAORI_ISR		CODE           	17504	0000	68
		_DMA1_DefaultInterruptHandler		CODE           	1856A	0000	2
		_DMA1_SetDMAPriority		CODE           	18274	0000	32
		_DMA1_SetDestinationSize		CODE           	183FA	0000	22
		_DMA1_DMASCNTI_ISR		CODE           	174C0	0000	68
		_DMA1_SetORIInterruptHandler		CODE           	18076	0000	34

mcc_generated_files/dma1.c estimated size: 516

/opt/microchip/xc8/v2.50/pic/sources/c99/common/__lldiv.c
		___lldiv       		CODE           	14FF0	0000	258

/opt/microchip/xc8/v2.50/pic/sources/c99/common/__lldiv.c estimated size: 258

/opt/microchip/xc8/v2.50/pic/sources/c99/common/lwmod.c
		___lwmod       		CODE           	15DBA	0000	188

/opt/microchip/xc8/v2.50/pic/sources/c99/common/lwmod.c estimated size: 188

/opt/microchip/xc8/v2.50/pic/sources/c99/common/memcpy.c
		_memcpy        		CODE           	15752	0000	214

/opt/microchip/xc8/v2.50/pic/sources/c99/common/memcpy.c estimated size: 214

mcc_generated_files/uart1.c
		_UART1_Write   		CODE           	1847E	0000	14
		_UART1_SetFramingErrorHandler		CODE           	184D6	0000	8
		_UART1_SetOverrunErrorHandler		CODE           	184CE	0000	8
		_UART1_Initialize		CODE           	170B0	0000	92
		_UART1_SetErrorHandler		CODE           	184DE	0000	8

mcc_generated_files/uart1.c estimated size: 130

/opt/microchip/xc8/v2.50/pic/sources/c99/common/llmod.c
		___llmod       		CODE           	1567C	0000	214

/opt/microchip/xc8/v2.50/pic/sources/c99/common/llmod.c estimated size: 214

/opt/microchip/xc8/v2.50/pic/sources/c99/common/almod.c
		___almod       		CODE           	146C8	0000	348

/opt/microchip/xc8/v2.50/pic/sources/c99/common/almod.c estimated size: 348

mcc_generated_files/tmr5.c
		_TMR5_ISR      		CODE           	171C4	0000	88
		_TMR5_Initialize		CODE           	17438	0000	68
		_TMR5_SetInterruptHandler		CODE           	17F66	0000	34
		_TMR5_DefaultInterruptHandler		CODE           	1854A	0000	2
		_TMR5_WriteTimer		CODE           	17612	0000	62
		_TMR5_StartTimer		CODE           	184F8	0000	6

mcc_generated_files/tmr5.c estimated size: 260

../modbus_master.c
		_dcu_buffer_len		CODE           	16520	0000	148
		_master_controller_work_dcu		CODE           	11B68	0000	2030
		_modbus_read_dcu_check		CODE           	112CC	0000	2204
		_mb_setup      		CODE           	1797E	0000	50
		_get_500hz     		CODE           	17A16	0000	48
		_get_500ahz    		CODE           	17A76	0000	48
		_dcu_chk_buffer		CODE           	15828	0000	212
		_modbus_dcu_send_msg		CODE           	139DC	0000	504
		_my_modbus_rx_32		CODE           	17548	0000	68
		_serial_trmt   		CODE           	184E6	0000	6
		_dcu_param_num 		CODE           	15B66	0000	200
		_log_crc_error 		CODE           	1794A	0000	52
		_timer_500ms_tick		CODE           	17B02	0000	46
		_dcu_crc_a     		CODE           	16FF0	0000	96
		_dcu_crc_r     		CODE           	16F90	0000	96
		_clear_2hz     		CODE           	184A4	0000	12
		_init_mb_master_timers		CODE           	17BE0	0000	42
		_timer_2ms_tick		CODE           	177BC	0000	58
		_clear_500hz   		CODE           	1848C	0000	12
		_half_dup_rx   		CODE           	182B2	0000	30
		_half_dup_tx   		CODE           	18294	0000	30
		_clear_500ahz  		CODE           	18498	0000	12

../modbus_master.c estimated size: 6004

shared
		_DLC_BYTES     		MEDIUMCONST    	FDCB	0000	16
		___secs_to_tm@days_in_month		MEDIUMCONST    	FDDB	0000	12
		_sw_contact_types		MEDIUMCONST    	FDE7	0000	3
		__initialization		CODE           	13BD4	0000	438
		_build_version 		MEDIUMCONST    	FE62	0000	19
		_spin          		MEDIUMCONST    	FDEA	0000	120

shared estimated size: 608

/opt/microchip/xc8/v2.50/pic/sources/c99/common/__secs_to_tm.c
		___secs_to_tm  		CODE           	10000	0000	2522

/opt/microchip/xc8/v2.50/pic/sources/c99/common/__secs_to_tm.c estimated size: 2522

mcc_generated_files/mcc.c
		_SystemArbiter_Initialize		CODE           	18446	0000	14
		_PMD_Initialize		CODE           	183B6	0000	24
		_OSCILLATOR_Initialize		CODE           	18424	0000	20
		_SYSTEM_Initialize		CODE           	172BA	0000	78

mcc_generated_files/mcc.c estimated size: 136

/opt/microchip/xc8/v2.50/pic/sources/c99/common/Umul32.c
		___lmul        		CODE           	15C2E	0000	198

/opt/microchip/xc8/v2.50/pic/sources/c99/common/Umul32.c estimated size: 198

../dio.c
		_aswitch       		CODE           	18454	0000	14
		_button_press_check		CODE           	14DE2	0000	266
		_lswitch       		CODE           	18462	0000	14
		_mswitch       		CODE           	18470	0000	14
		_get_d_switch  		CODE           	17912	0000	56
		_init_all_switch		CODE           	159CE	0000	204

../dio.c estimated size: 568

/opt/microchip/xc8/v2.50/pic/sources/c99/common/nf_fputs.c
		_fputs         		CODE           	1690E	0000	134

/opt/microchip/xc8/v2.50/pic/sources/c99/common/nf_fputs.c estimated size: 134

/opt/microchip/xc8/v2.50/pic/sources/c99/common/gmtime_r.c
		___gmtime_r    		CODE           	1615A	0000	170

/opt/microchip/xc8/v2.50/pic/sources/c99/common/gmtime_r.c estimated size: 170

mcc_generated_files/clc7.c
		_CLC7_Initialize		CODE           	17B88	0000	44

mcc_generated_files/clc7.c estimated size: 44

/opt/microchip/xc8/v2.50/pic/sources/c99/common/strlen.c
		_strlen        		CODE           	16884	0000	138

/opt/microchip/xc8/v2.50/pic/sources/c99/common/strlen.c estimated size: 138

/opt/microchip/xc8/v2.50/pic/sources/c99/common/lwdiv.c
		___lwdiv       		CODE           	152F0	0000	234

/opt/microchip/xc8/v2.50/pic/sources/c99/common/lwdiv.c estimated size: 234

main.c
		_DeviceID_Read 		CODE           	14BC8	0000	270
		_main          		CODE           	109DA	0000	2290
		_wdtdelay      		CODE           	16E5E	0000	102
		_volt_f        		CODE           	1726C	0000	78
		_spinners      		CODE           	155A0	0000	220

main.c estimated size: 2960

/opt/microchip/xc8/v2.50/pic/sources/c99/common/aldiv.c
		___aldiv       		CODE           	140D8	0000	394

/opt/microchip/xc8/v2.50/pic/sources/c99/common/aldiv.c estimated size: 394

