Microchip MPLAB XC8 Compiler V2.46

Linker command line:

-W-3 \
  --edf=/root/.mchp_packs/Microchip/PIC18F-Q_DFP/1.25.433/xc8/pic/dat/20240223164052_en.msgs \
  -pivt0x8=08h -cn -h+dist/default/production/dcuQ84.X.production.sym \
  --cmf=dist/default/production/dcuQ84.X.production.cmf -z -Q18F47Q84 \
  -o/tmp/xcXkFFMlK/driver_tmp_3.o --defsym=__MPLAB_BUILD=1 \
  --fixupoverflow=error -Mdist/default/production/dcuQ84.X.production.map \
  --md=/tmp/xcXkFFMlK/driver_tmp_0.dat -E1 -ver=XC8 Compiler --acfsm=1493 \
  -ASTACK=01700h-036FFh -pstack=STACK -ACODE=00h-01FFFFh \
  -ACONST=00h-01FFFFh -ASMALLCONST=03700h-037FFhx457 \
  -AMEDIUMCONST=03700h-0FFFFh,013700h-01FFFFh -ACOMRAM=0501h-055Fh \
  -AABS1=0500h-036FFh -ABIGRAM=0501h-036FFh \
  -ARAM=0560h-05FFh,0600h-06FFhx49 -ABANK5=0560h-05FFh -ABANK6=0600h-06FFh \
  -ABANK7=0700h-07FFh -ABANK8=0800h-08FFh -ABANK9=0900h-09FFh \
  -ABANK10=0A00h-0AFFh -ABANK11=0B00h-0BFFh -ABANK12=0C00h-0CFFh \
  -ABANK13=0D00h-0DFFh -ABANK14=0E00h-0EFFh -ABANK15=0F00h-0FFFh \
  -ABANK16=01000h-010FFh -ABANK17=01100h-011FFh -ABANK18=01200h-012FFh \
  -ABANK19=01300h-013FFh -ABANK20=01400h-014FFh -ABANK21=01500h-015FFh \
  -ABANK22=01600h-016FFh -ABANK23=01700h-017FFh -ABANK24=01800h-018FFh \
  -ABANK25=01900h-019FFh -ABANK26=01A00h-01AFFh -ABANK27=01B00h-01BFFh \
  -ABANK28=01C00h-01CFFh -ABANK29=01D00h-01DFFh -ABANK30=01E00h-01EFFh \
  -ABANK31=01F00h-01FFFh -ABANK32=02000h-020FFh -ABANK33=02100h-021FFh \
  -ABANK34=02200h-022FFh -ABANK35=02300h-023FFh -ABANK36=02400h-024FFh \
  -ABANK37=02500h-025FFh -ABANK38=02600h-026FFh -ABANK39=02700h-027FFh \
  -ABANK40=02800h-028FFh -ABANK41=02900h-029FFh -ABANK42=02A00h-02AFFh \
  -ABANK43=02B00h-02BFFh -ABANK44=02C00h-02CFFh -ABANK45=02D00h-02DFFh \
  -ABANK46=02E00h-02EFFh -ABANK47=02F00h-02FFFh -ABANK48=03000h-030FFh \
  -ABANK49=03100h-031FFh -ABANK50=03200h-032FFh -ABANK51=03300h-033FFh \
  -ABANK52=03400h-034FFh -ABANK53=03500h-035FFh -ABANK54=03600h-036FFh \
  -ASFR=00h-0FFhx4,0400h-045Fh,0460h-04FFh,03700h-037FFhx9 \
  -ABIGSFR=00h-04FFh,03700h-03FFFh -ACONFIG=0300000h-0300023h \
  -AIDLOC=0200000h-020003Fh -AEEDATA=0380000h-03803FFh -peeprom_data=EEDATA \
  -preset_vec=00h -ppowerup=CODE,init -pramtop=03700h \
  -psmallconst=SMALLCONST -pmediumconst=MEDIUMCONST -pconst=CONST \
  -AFARRAM=00h-00h \
  -prdata=COMRAM,nvrram=COMRAM,nvbit=COMRAM,rbss=COMRAM,rbit=COMRAM \
  -pfarbss=FARRAM,fardata=FARRAM,nvFARRAM=FARRAM \
  -pintsave_regs=BIGRAM,bigbss=BIGRAM,bigdata=BIGRAM -pbss=RAM \
  -pidata=CODE,irdata=CODE,ibigdata=CODE,ifardata=CODE -prparam=COMRAM \
  /tmp/xcXkFFMlK/driver_tmp_14.o \
  dist/default/production/dcuQ84.X.production.o 

Object code version is 3.11

Machine type is 18F47Q84



                Name                               Link     Load   Length Selector   Space Scale
/tmp/xcXkFFMlK/driver_tmp_14.o
                stack                              1700     1700     2000     1700       2
                idloc                            200000   200000       40        0       5
                config                           300000   300000       23        0       4
                init                                10A      10A        8        4       0
                reset_vec                             0        0        4        0       0
dist/default/production/dcuQ84.X.production.o
                idloc                            200000   200000       40        0       5
                config                           300000   300000       23        0       4
                temp                                501      501       20      501       1
                mediumconst                        FA46     FA46      5BA     7D23       0
                ivt0x8                                8        8      102        4       0
                text252                           1B30C    1B30C       20     6997       0
                text251                           1B594    1B594        6     D9A6       0
                text250                           1B5CE    1B5CE        2     D9A6       0
                text249                           1B5CC    1B5CC        2     D9A6       0
                text248                           1A458    1A458       44     D0C8       0
                text247                           19310    19310       9C     8000       0
                text246                           1A520    1A520       42     D0C8       0
                text245                           1AD5E    1AD5E       2A     6997       0
                text244                           1A7C0    1A7C0       3A     6997       0
                text243                           1A414    1A414       44     D0C8       0
                text242                           1A710    1A710       3C     6997       0
                text241                           193AC    193AC       94     8000       0
                text240                           1B5CA    1B5CA        2     D9A6       0
                text239                           1A786    1A786       3A     6997       0
                text238                           1A3D0    1A3D0       44     D0C8       0
                text237                           1B4DE    1B4DE        E     D9A6       0
                text236                           1A8A2    1A8A2       38     6997       0
                text235                           17DE6    17DE6      10A     8000       0
                text234                           191D6    191D6       9E     8000       0
                text233                           1B5C8    1B5C8        2     D9A6       0
                text232                           179A8    179A8      118     8000       0
                text231                           19E1C    19E1C       64     8000       0
                text230                           1B5C6    1B5C6        2     D9A6       0
                text229                           1A6D4    1A6D4       3C     6997       0
                text228                           1B5C4    1B5C4        2     D9A6       0
                text227                           1A698    1A698       3C     6997       0
                text226                           1B5C2    1B5C2        2     D9A6       0
                text225                           1A65C    1A65C       3C     6997       0
                text224                           1B2EC    1B2EC       20     6997       0
                text223                           1B58E    1B58E        6     D9A6       0
                text222                           1B5C0    1B5C0        2     D9A6       0
                text221                           1B5BE    1B5BE        2     D9A6       0
                text220                           19136    19136       A0     8000       0
                text219                           19F9C    19F9C       5A     67E7       0
                text218                           1AD34    1AD34       2A     6997       0
                text217                           19F40    19F40       5A     67D0       0
                text216                           1B588    1B588        6     D9A6       0
                text215                           1AE24    1AE24       24     6997       0
                text214                           1B5BC    1B5BC        2     D9A6       0
                text213                           1A5E0    1A5E0       3E     D0C8       0
                text212                           18F30    18F30       B6     8000       0
                text211                           1B2AA    1B2AA       22     6997       0
                text210                           1B3A6    1B3A6       1E     D9A6       0
                text209                           1485C    1485C      394     8000       0
                text208                           17EF0    17EF0      104     8000       0
                text207                           19DB6    19DB6       66     8000       0
                text206                           18D02    18D02       BC     8000       0
                text205                           16838    16838      1A4     8000       0
                text204                           1B5BA    1B5BA        2     D9A6       0
                text203                           1B5B8    1B5B8        2     D9A6       0
                text202                           1B5B6    1B5B6        2     D9A6       0
                text201                           1B5B4    1B5B4        2     D9A6       0
                text200                           1B5B2    1B5B2        2     D9A6       0
                text199                           14BF0    14BF0      374     8000       0
                text198                           1B5B0    1B5B0        2     D9A6       0
                text197                           1B5AE    1B5AE        2     D9A6       0
                text196                           1B5AC    1B5AC        2     D9A6       0
                text195                           16D04    16D04      194     8000       0
                text194                           1A5A2    1A5A2       3E     D0C8       0
                text193                           1AB2E    1AB2E       2E     6997       0
                text192                           1B5AA    1B5AA        2     D9A6       0
                text191                           19FF8    19FF8       58     67FE       0
                text190                           1A74C    1A74C       3A     6997       0
                text189                           1B5A8    1B5A8        2     D9A6       0
                text188                           1A274    1A274       4C     D0C8       0
                text187                           19E80    19E80       60     8000       0
                text186                           1B5A6    1B5A6        2     D9A6       0
                text185                           1A228    1A228       4C     D0C8       0
                text184                           1A38C    1A38C       44     D0C8       0
                text183                           1B5A4    1B5A4        2     D9A6       0
                text182                           1A1DC    1A1DC       4C     D0C8       0
                text181                           1B4D0    1B4D0        E     D9A6       0
                text180                           1B5A2    1B5A2        2     D9A6       0
                text179                           1AD0A    1AD0A       2A     6997       0
                text178                           1B4C2    1B4C2        E     D9A6       0
                text177                           1B5A0    1B5A0        2     D9A6       0
                text176                           1ACE0    1ACE0       2A     6997       0
                text175                           1B4B4    1B4B4        E     D9A6       0
                text174                           1B59E    1B59E        2     D9A6       0
                text173                           1ACB6    1ACB6       2A     6997       0
                text172                           1AA10    1AA10       32     6997       0
                text171                           17AC0    17AC0      10E     8000       0
                text170                           1B288    1B288       22     6997       0
                text169                           1B266    1B266       22     6997       0
                text168                           1B244    1B244       22     6997       0
                text167                           19924    19924       84     8000       0
                text166                           1ADB0    1ADB0       28     6997       0
                text165                           1B222    1B222       22     6997       0
                text164                           1B200    1B200       22     6997       0
                text163                           1B1DE    1B1DE       22     6997       0
                text162                           1B1BC    1B1BC       22     6997       0
                text161                           1B19A    1B19A       22     6997       0
                text160                           1B178    1B178       22     6997       0
                text159                           1B156    1B156       22     6997       0
                text158                           198A0    198A0       84     8000       0
                text157                           1B510    1B510        C     D9A6       0
                text156                           19AA6    19AA6       7C     8000       0
                text155                           1B134    1B134       22     6997       0
                text154                           1AC0C    1AC0C       2C     6997       0
                text153                           1B3E0    1B3E0       1C     D9A6       0
                text152                           1AC8C    1AC8C       2A     6997       0
                text151                           1B112    1B112       22     6997       0
                text150                           1A190    1A190       4C     D0C8       0
                text149                           1A0A4    1A0A4       50     67FE       0
                text148                           1ABE0    1ABE0       2C     6997       0
                text147                           1AC62    1AC62       2A     6997       0
                text146                           1B0F0    1B0F0       22     6997       0
                text145                           1B0CE    1B0CE       22     6997       0
                text144                           1B0AC    1B0AC       22     6997       0
                text143                           19B9C    19B9C       7A     8000       0
                text142                           19CE8    19CE8       68     8000       0
                text141                           1B484    1B484       14     D9A6       0
                text140                           1B08A    1B08A       22     6997       0
                text139                           1B068    1B068       22     6997       0
                text138                           1B046    1B046       22     6997       0
                text137                           185B6    185B6       DE     8000       0
                text136                           1B416    1B416       18     D9A6       0
                text135                           1B3FC    1B3FC       1A     D9A6       0
                text134                           1B4A6    1B4A6        E     D9A6       0
                text133                           1B024    1B024       22     6997       0
                text132                           1AD88    1AD88       28     6997       0
                text131                           1B002    1B002       22     6997       0
                text130                           1ABB4    1ABB4       2C     6997       0
                text129                           1AFE0    1AFE0       22     6997       0
                text128                           1AB00    1AB00       2E     6997       0
                text127                           1AFBE    1AFBE       22     6997       0
                text126                           1A348    1A348       44     D0C8       0
                text125                           1AF9C    1AF9C       22     6997       0
                text124                           1AB88    1AB88       2C     6997       0
                text123                           1B53E    1B53E        8     D9A6       0
                text122                           1B536    1B536        8     D9A6       0
                text121                           1B52E    1B52E        8     D9A6       0
                text120                           19EE0    19EE0       5E     8000       0
                text119                           1AF7A    1AF7A       22     6997       0
                text118                           1AF58    1AF58       22     6997       0
                text117                           1AF36    1AF36       22     6997       0
                text116                           1AF14    1AF14       22     6997       0
                text115                           1AEF2    1AEF2       22     6997       0
                text114                           19562    19562       90     8000       0
                text113                           1AED0    1AED0       22     6997       0
                text112                           1AEAE    1AEAE       22     6997       0
                text111                           1AE8C    1AE8C       22     6997       0
                text110                           1AE6A    1AE6A       22     6997       0
                text109                           1AE48    1AE48       22     6997       0
                text108                           1967E    1967E       8C     8000       0
                text107                           1A0F4    1A0F4       4E     67FE       0
                text106                           1B582    1B582        6     D9A6       0
                text105                           1B57C    1B57C        6     D9A6       0
                text104                           1B576    1B576        6     D9A6       0
                text103                           1B570    1B570        6     D9A6       0
                text102                           1B56A    1B56A        6     D9A6       0
                text101                           16114    16114      1DA     8000       0
                text100                           19A2A    19A2A       7C     8000       0
                text99                            182F4    182F4       EE     8000       0
                text98                            19274    19274       9C     8000       0
                text97                            1B388    1B388       1E     D9A6       0
                text96                            17864    17864      144     8000       0
                text95                            14476    14476      3E6     8000       0
                text94                            1A61E    1A61E       3C     D0C8       0
                text93                            19090    19090       A6     8000       0
                text92                            1A9DE    1A9DE       32     6997       0
                text91                            17022    17022      186     8000       0
                text90                            1B45A    1B45A       16     D9A6       0
                text89                            1B444    1B444       16     D9A6       0
                text88                            1B526    1B526        8     D9A6       0
                text87                            1B564    1B564        6     D9A6       0
                text86                            1970A    1970A       8A     8000       0
                text85                            18B78    18B78       C6     8000       0
                text84                            1B55E    1B55E        6     D9A6       0
                text83                            18E78    18E78       B8     8000       0
                text82                            19B22    19B22       7A     8000       0
                text81                            19D50    19D50       66     8000       0
                text80                            18DBE    18DBE       BA     8000       0
                text79                            1A4DE    1A4DE       42     D0C8       0
                text78                            189E6    189E6       CC     8000       0
                text77                            1B2CC    1B2CC       20     6997       0
                text76                            1B51C    1B51C        A     D9A6       0
                text75                            1981A    1981A       86     8000       0
                text74                            19440    19440       92     8000       0
                text73                            1B42E    1B42E       16     D9A6       0
                text72                            184CE    184CE       E8     8000       0
                text71                            1B558    1B558        6     D9A6       0
                text70                            1B552    1B552        6     D9A6       0
                text69                            1B54C    1B54C        6     D9A6       0
                text68                            1AC38    1AC38       2A     6997       0
                text67                            1AB5C    1AB5C       2C     6997       0
                text66                            183E2    183E2       EC     8000       0
                text65                            16E98    16E98      18A     8000       0
                text64                            17312    17312      15C     8000       0
                text63                            17FF4    17FF4      102     8000       0
                text62                            1876C    1876C       D6     8000       0
                text61                            18AB2    18AB2       C6     8000       0
                text60                            1182C    1182C      9DA     8000       0
                text59                            18FE6    18FE6       AA     8000       0
                text58                            1B3C4    1B3C4       1C     D9A6       0
                text57                            12206    12206      782     8000       0
                text56                            13826    13826      72E     8000       0
                text55                            1A910    1A910       36     6997       0
                text54                            171A8    171A8      16A     8000       0
                text53                            1A86A    1A86A       38     6997       0
                text52                            1B504    1B504        C     D9A6       0
                text51                            1B4F8    1B4F8        C     D9A6       0
                text50                            1B4EC    1B4EC        C     D9A6       0
                text49                            1AAA2    1AAA2       30     6997       0
                text48                            1A832    1A832       38     6997       0
                text47                            1ADFE    1ADFE       26     6997       0
                text46                            1ADD8    1ADD8       26     6997       0
                text45                            1B470    1B470       14     D9A6       0
                text44                            1B36A    1B36A       1E     D9A6       0
                text43                            1B34C    1B34C       1E     D9A6       0
                text42                            17CDA    17CDA      10C     8000       0
                text41                            195F2    195F2       8C     8000       0
                text40                            19C80    19C80       68     8000       0
                text39                            18914    18914       D2     8000       0
                text38                            1A9AC    1A9AC       32     6997       0
                text37                            1582E    1582E      262     8000       0
                text36                            1A49C    1A49C       42     D0C8       0
                text35                            1A8DA    1A8DA       36     6997       0
                text34                            1AA72    1AA72       30     6997       0
                text33                            1A946    1A946       34     6997       0
                text32                            15592    15592      29C     8000       0
                text31                            14F64    14F64      348     8000       0
                text30                            18694    18694       D8     8000       0
                text29                            1A304    1A304       44     D0C8       0
                text28                            162EE    162EE      1D8     8000       0
                text27                            1B546    1B546        6     D9A6       0
                text26                            10DEC    10DEC      A40     8000       0
                text25                            1A97A    1A97A       32     6997       0
                text24                            1AA42    1AA42       30     6997       0
                text23                            1A7FA    1A7FA       38     6997       0
                text22                            1B498    1B498        E     D9A6       0
                text21                            181F6    181F6       FE     8000       0
                text20                            19794    19794       86     8000       0
                text19                            18842    18842       D2     8000       0
                text18                            15CD6    15CD6      23E     8000       0
                text17                            13F54    13F54      522     8000       0
                text16                            18C3E    18C3E       C4     8000       0
                text15                            175C2    175C2      152     8000       0
                text14                            1A562    1A562       40     D0C8       0
                text13                            17714    17714      150     8000       0
                text12                            1746E    1746E      154     8000       0
                text11                            152AC    152AC      2E6     8000       0
                text10                            1A050    1A050       54     67FE       0
                text9                             199A8    199A8       82     8000       0
                text8                             10000    10000      DEC     8000       0
                text7                             17BCE    17BCE      10C     8000       0
                text6                             15A90    15A90      246     8000       0
                text5                             16B70    16B70      194     8000       0
                text4                             169DC    169DC      194     8000       0
                text3                             12988    12988      762     8000       0
                text2                             194D2    194D2       90     8000       0
                text1                             16686    16686      1B2     8000       0
                text0                             130EA    130EA      73C     8000       0
                cstackCOMRAM                        538      538       12      501       1
                cstackBANK5                         5C8      5C8       1D      560       1
                cstackBANK6                         6FE      6FE        2      600       1
                cstackBANK8                         8F0      8F0        9      800       1
                cstackBANK9                         9F2      9F2        8      900       1
                cstackBANK10                        AED      AED        8      A00       1
                cstackBANK11                        BF0      BF0        8      B00       1
                cstackBANK12                        CC2      CC2        8      C00       1
                dataBIGRAM                         1500     1500      200     1100       1
                bssBIGRAM                          1100     1100      400     1100       1
                dataBANK16                         1000     1000      100     1000       1
                bssBANK15                           F00      F00       44      F00       1
                bssBANK14                           E00      E00       F0      E00       1
                bssBANK13                           D00      D00       C2      D00       1
                bssBANK12                           C00      C00       C2      C00       1
                bssBANK11                           B00      B00       F0      B00       1
                dataBANK10                          AA9      AA9       44      A00       1
                bssBANK10                           A00      A00       A9      A00       1
                dataBANK9                           9C4      9C4       2E      900       1
                bssBANK9                            900      900       C4      900       1
                bssBANK8                            800      800       F0      800       1
                dataBANK7                           771      771       4D      700       1
                bssBANK7                            700      700       71      700       1
                dataBANK6                           68E      68E       6A      600       1
                bssBANK6                            600      600       8E      600       1
                dataBANK5                           5A9      5A9       1F      560       1
                bssBANK5                            560      560       49      560       1
                dataCOMRAM                          54A      54A        4      501       1
                bssCOMRAM                           521      521       17      501       1
                cinit                             164C6    164C6      1C0     8000       0
                nvBANK7                             7BE      7BE       42      700       1
                nvBANK6                             6F8      6F8        6      600       1
                idataBANK16                       180F6    180F6      100     8000       0
                idataBANK10                       1A2C0    1A2C0       44     D0C8       0
                idataBANK9                        1AAD2    1AAD2       2E     6997       0
                idataBANK7                        1A142    1A142       4D     67FE       0
                idataBANK6                        19C16    19C16       6A     8000       0
                idataBANK5                        1B32C    1B32C       1F     6997       0
                idataBIGRAM                       15F14    15F14      200     8000       0
                idataCOMRAM                       1B59A    1B59A        4     D9A6       0

TOTAL           Name                               Link     Load   Length     Space
        CLASS   STACK          
                stack                              1700     1700     2000         2

        CLASS   CODE           
                init                                10A      10A        8         0
                reset_vec                             0        0        4         0
                ivt0x8                                8        8      102         0
                text252                           1B30C    1B30C       20         0
                text251                           1B594    1B594        6         0
                text250                           1B5CE    1B5CE        2         0
                text249                           1B5CC    1B5CC        2         0
                text248                           1A458    1A458       44         0
                text247                           19310    19310       9C         0
                text246                           1A520    1A520       42         0
                text245                           1AD5E    1AD5E       2A         0
                text244                           1A7C0    1A7C0       3A         0
                text243                           1A414    1A414       44         0
                text242                           1A710    1A710       3C         0
                text241                           193AC    193AC       94         0
                text240                           1B5CA    1B5CA        2         0
                text239                           1A786    1A786       3A         0
                text238                           1A3D0    1A3D0       44         0
                text237                           1B4DE    1B4DE        E         0
                text236                           1A8A2    1A8A2       38         0
                text235                           17DE6    17DE6      10A         0
                text234                           191D6    191D6       9E         0
                text233                           1B5C8    1B5C8        2         0
                text232                           179A8    179A8      118         0
                text231                           19E1C    19E1C       64         0
                text230                           1B5C6    1B5C6        2         0
                text229                           1A6D4    1A6D4       3C         0
                text228                           1B5C4    1B5C4        2         0
                text227                           1A698    1A698       3C         0
                text226                           1B5C2    1B5C2        2         0
                text225                           1A65C    1A65C       3C         0
                text224                           1B2EC    1B2EC       20         0
                text223                           1B58E    1B58E        6         0
                text222                           1B5C0    1B5C0        2         0
                text221                           1B5BE    1B5BE        2         0
                text220                           19136    19136       A0         0
                text219                           19F9C    19F9C       5A         0
                text218                           1AD34    1AD34       2A         0
                text217                           19F40    19F40       5A         0
                text216                           1B588    1B588        6         0
                text215                           1AE24    1AE24       24         0
                text214                           1B5BC    1B5BC        2         0
                text213                           1A5E0    1A5E0       3E         0
                text212                           18F30    18F30       B6         0
                text211                           1B2AA    1B2AA       22         0
                text210                           1B3A6    1B3A6       1E         0
                text209                           1485C    1485C      394         0
                text208                           17EF0    17EF0      104         0
                text207                           19DB6    19DB6       66         0
                text206                           18D02    18D02       BC         0
                text205                           16838    16838      1A4         0
                text204                           1B5BA    1B5BA        2         0
                text203                           1B5B8    1B5B8        2         0
                text202                           1B5B6    1B5B6        2         0
                text201                           1B5B4    1B5B4        2         0
                text200                           1B5B2    1B5B2        2         0
                text199                           14BF0    14BF0      374         0
                text198                           1B5B0    1B5B0        2         0
                text197                           1B5AE    1B5AE        2         0
                text196                           1B5AC    1B5AC        2         0
                text195                           16D04    16D04      194         0
                text194                           1A5A2    1A5A2       3E         0
                text193                           1AB2E    1AB2E       2E         0
                text192                           1B5AA    1B5AA        2         0
                text191                           19FF8    19FF8       58         0
                text190                           1A74C    1A74C       3A         0
                text189                           1B5A8    1B5A8        2         0
                text188                           1A274    1A274       4C         0
                text187                           19E80    19E80       60         0
                text186                           1B5A6    1B5A6        2         0
                text185                           1A228    1A228       4C         0
                text184                           1A38C    1A38C       44         0
                text183                           1B5A4    1B5A4        2         0
                text182                           1A1DC    1A1DC       4C         0
                text181                           1B4D0    1B4D0        E         0
                text180                           1B5A2    1B5A2        2         0
                text179                           1AD0A    1AD0A       2A         0
                text178                           1B4C2    1B4C2        E         0
                text177                           1B5A0    1B5A0        2         0
                text176                           1ACE0    1ACE0       2A         0
                text175                           1B4B4    1B4B4        E         0
                text174                           1B59E    1B59E        2         0
                text173                           1ACB6    1ACB6       2A         0
                text172                           1AA10    1AA10       32         0
                text171                           17AC0    17AC0      10E         0
                text170                           1B288    1B288       22         0
                text169                           1B266    1B266       22         0
                text168                           1B244    1B244       22         0
                text167                           19924    19924       84         0
                text166                           1ADB0    1ADB0       28         0
                text165                           1B222    1B222       22         0
                text164                           1B200    1B200       22         0
                text163                           1B1DE    1B1DE       22         0
                text162                           1B1BC    1B1BC       22         0
                text161                           1B19A    1B19A       22         0
                text160                           1B178    1B178       22         0
                text159                           1B156    1B156       22         0
                text158                           198A0    198A0       84         0
                text157                           1B510    1B510        C         0
                text156                           19AA6    19AA6       7C         0
                text155                           1B134    1B134       22         0
                text154                           1AC0C    1AC0C       2C         0
                text153                           1B3E0    1B3E0       1C         0
                text152                           1AC8C    1AC8C       2A         0
                text151                           1B112    1B112       22         0
                text150                           1A190    1A190       4C         0
                text149                           1A0A4    1A0A4       50         0
                text148                           1ABE0    1ABE0       2C         0
                text147                           1AC62    1AC62       2A         0
                text146                           1B0F0    1B0F0       22         0
                text145                           1B0CE    1B0CE       22         0
                text144                           1B0AC    1B0AC       22         0
                text143                           19B9C    19B9C       7A         0
                text142                           19CE8    19CE8       68         0
                text141                           1B484    1B484       14         0
                text140                           1B08A    1B08A       22         0
                text139                           1B068    1B068       22         0
                text138                           1B046    1B046       22         0
                text137                           185B6    185B6       DE         0
                text136                           1B416    1B416       18         0
                text135                           1B3FC    1B3FC       1A         0
                text134                           1B4A6    1B4A6        E         0
                text133                           1B024    1B024       22         0
                text132                           1AD88    1AD88       28         0
                text131                           1B002    1B002       22         0
                text130                           1ABB4    1ABB4       2C         0
                text129                           1AFE0    1AFE0       22         0
                text128                           1AB00    1AB00       2E         0
                text127                           1AFBE    1AFBE       22         0
                text126                           1A348    1A348       44         0
                text125                           1AF9C    1AF9C       22         0
                text124                           1AB88    1AB88       2C         0
                text123                           1B53E    1B53E        8         0
                text122                           1B536    1B536        8         0
                text121                           1B52E    1B52E        8         0
                text120                           19EE0    19EE0       5E         0
                text119                           1AF7A    1AF7A       22         0
                text118                           1AF58    1AF58       22         0
                text117                           1AF36    1AF36       22         0
                text116                           1AF14    1AF14       22         0
                text115                           1AEF2    1AEF2       22         0
                text114                           19562    19562       90         0
                text113                           1AED0    1AED0       22         0
                text112                           1AEAE    1AEAE       22         0
                text111                           1AE8C    1AE8C       22         0
                text110                           1AE6A    1AE6A       22         0
                text109                           1AE48    1AE48       22         0
                text108                           1967E    1967E       8C         0
                text107                           1A0F4    1A0F4       4E         0
                text106                           1B582    1B582        6         0
                text105                           1B57C    1B57C        6         0
                text104                           1B576    1B576        6         0
                text103                           1B570    1B570        6         0
                text102                           1B56A    1B56A        6         0
                text101                           16114    16114      1DA         0
                text100                           19A2A    19A2A       7C         0
                text99                            182F4    182F4       EE         0
                text98                            19274    19274       9C         0
                text97                            1B388    1B388       1E         0
                text96                            17864    17864      144         0
                text95                            14476    14476      3E6         0
                text94                            1A61E    1A61E       3C         0
                text93                            19090    19090       A6         0
                text92                            1A9DE    1A9DE       32         0
                text91                            17022    17022      186         0
                text90                            1B45A    1B45A       16         0
                text89                            1B444    1B444       16         0
                text88                            1B526    1B526        8         0
                text87                            1B564    1B564        6         0
                text86                            1970A    1970A       8A         0
                text85                            18B78    18B78       C6         0
                text84                            1B55E    1B55E        6         0
                text83                            18E78    18E78       B8         0
                text82                            19B22    19B22       7A         0
                text81                            19D50    19D50       66         0
                text80                            18DBE    18DBE       BA         0
                text79                            1A4DE    1A4DE       42         0
                text78                            189E6    189E6       CC         0
                text77                            1B2CC    1B2CC       20         0
                text76                            1B51C    1B51C        A         0
                text75                            1981A    1981A       86         0
                text74                            19440    19440       92         0
                text73                            1B42E    1B42E       16         0
                text72                            184CE    184CE       E8         0
                text71                            1B558    1B558        6         0
                text70                            1B552    1B552        6         0
                text69                            1B54C    1B54C        6         0
                text68                            1AC38    1AC38       2A         0
                text67                            1AB5C    1AB5C       2C         0
                text66                            183E2    183E2       EC         0
                text65                            16E98    16E98      18A         0
                text64                            17312    17312      15C         0
                text63                            17FF4    17FF4      102         0
                text62                            1876C    1876C       D6         0
                text61                            18AB2    18AB2       C6         0
                text60                            1182C    1182C      9DA         0
                text59                            18FE6    18FE6       AA         0
                text58                            1B3C4    1B3C4       1C         0
                text57                            12206    12206      782         0
                text56                            13826    13826      72E         0
                text55                            1A910    1A910       36         0
                text54                            171A8    171A8      16A         0
                text53                            1A86A    1A86A       38         0
                text52                            1B504    1B504        C         0
                text51                            1B4F8    1B4F8        C         0
                text50                            1B4EC    1B4EC        C         0
                text49                            1AAA2    1AAA2       30         0
                text48                            1A832    1A832       38         0
                text47                            1ADFE    1ADFE       26         0
                text46                            1ADD8    1ADD8       26         0
                text45                            1B470    1B470       14         0
                text44                            1B36A    1B36A       1E         0
                text43                            1B34C    1B34C       1E         0
                text42                            17CDA    17CDA      10C         0
                text41                            195F2    195F2       8C         0
                text40                            19C80    19C80       68         0
                text39                            18914    18914       D2         0
                text38                            1A9AC    1A9AC       32         0
                text37                            1582E    1582E      262         0
                text36                            1A49C    1A49C       42         0
                text35                            1A8DA    1A8DA       36         0
                text34                            1AA72    1AA72       30         0
                text33                            1A946    1A946       34         0
                text32                            15592    15592      29C         0
                text31                            14F64    14F64      348         0
                text30                            18694    18694       D8         0
                text29                            1A304    1A304       44         0
                text28                            162EE    162EE      1D8         0
                text27                            1B546    1B546        6         0
                text26                            10DEC    10DEC      A40         0
                text25                            1A97A    1A97A       32         0
                text24                            1AA42    1AA42       30         0
                text23                            1A7FA    1A7FA       38         0
                text22                            1B498    1B498        E         0
                text21                            181F6    181F6       FE         0
                text20                            19794    19794       86         0
                text19                            18842    18842       D2         0
                text18                            15CD6    15CD6      23E         0
                text17                            13F54    13F54      522         0
                text16                            18C3E    18C3E       C4         0
                text15                            175C2    175C2      152         0
                text14                            1A562    1A562       40         0
                text13                            17714    17714      150         0
                text12                            1746E    1746E      154         0
                text11                            152AC    152AC      2E6         0
                text10                            1A050    1A050       54         0
                text9                             199A8    199A8       82         0
                text8                             10000    10000      DEC         0
                text7                             17BCE    17BCE      10C         0
                text6                             15A90    15A90      246         0
                text5                             16B70    16B70      194         0
                text4                             169DC    169DC      194         0
                text3                             12988    12988      762         0
                text2                             194D2    194D2       90         0
                text1                             16686    16686      1B2         0
                text0                             130EA    130EA      73C         0
                cinit                             164C6    164C6      1C0         0
                idataBANK16                       180F6    180F6      100         0
                idataBANK10                       1A2C0    1A2C0       44         0
                idataBANK9                        1AAD2    1AAD2       2E         0
                idataBANK7                        1A142    1A142       4D         0
                idataBANK6                        19C16    19C16       6A         0
                idataBANK5                        1B32C    1B32C       1F         0
                idataBIGRAM                       15F14    15F14      200         0
                idataCOMRAM                       1B59A    1B59A        4         0

        CLASS   CONST          

        CLASS   SMALLCONST     

        CLASS   MEDIUMCONST    
                mediumconst                        FA46     FA46      5BA         0

        CLASS   COMRAM         
                temp                                501      501       20         1
                cstackCOMRAM                        538      538       12         1
                dataCOMRAM                          54A      54A        4         1
                bssCOMRAM                           521      521       17         1

        CLASS   ABS1           

        CLASS   BIGRAM         
                dataBIGRAM                         1500     1500      200         1
                bssBIGRAM                          1100     1100      400         1

        CLASS   RAM            

        CLASS   BANK5          
                cstackBANK5                         5C8      5C8       1D         1
                dataBANK5                           5A9      5A9       1F         1
                bssBANK5                            560      560       49         1

        CLASS   BANK6          
                cstackBANK6                         6FE      6FE        2         1
                dataBANK6                           68E      68E       6A         1
                bssBANK6                            600      600       8E         1
                nvBANK6                             6F8      6F8        6         1

        CLASS   BANK7          
                dataBANK7                           771      771       4D         1
                bssBANK7                            700      700       71         1
                nvBANK7                             7BE      7BE       42         1

        CLASS   BANK8          
                cstackBANK8                         8F0      8F0        9         1
                bssBANK8                            800      800       F0         1

        CLASS   BANK9          
                cstackBANK9                         9F2      9F2        8         1
                dataBANK9                           9C4      9C4       2E         1
                bssBANK9                            900      900       C4         1

        CLASS   BANK10         
                cstackBANK10                        AED      AED        8         1
                dataBANK10                          AA9      AA9       44         1
                bssBANK10                           A00      A00       A9         1

        CLASS   BANK11         
                cstackBANK11                        BF0      BF0        8         1
                bssBANK11                           B00      B00       F0         1

        CLASS   BANK12         
                cstackBANK12                        CC2      CC2        8         1
                bssBANK12                           C00      C00       C2         1

        CLASS   BANK13         
                bssBANK13                           D00      D00       C2         1

        CLASS   BANK14         
                bssBANK14                           E00      E00       F0         1

        CLASS   BANK15         
                bssBANK15                           F00      F00       44         1

        CLASS   BANK16         
                dataBANK16                         1000     1000      100         1

        CLASS   BANK17         

        CLASS   BANK18         

        CLASS   BANK19         

        CLASS   BANK20         

        CLASS   BANK21         

        CLASS   BANK22         

        CLASS   BANK23         

        CLASS   BANK24         

        CLASS   BANK25         

        CLASS   BANK26         

        CLASS   BANK27         

        CLASS   BANK28         

        CLASS   BANK29         

        CLASS   BANK30         

        CLASS   BANK31         

        CLASS   BANK32         

        CLASS   BANK33         

        CLASS   BANK34         

        CLASS   BANK35         

        CLASS   BANK36         

        CLASS   BANK37         

        CLASS   BANK38         

        CLASS   BANK39         

        CLASS   BANK40         

        CLASS   BANK41         

        CLASS   BANK42         

        CLASS   BANK43         

        CLASS   BANK44         

        CLASS   BANK45         

        CLASS   BANK46         

        CLASS   BANK47         

        CLASS   BANK48         

        CLASS   BANK49         

        CLASS   BANK50         

        CLASS   BANK51         

        CLASS   BANK52         

        CLASS   BANK53         

        CLASS   BANK54         

        CLASS   SFR            

        CLASS   BIGSFR         

        CLASS   CONFIG         
                config                           300000   300000       23         4

        CLASS   IDLOC          
                idloc                            200000   200000       40         5

        CLASS   EEDATA         

        CLASS   FARRAM         

        CLASS   HEAP           



SEGMENTS        Name                           Load    Length   Top    Selector   Space  Class

                text217                        019F40  00005A  019F9A      67D0       0  CODE    
                text8                          010000  009F3E  019F3E      8000       0  CODE    
                bssBIGRAM                      001100  000600  001700      1100       1  BIGRAM  
                reset_vec                      000000  000004  000004         0       0  CODE    
                text219                        019F9C  00005A  019FF6      67E7       0  CODE    
                text150                        01A190  0004CA  01A65A      D0C8       0  CODE    
                text225                        01A65C  000CEF  01B34B      6997       0  CODE    
                text191                        019FF8  000197  01A18F      67FE       0  CODE    
                text43                         01B34C  000284  01B5D0      D9A6       0  CODE    
                bssBANK8                       000800  0000F9  0008F9       800       1  BANK8   
                dataBANK16                     001000  000100  001100      1000       1  BANK16  
                ivt0x8                         000008  00010A  000112         4       0  CODE    
                stack                          001700  002000  003700      1700       2  STACK   
                bssBANK5                       000560  000085  0005E5       560       1  BANK5   
                temp                           000501  00004D  00054E       501       1  COMRAM  
                mediumconst                    00FA46  0005BA  010000      7D23       0  MEDIUMCO
                bssBANK13                      000D00  0000C2  000DC2       D00       1  BANK13  
                bssBANK10                      000A00  0000F5  000AF5       A00       1  BANK10  
                bssBANK12                      000C00  0000CA  000CCA       C00       1  BANK12  
                bssBANK6                       000600  000100  000700       600       1  BANK6   
                bssBANK9                       000900  0000FA  0009FA       900       1  BANK9   
                bssBANK7                       000700  000100  000800       700       1  BANK7   
                bssBANK15                      000F00  000044  000F44       F00       1  BANK15  
                bssBANK11                      000B00  0000F8  000BF8       B00       1  BANK11  
                bssBANK14                      000E00  0000F0  000EF0       E00       1  BANK14  


UNUSED ADDRESS RANGES

        Name                Unused          Largest block    Delta
        BANK10           000AF5-000AFF                B
        BANK11           000BF8-000BFF                8
        BANK12           000CCA-000CFF               36
        BANK13           000DC2-000DFF               3E
        BANK14           000EF0-000EFF               10
        BANK15           000F44-000FFF               BC
        BANK23           001700-0017FF              100
        BANK24           001800-0018FF              100
        BANK25           001900-0019FF              100
        BANK26           001A00-001AFF              100
        BANK27           001B00-001BFF              100
        BANK28           001C00-001CFF              100
        BANK29           001D00-001DFF              100
        BANK30           001E00-001EFF              100
        BANK31           001F00-001FFF              100
        BANK32           002000-0020FF              100
        BANK33           002100-0021FF              100
        BANK34           002200-0022FF              100
        BANK35           002300-0023FF              100
        BANK36           002400-0024FF              100
        BANK37           002500-0025FF              100
        BANK38           002600-0026FF              100
        BANK39           002700-0027FF              100
        BANK40           002800-0028FF              100
        BANK41           002900-0029FF              100
        BANK42           002A00-002AFF              100
        BANK43           002B00-002BFF              100
        BANK44           002C00-002CFF              100
        BANK45           002D00-002DFF              100
        BANK46           002E00-002EFF              100
        BANK47           002F00-002FFF              100
        BANK48           003000-0030FF              100
        BANK49           003100-0031FF              100
        BANK5            0005E5-0005FF               1B
        BANK50           003200-0032FF              100
        BANK51           003300-0033FF              100
        BANK52           003400-0034FF              100
        BANK53           003500-0035FF              100
        BANK54           003600-0036FF              100
        BANK8            0008F9-0008FF                7
        BANK9            0009FA-0009FF                6
        BIGRAM           00054E-00055F               12
                         0005E5-0005FF               1B
                         0008F9-0008FF                7
                         0009FA-0009FF                6
                         000AF5-000AFF                B
                         000BF8-000BFF                8
                         000CCA-000CFF               36
                         000DC2-000DFF               3E
                         000EF0-000EFF               10
                         000F44-000FFF               BC
                         001700-0036FF             2000
        BIGSFR           000000-0004FF              500
                         003700-003FFF              900
        CODE             000004-000007                4
                         000112-00FA45             F934
                         019F3E-019F3F                2
                         019F9A-019F9B                2
                         019FF6-019FF7                2
                         01A18F-01A18F                1
                         01A65A-01A65B                2
                         01B34B-01B34B                1
                         01B5D0-01FFFF             4A30
        COMRAM           00054E-00055F               12
        CONFIG           300023-300023                1
        CONST            000004-000007                4
                         000112-00FA45             F934
                         019F3E-019F3F                2
                         019F9A-019F9B                2
                         019FF6-019FF7                2
                         01A18F-01A18F                1
                         01A65A-01A65B                2
                         01B34B-01B34B                1
                         01B5D0-01FFFF             4A30
        EEDATA           380000-3803FF              400
        MEDIUMCONST      003700-00FA45             C346
                         019F3E-019F3F                2
                         019F9A-019F9B                2
                         019FF6-019FF7                2
                         01A18F-01A18F                1
                         01A65A-01A65B                2
                         01B34B-01B34B                1
                         01B5D0-01FFFF             4A30
        RAM              0005E5-0005FF               1B
                         0008F9-0008FF                7
                         0009FA-0009FF                6
                         000AF5-000AFF                B
                         000BF8-000BFF                8
                         000CCA-000CFF               36
                         000DC2-000DFF               3E
                         000EF0-000EFF               10
                         000F44-000FFF               BC
                         001700-0036FF              100
        SFR              000000-0004FF              100
                         003700-003FFF              100
        SMALLCONST       003700-00FA45              100
                         019F3E-019F3F                2
                         019F9A-019F9B                2
                         019FF6-019FF7                2
                         01A18F-01A18F                1
                         01A65A-01A65B                2
                         01B34B-01B34B                1
                         01B5D0-01FFFF              100

                                  Symbol Table

Can1FIFO1NotEmptyHandler@half                      bssCOMRAM    000528
IVTBASEH                                           (abs)        00045E
IVTBASEL                                           (abs)        00045D
IVTBASEU                                           (abs)        00045F
_ADACCH                                            (abs)        0003E4
_ADACCL                                            (abs)        0003E3
_ADACCU                                            (abs)        0003E5
_ADACQH                                            (abs)        0003EF
_ADACQL                                            (abs)        0003EE
_ADACT                                             (abs)        0003F9
_ADCAP                                             (abs)        0003F0
_ADCLK                                             (abs)        0003FA
_ADCNT                                             (abs)        0003E6
_ADCON0                                            (abs)        0003F3
_ADCON1                                            (abs)        0003F4
_ADCON2                                            (abs)        0003F5
_ADCON3                                            (abs)        0003F6
_ADCP                                              (abs)        0003D8
_ADCSEL1                                           (abs)        0003FC
_ADCTX                                             (abs)        0003FB
_ADC_ACTI_ISR                                      text227      01A698
_ADC_ADCH1_ISR                                     text229      01A6D4
_ADC_ADI_ISR                                       text225      01A65C
_ADC_ActiveClockTuning_ISR                         nvBANK7      0007DC
_ADC_Context1Thereshld_ISR                         nvBANK7      0007DF
_ADC_ConversionComplete_ISR                        nvBANK7      0007E2
_ADC_DefaultADI_ISR                                text226      01B5C2
_ADC_DefaultActiveClockTuning_ISR                  text228      01B5C4
_ADC_DefaultContext1Threshold_ISR                  text230      01B5C6
_ADC_Initialize                                    text167      019924
_ADC_SetADIInterruptHandler                        text170      01B288
_ADC_SetActiveClockTuningInterruptHandler          text169      01B266
_ADC_SetContext1ThresholdInterruptHandler          text168      01B244
_ADERRH                                            (abs)        0003DE
_ADERRL                                            (abs)        0003DD
_ADFLTRH                                           (abs)        0003E2
_ADFLTRL                                           (abs)        0003E1
_ADLTHH                                            (abs)        0003DA
_ADLTHL                                            (abs)        0003D9
_ADPCH                                             (abs)        0003EC
_ADPREH                                            (abs)        0003F2
_ADPREL                                            (abs)        0003F1
_ADPREVH                                           (abs)        0003E9
_ADPREVL                                           (abs)        0003E8
_ADREF                                             (abs)        0003F8
_ADRESH                                            (abs)        0003EB
_ADRESL                                            (abs)        0003EA
_ADRPT                                             (abs)        0003E7
_ADSTAT                                            (abs)        0003F7
_ADSTPTH                                           (abs)        0003E0
_ADSTPTL                                           (abs)        0003DF
_ADUTHH                                            (abs)        0003DC
_ADUTHL                                            (abs)        0003DB
_ANSELA                                            (abs)        000400
_ANSELB                                            (abs)        000408
_ANSELC                                            (abs)        000410
_ANSELD                                            (abs)        000418
_ANSELE                                            (abs)        000420
_B                                                 dataBANK6    000698
_C                                                 dataBANK7    000771
_C1CONH                                            (abs)        000101
_C1CONHbits                                        (abs)        000101
_C1CONL                                            (abs)        000100
_C1CONTbits                                        (abs)        000103
_C1CONU                                            (abs)        000102
_C1CONUbits                                        (abs)        000102
_C1DBTCFGH                                         (abs)        000109
_C1DBTCFGL                                         (abs)        000108
_C1DBTCFGT                                         (abs)        00010B
_C1DBTCFGU                                         (abs)        00010A
_C1FIFOBA                                          (abs)        00014C
_C1FIFOCON1H                                       (abs)        00015D
_C1FIFOCON1L                                       (abs)        00015C
_C1FIFOCON1Lbits                                   (abs)        00015C
_C1FIFOCON1T                                       (abs)        00015F
_C1FIFOCON1U                                       (abs)        00015E
_C1FIFOCON2H                                       (abs)        000169
_C1FIFOCON2L                                       (abs)        000168
_C1FIFOCON2T                                       (abs)        00016B
_C1FIFOCON2U                                       (abs)        00016A
_C1FIFOCON3H                                       (abs)        000175
_C1FIFOCON3L                                       (abs)        000174
_C1FIFOCON3T                                       (abs)        000177
_C1FIFOCON3U                                       (abs)        000176
_C1FIFOSTA1Lbits                                   (abs)        000160
_C1FIFOSTA2Lbits                                   (abs)        00016C
_C1FIFOSTA3Lbits                                   (abs)        000178
_C1FLTCON0H                                        (abs)        000181
_C1FLTCON0L                                        (abs)        000180
_C1FLTOBJ0H                                        (abs)        00018D
_C1FLTOBJ0L                                        (abs)        00018C
_C1FLTOBJ0T                                        (abs)        00018F
_C1FLTOBJ0U                                        (abs)        00018E
_C1FLTOBJ1H                                        (abs)        000195
_C1FLTOBJ1L                                        (abs)        000194
_C1FLTOBJ1T                                        (abs)        000197
_C1FLTOBJ1U                                        (abs)        000196
_C1INTH                                            (abs)        00011D
_C1INTHbits                                        (abs)        00011D
_C1INTL                                            (abs)        00011C
_C1INTLbits                                        (abs)        00011C
_C1INTT                                            (abs)        00011F
_C1INTU                                            (abs)        00011E
_C1INTUbits                                        (abs)        00011E
_C1MASK0H                                          (abs)        000191
_C1MASK0L                                          (abs)        000190
_C1MASK0T                                          (abs)        000193
_C1MASK0U                                          (abs)        000192
_C1MASK1H                                          (abs)        000199
_C1MASK1L                                          (abs)        000198
_C1MASK1T                                          (abs)        00019B
_C1MASK1U                                          (abs)        00019A
_C1NBTCFGH                                         (abs)        000105
_C1NBTCFGL                                         (abs)        000104
_C1NBTCFGT                                         (abs)        000107
_C1NBTCFGU                                         (abs)        000106
_C1TDCH                                            (abs)        00010D
_C1TDCU                                            (abs)        00010E
_C1TRECUbits                                       (abs)        000136
_C1TXQCONH                                         (abs)        000151
_C1TXQCONHbits                                     (abs)        000151
_C1TXQCONL                                         (abs)        000150
_C1TXQCONT                                         (abs)        000153
_C1TXQCONU                                         (abs)        000152
_C1TXQSTALbits                                     (abs)        000154
_CAN1_BitRateConfiguration                         text166      01ADB0
_CAN1_BusErrorHandler                              bssBANK5     000587
_CAN1_BusWakeUpActivityHandler                     bssBANK5     00058A
_CAN1_ErrorNotificationInterruptEnable             text158      0198A0
_CAN1_FIFO1NotEmptyHandler                         bssBANK5     000590
_CAN1_ISR                                          text195      016D04
_CAN1_Initialize                                   text149      01A0A4
_CAN1_InvalidMessageHandler                        bssBANK5     00058D
_CAN1_ModeChangeHandler                            bssBANK5     000584
_CAN1_OperationModeGet                             text157      01B510
_CAN1_OperationModeSet                             text156      019AA6
_CAN1_RXI_ISR                                      text212      018F30
_CAN1_RX_FIFO_Configuration                        text154      01AC0C
_CAN1_RX_FIFO_FilterMaskConfiguration              text153      01B3E0
_CAN1_RX_FIFO_ResetInfo                            text152      01AC8C
_CAN1_ReceiveFrom                                  text207      019DB6
_CAN1_RxBufferOverflowHandler                      bssBANK6     00061B
_CAN1_SetBusErrorInterruptHandler                  text165      01B222
_CAN1_SetBusWakeUpActivityInterruptHandler         text164      01B200
_CAN1_SetFIFO1NotEmptyHandler                      text155      01B134
_CAN1_SetInvalidMessageInterruptHandler            text163      01B1DE
_CAN1_SetModeChangeInterruptHandler                text162      01B1BC
_CAN1_SetRxBufferOverFlowInterruptHandler          text161      01B19A
_CAN1_SetSystemErrorInterruptHandler               text160      01B178
_CAN1_SetTXQNotFullHandler                         text151      01B112
_CAN1_SetTxAttemptInterruptHandler                 text159      01B156
_CAN1_SystemErrorHandler                           bssBANK6     000621
_CAN1_TXI_ISR                                      text213      01A5E0
_CAN1_TXQNotFullHandler                            bssBANK5     000593
_CAN1_TX_FIFO_Configuration                        text150      01A190
_CAN1_Transmit                                     text93       019090
_CAN1_TransmitFIFOStatusGet                        text92       01A9DE
_CAN1_TxAttemptHandler                             bssBANK6     00061E
_CANRXPPS                                          (abs)        00023D
_CLC7_Initialize                                   text148      01ABE0
_CLC8_Initialize                                   text147      01AC62
_CLCDATA                                           (abs)        0000D4
_CLCSELECT                                         (abs)        0000D5
_CLCnCON                                           (abs)        0000D6
_CLCnGLS0                                          (abs)        0000DC
_CLCnGLS1                                          (abs)        0000DD
_CLCnGLS2                                          (abs)        0000DE
_CLCnGLS3                                          (abs)        0000DF
_CLCnPOL                                           (abs)        0000D7
_CLCnSEL0                                          (abs)        0000D8
_CLCnSEL1                                          (abs)        0000D9
_CLCnSEL2                                          (abs)        0000DA
_CLCnSEL3                                          (abs)        0000DB
_Can1FIFO1NotEmptyHandler                          text199      014BF0
_DATAEE_ReadByte                                   text67       01AB5C
_DLC_BYTES                                         mediumconst  00FC47
_DMA1PR                                            (abs)        0000B6
_DMA1_AI_InterruptHandler                          nvBANK7      0007D0
_DMA1_DMAAI_ISR                                    text242      01A710
_DMA1_DMAORI_ISR                                   text243      01A414
_DMA1_DMASCNTI_ISR                                 text238      01A3D0
_DMA1_DefaultInterruptHandler                      text240      01B5CA
_DMA1_Initialize                                   text143      019B9C
_DMA1_ORI_InterruptHandler                         nvBANK7      0007CD
_DMA1_SCNTI_InterruptHandler                       nvBANK7      0007D3
_DMA1_SetAIInterruptHandler                        text146      01B0F0
_DMA1_SetDMAPriority                               text77       01B2CC
_DMA1_SetDestinationSize                           text90       01B45A
_DMA1_SetORIInterruptHandler                       text145      01B0CE
_DMA1_SetSCNTIInterruptHandler                     text144      01B0AC
[...]
		_DefaultFIFO1NotEmptyHandler		CODE           	1B5B0	0000	2
		_CAN1_BitRateConfiguration		CODE           	1ADB0	0000	40
		_CAN1_SetTxAttemptInterruptHandler		CODE           	1B156	0000	34
		_Receive       		CODE           	17EF0	0000	260
		_CAN1_SetInvalidMessageInterruptHandler		CODE           	1B1DE	0000	34
		_CAN1_TX_FIFO_Configuration		CODE           	1A190	0000	76
		_GetRxFifoDepth		CODE           	1B2AA	0000	34
		_CAN1_ISR      		CODE           	16D04	0000	404
		_DefaultBusErrorHandler		CODE           	1B5BA	0000	2
		_CAN1_OperationModeGet		CODE           	1B510	0000	12
		_CAN1_Initialize		CODE           	1A0A4	0000	80
		_DefaultInvalidMessageHandler		CODE           	1B5B6	0000	2
		_CAN1_SetFIFO1NotEmptyHandler		CODE           	1B134	0000	34
		_DefaultBusWakeUpActivityHandler		CODE           	1B5B8	0000	2
		_CAN1_TransmitFIFOStatusGet		CODE           	1A9DE	0000	50
		_CAN1_Transmit 		CODE           	19090	0000	166
		_CAN1_RX_FIFO_FilterMaskConfiguration		CODE           	1B3E0	0000	28
		_CAN1_RX_FIFO_Configuration		CODE           	1AC0C	0000	44
		_CAN1_TXI_ISR  		CODE           	1A5E0	0000	62
		_GetRxFifoStatus		CODE           	1B3A6	0000	30
		_CAN1_SetBusErrorInterruptHandler		CODE           	1B222	0000	34
		_CAN1_SetSystemErrorInterruptHandler		CODE           	1B178	0000	34
		_DefaultSystemErrorHandler		CODE           	1B5AE	0000	2
		_isTxChannel   		CODE           	1A61E	0000	60
		_CAN1_SetTXQNotFullHandler		CODE           	1B112	0000	34
		_GetTxFifoStatus		CODE           	1B388	0000	30
		_WriteMessageToFifo		CODE           	14476	0000	998
		_DefaultRxBufferOverflowHandler		CODE           	1B5B2	0000	2
		_CAN1_ErrorNotificationInterruptEnable		CODE           	198A0	0000	132
		_CAN1_SetBusWakeUpActivityInterruptHandler		CODE           	1B200	0000	34
		_CAN1_SetRxBufferOverFlowInterruptHandler		CODE           	1B19A	0000	34
		_CAN1_RX_FIFO_ResetInfo		CODE           	1AC8C	0000	42
		_CAN1_OperationModeSet		CODE           	19AA6	0000	124
		_CAN1_SetModeChangeInterruptHandler		CODE           	1B1BC	0000	34
		_CAN1_RXI_ISR  		CODE           	18F30	0000	182
		_DefaultTxAttemptHandler		CODE           	1B5AC	0000	2
		_CAN1_ReceiveFrom		CODE           	19DB6	0000	102
		_DefaultModeChangeHandler		CODE           	1B5B4	0000	2

mcc_generated_files/can1.c estimated size: 4520

mcc_generated_files/uart2.c
		_UART2_DefaultErrorHandler		CODE           	1B58E	0000	6
		_UART2_RxDataHandler		CODE           	1B2EC	0000	32
		_UART2_DefaultOverrunErrorHandler		CODE           	1B5BE	0000	2
		_putch         		CODE           	1B498	0000	14
		_UART2_rx_vect_isr		CODE           	19F9C	0000	90
		_UART2_Write   		CODE           	1A7FA	0000	56
		_UART2_SetFramingErrorHandler		CODE           	1AF58	0000	34
		_UART2_SetOverrunErrorHandler		CODE           	1AF36	0000	34
		_UART2_tx_vect_isr		CODE           	19F40	0000	90
		_UART2_Receive_ISR		CODE           	19136	0000	160
		_UART2_SetRxInterruptHandler		CODE           	1AF14	0000	34
		_UART2_SetTxInterruptHandler		CODE           	1AEF2	0000	34
		_UART2_Initialize		CODE           	19562	0000	144
		_UART2_SetErrorHandler		CODE           	1AF7A	0000	34
		_UART2_Transmit_ISR		CODE           	1AD34	0000	42
		_UART2_DefaultFramingErrorHandler		CODE           	1B5C0	0000	2

mcc_generated_files/uart2.c estimated size: 808

/opt/microchip/xc8/v2.46/pic/sources/c99/common/doprnt.c
		_read_prec_or_width		CODE           	17BCE	0000	268
		_vfpfcnvrt     		CODE           	12988	0000	1890
		_efgtoa        		CODE           	10000	0000	3564
		_pad           		CODE           	18842	0000	210
		_dtoa          		CODE           	15CD6	0000	574
		_vfprintf      		CODE           	194D2	0000	144
		_stoa          		CODE           	15A90	0000	582
		_utoa          		CODE           	16B70	0000	404
		_xtoa          		CODE           	169DC	0000	404

/opt/microchip/xc8/v2.46/pic/sources/c99/common/doprnt.c estimated size: 8040

../timers.c
		_timer_ms_tick 		CODE           	191D6	0000	158
		_WaitMs        		CODE           	1ADD8	0000	38
		_StartTimer    		CODE           	1A832	0000	56
		_delay_ms      		CODE           	1B470	0000	20
		_TimerDone     		CODE           	1ADFE	0000	38

../timers.c estimated size: 310

/opt/microchip/xc8/v2.46/pic/sources/c99/common/llmod.c
		___llmod       		CODE           	1876C	0000	214

/opt/microchip/xc8/v2.46/pic/sources/c99/common/llmod.c estimated size: 214

/opt/microchip/xc8/v2.46/pic/sources/c99/common/gmtime_r.c
		___gmtime_r    		CODE           	18FE6	0000	170

/opt/microchip/xc8/v2.46/pic/sources/c99/common/gmtime_r.c estimated size: 170

mcc_generated_files/tmr6.c
		_TMR6_StartTimer		CODE           	1B54C	0000	6
		_TMR6_ISR      		CODE           	1A274	0000	76
		_TMR6_Initialize		CODE           	1AB88	0000	44
		_TMR6_Start    		CODE           	1B552	0000	6
		_TMR6_SetInterruptHandler		CODE           	1AF9C	0000	34
		_TMR6_DefaultInterruptHandler		CODE           	1B5A8	0000	2

mcc_generated_files/tmr6.c estimated size: 168

/opt/microchip/xc8/v2.46/pic/sources/c99/common/memcpy.c
		_memcpy        		CODE           	182F4	0000	238

/opt/microchip/xc8/v2.46/pic/sources/c99/common/memcpy.c estimated size: 238

/opt/microchip/xc8/v2.46/pic/sources/c99/common/almod.c
		___almod       		CODE           	17312	0000	348

/opt/microchip/xc8/v2.46/pic/sources/c99/common/almod.c estimated size: 348

mcc_generated_files/tmr4.c
		_TMR4_ISR      		CODE           	19E1C	0000	100
		_TMR4_Initialize		CODE           	1AB00	0000	46
		_TMR4_Start    		CODE           	1B570	0000	6
		_TMR4_SetInterruptHandler		CODE           	1AFE0	0000	34
		_TMR4_DefaultInterruptHandler		CODE           	1B5C8	0000	2
		_TMR4_StartTimer		CODE           	1B56A	0000	6

mcc_generated_files/tmr4.c estimated size: 194

/opt/microchip/xc8/v2.46/pic/sources/c99/common/fltol.c
		___fltol       		CODE           	17714	0000	336

/opt/microchip/xc8/v2.46/pic/sources/c99/common/fltol.c estimated size: 336

mcc_generated_files/tmr2.c
		_TMR2_ISR      		CODE           	1A228	0000	76
		_TMR2_Initialize		CODE           	1ABB4	0000	44
		_TMR2_Start    		CODE           	1B57C	0000	6
		_TMR2_SetInterruptHandler		CODE           	1B002	0000	34
		_TMR2_DefaultInterruptHandler		CODE           	1B5A6	0000	2
		_TMR2_StartTimer		CODE           	1B576	0000	6

mcc_generated_files/tmr2.c estimated size: 168

mcc_generated_files/interrupt_manager.c
		_INTERRUPT_Initialize		CODE           	19CE8	0000	104
		_Default_ISR   		CODE           	1B588	0000	6

mcc_generated_files/interrupt_manager.c estimated size: 110

/opt/microchip/xc8/v2.46/pic/sources/c99/common/__fpclassifyf.c
		___fpclassifyf 		CODE           	1746E	0000	340

/opt/microchip/xc8/v2.46/pic/sources/c99/common/__fpclassifyf.c estimated size: 340

/opt/microchip/xc8/v2.46/pic/sources/c99/common/fleq.c
		___fleq        		CODE           	18C3E	0000	196

/opt/microchip/xc8/v2.46/pic/sources/c99/common/fleq.c estimated size: 196

mcc_generated_files/tmr0.c
		_TMR0_SetInterruptHandler		CODE           	1B024	0000	34
		_TMR0_DefaultInterruptHandler		CODE           	1B5A4	0000	2
		_TMR0_StartTimer		CODE           	1B582	0000	6
		_TMR0_ISR      		CODE           	1A1DC	0000	76
		_TMR0_Initialize		CODE           	1AD88	0000	40

mcc_generated_files/tmr0.c estimated size: 158

mxcmd.c
		_calc_checksum 		CODE           	18D02	0000	188
		_lp_filter     		CODE           	171A8	0000	362
		_onesec_io     		CODE           	1A38C	0000	68
		_FM_io         		CODE           	179A8	0000	280
		_tensec_io     		CODE           	19E80	0000	96

mxcmd.c estimated size: 994

mcc_generated_files/clc8.c
		_CLC8_Initialize		CODE           	1AC62	0000	42

mcc_generated_files/clc8.c estimated size: 42

mcc_generated_files/pin_manager.c
		_IOCAF5_SetInterruptHandler		CODE           	1B046	0000	34
		_PIN_MANAGER_Initialize		CODE           	185B6	0000	222
		_IOCAF1_DefaultInterruptHandler		CODE           	1B5A2	0000	2
		_IOCAF1_ISR    		CODE           	1AD0A	0000	42
		_IOCAF2_DefaultInterruptHandler		CODE           	1B5A0	0000	2
		_IOCAF5_DefaultInterruptHandler		CODE           	1B59E	0000	2
		_IOCAF2_ISR    		CODE           	1ACE0	0000	42
		_IOCAF1_SetInterruptHandler		CODE           	1B08A	0000	34
		_IOCAF5_ISR    		CODE           	1ACB6	0000	42
		_PIN_MANAGER_IOC		CODE           	1AA10	0000	50
		_IOCAF2_SetInterruptHandler		CODE           	1B068	0000	34

mcc_generated_files/pin_manager.c estimated size: 506

/opt/microchip/xc8/v2.46/pic/sources/c99/common/nf_fputs.c
		_fputs         		CODE           	19794	0000	134

/opt/microchip/xc8/v2.46/pic/sources/c99/common/nf_fputs.c estimated size: 134

../canfd.c
		_can_setup     		CODE           	19A2A	0000	124
		_TXQNotFullHandler		CODE           	1AE24	0000	36
		_Can1FIFO1NotEmptyHandler		CODE           	14BF0	0000	884
		_can_fd_lcd_mirror		CODE           	17022	0000	390

../canfd.c estimated size: 1434

../eadog.c
		_clear_lcd_done		CODE           	193AC	0000	148
		_init_display  		CODE           	184CE	0000	232
		_eaDogM_Scroll_String		CODE           	19274	0000	156
		_send_lcd_cmd_dma		CODE           	1B42E	0000	22
		_send_lcd_pos_dma		CODE           	19B22	0000	122
		_send_lcd_data_dma		CODE           	19440	0000	146
		_wait_lcd_set  		CODE           	1B55E	0000	6
		_eaDogM_WriteStringAtPos		CODE           	18DBE	0000	186
		_wait_lcd_done 		CODE           	18B78	0000	198
		_spi_byte      		CODE           	1A786	0000	58
		_start_lcd     		CODE           	1B564	0000	6
		_eaDogM_WriteString		CODE           	18E78	0000	184
		_eaDogM_Scroll_Task		CODE           	1A4DE	0000	66

../eadog.c estimated size: 1530

mcc_generated_files/spi1.c
		_SPI1_Initialize		CODE           	1B3FC	0000	26

mcc_generated_files/spi1.c estimated size: 26

/opt/microchip/xc8/v2.46/pic/sources/c99/common/sprcmul.c
		___flmul       		CODE           	12206	0000	1922

/opt/microchip/xc8/v2.46/pic/sources/c99/common/sprcmul.c estimated size: 1922

mcc_generated_files/adc.c
		_ADC_ADCH1_ISR 		CODE           	1A6D4	0000	60
		_ADC_ADI_ISR   		CODE           	1A65C	0000	60
		_ADC_Initialize		CODE           	19924	0000	132
		_ADC_DefaultActiveClockTuning_ISR		CODE           	1B5C4	0000	2
		_ADC_ACTI_ISR  		CODE           	1A698	0000	60
		_ADC_DefaultADI_ISR		CODE           	1B5C2	0000	2
		_ADC_SetActiveClockTuningInterruptHandler		CODE           	1B266	0000	34
		_ADC_SetADIInterruptHandler		CODE           	1B288	0000	34
		_ADC_DefaultContext1Threshold_ISR		CODE           	1B5C6	0000	2
		_ADC_SetContext1ThresholdInterruptHandler		CODE           	1B244	0000	34

mcc_generated_files/adc.c estimated size: 420

/opt/microchip/xc8/v2.46/pic/sources/c99/common/sprcdiv.c
		___fldiv       		CODE           	13F54	0000	1314

/opt/microchip/xc8/v2.46/pic/sources/c99/common/sprcdiv.c estimated size: 1314

mcc_generated_files/uart5.c
		_UART5_SetOverrunErrorHandler		CODE           	1AE8C	0000	34
		_UART5_tx_vect_isr		CODE           	1A7C0	0000	58
		_UART5_Receive_ISR		CODE           	19310	0000	156
		_UART5_SetRxInterruptHandler		CODE           	1AE6A	0000	34
		_UART5_SetTxInterruptHandler		CODE           	1AE48	0000	34
		_UART5_Initialize		CODE           	1967E	0000	140
		_UART5_SetErrorHandler		CODE           	1AED0	0000	34
		_UART5_Transmit_ISR		CODE           	1AD5E	0000	42
		_UART5_DefaultFramingErrorHandler		CODE           	1B5CE	0000	2
		_UART5_DefaultErrorHandler		CODE           	1B594	0000	6
		_UART5_RxDataHandler		CODE           	1B30C	0000	32
		_UART5_DefaultOverrunErrorHandler		CODE           	1B5CC	0000	2
		_UART5_rx_vect_isr		CODE           	1A520	0000	66
		_UART5_Write   		CODE           	1A86A	0000	56
		_UART5_SetFramingErrorHandler		CODE           	1AEAE	0000	34

mcc_generated_files/uart5.c estimated size: 730

/opt/microchip/xc8/v2.46/pic/sources/c99/common/nf_snprintf.c
		_snprintf      		CODE           	16686	0000	434

/opt/microchip/xc8/v2.46/pic/sources/c99/common/nf_snprintf.c estimated size: 434

/opt/microchip/xc8/v2.46/pic/sources/c99/common/Umul32.c
		___lmul        		CODE           	18AB2	0000	198

/opt/microchip/xc8/v2.46/pic/sources/c99/common/Umul32.c estimated size: 198

/opt/microchip/xc8/v2.46/pic/sources/c99/common/aldiv.c
		___aldiv       		CODE           	16E98	0000	394

/opt/microchip/xc8/v2.46/pic/sources/c99/common/aldiv.c estimated size: 394

mcc_generated_files/dma1.c
		_DMA1_Initialize		CODE           	19B9C	0000	122
		_DMA1_SetAIInterruptHandler		CODE           	1B0F0	0000	34
		_DMA1_StartTransferWithTrigger		CODE           	1B526	0000	8
		_DMA1_SetSCNTIInterruptHandler		CODE           	1B0AC	0000	34
		_DMA1_DMAAI_ISR		CODE           	1A710	0000	60
		_DMA1_SetSourceSize		CODE           	1B444	0000	22
		_DMA1_StopTransfer		CODE           	1B51C	0000	10
		_DMA1_DMAORI_ISR		CODE           	1A414	0000	68
		_DMA1_DefaultInterruptHandler		CODE           	1B5CA	0000	2
		_DMA1_SetDMAPriority		CODE           	1B2CC	0000	32
		_DMA1_SetDestinationSize		CODE           	1B45A	0000	22
		_DMA1_DMASCNTI_ISR		CODE           	1A3D0	0000	68
		_DMA1_SetORIInterruptHandler		CODE           	1B0CE	0000	34

mcc_generated_files/dma1.c estimated size: 516

/opt/microchip/xc8/v2.46/pic/sources/c99/common/flneg.c
		___flneg       		CODE           	1A562	0000	64

/opt/microchip/xc8/v2.46/pic/sources/c99/common/flneg.c estimated size: 64

/opt/microchip/xc8/v2.46/pic/sources/c99/common/__secs_to_tm.c
		___secs_to_tm  		CODE           	1182C	0000	2522

/opt/microchip/xc8/v2.46/pic/sources/c99/common/__secs_to_tm.c estimated size: 2522

/opt/microchip/xc8/v2.46/pic/sources/c99/common/xxtofl.c
		___xxtofl      		CODE           	16114	0000	474

/opt/microchip/xc8/v2.46/pic/sources/c99/common/xxtofl.c estimated size: 474

mcc_generated_files/uart1.c
		_UART1_Write   		CODE           	1B4DE	0000	14
		_UART1_SetFramingErrorHandler		CODE           	1B536	0000	8
		_UART1_SetOverrunErrorHandler		CODE           	1B52E	0000	8
		_UART1_Initialize		CODE           	19EE0	0000	94
		_UART1_SetErrorHandler		CODE           	1B53E	0000	8

mcc_generated_files/uart1.c estimated size: 132

/opt/microchip/xc8/v2.46/pic/sources/c99/common/labs.c
		_labs          		CODE           	1A050	0000	84

/opt/microchip/xc8/v2.46/pic/sources/c99/common/labs.c estimated size: 84

mcc_generated_files/tmr5.c
		_TMR5_ISR      		CODE           	19FF8	0000	88
		_TMR5_Initialize		CODE           	1A348	0000	68
		_TMR5_SetInterruptHandler		CODE           	1AFBE	0000	34
		_TMR5_DefaultInterruptHandler		CODE           	1B5AA	0000	2
		_TMR5_WriteTimer		CODE           	1A5A2	0000	62
		_TMR5_StartTimer		CODE           	1B558	0000	6

mcc_generated_files/tmr5.c estimated size: 260

../modbus_master.c
		_modbus_rtu_send_msg_crc		CODE           	18694	0000	216
		_em_data_handler		CODE           	1582E	0000	610
		_mb_setup      		CODE           	1A97A	0000	50
		_ems_data_handler		CODE           	1A8DA	0000	54
		_get_500hz     		CODE           	1AA72	0000	48
		_get_500ahz    		CODE           	1AAA2	0000	48
		_emt_data_handler		CODE           	1A49C	0000	66
		_modbus_read_id_check		CODE           	14F64	0000	840
		_emv_data_handler		CODE           	1A9AC	0000	50
		_crc16         		CODE           	17CDA	0000	268
		_modbus_rtu_send_msg		CODE           	1A304	0000	68
		_my_modbus_rx_32		CODE           	1A458	0000	68
		_crc16_receive 		CODE           	195F2	0000	140
		_mb32_swap     		CODE           	18914	0000	210
		_modbus_read_check		CODE           	15592	0000	668
		_serial_trmt   		CODE           	1B546	0000	6
		_master_controller_work		CODE           	10DEC	0000	2624
		_log_crc_error 		CODE           	1A946	0000	52
		_timer_500ms_tick		CODE           	1AB2E	0000	46
		_clear_2hz     		CODE           	1B504	0000	12
		_modbus_write_check		CODE           	162EE	0000	472
		_mb16_swap     		CODE           	19C80	0000	104
		_init_mb_master_timers		CODE           	1AC38	0000	42
		_timer_2ms_tick		CODE           	1A74C	0000	58
		_clear_500hz   		CODE           	1B4EC	0000	12
		_half_dup_rx   		CODE           	1B36A	0000	30
		_half_dup_tx   		CODE           	1B34C	0000	30
		_clear_500ahz  		CODE           	1B4F8	0000	12

../modbus_master.c estimated size: 6904

shared
		_FIFO          		MEDIUMCONST    	0000	0000	0
		_DLC_BYTES     		MEDIUMCONST    	FC47	0000	16
		___secs_to_tm@days_in_month		MEDIUMCONST    	FC57	0000	12
		_sw_contact_types		MEDIUMCONST    	FC63	0000	3
		_modbus_em_id  		MEDIUMCONST    	FD1D	0000	6
		__initialization		CODE           	164C6	0000	442
		_modbus_em_config		MEDIUMCONST    	FCFF	0000	6
		_modbus_em_serial		MEDIUMCONST    	FD05	0000	6
		_modbus_em_passwd		MEDIUMCONST    	FCF9	0000	6
		_table_crc_hi@modbus_master$F6373		MEDIUMCONST    	FB47	0000	256
		_build_version 		MEDIUMCONST    	FCE0	0000	19
		_table_crc_lo@modbus_master$F6374		MEDIUMCONST    	FA47	0000	256
		_spin          		MEDIUMCONST    	FC68	0000	120
		_modbus_em_version		MEDIUMCONST    	FD17	0000	6
		_modbus_em_data1		MEDIUMCONST    	FD11	0000	6
		_modbus_em_data2		MEDIUMCONST    	FD0B	0000	6
		_modbus_em_light		MEDIUMCONST    	FCF3	0000	6

shared estimated size: 1172

/opt/microchip/xc8/v2.46/pic/sources/c99/common/strlen.c
		_strlen        		CODE           	1970A	0000	138

/opt/microchip/xc8/v2.46/pic/sources/c99/common/strlen.c estimated size: 138

/opt/microchip/xc8/v2.46/pic/sources/c99/common/floorf.c
		_floorf        		CODE           	152AC	0000	742

/opt/microchip/xc8/v2.46/pic/sources/c99/common/floorf.c estimated size: 742

/opt/microchip/xc8/v2.46/pic/sources/c99/common/__lldiv.c
		___lldiv       		CODE           	17FF4	0000	258

/opt/microchip/xc8/v2.46/pic/sources/c99/common/__lldiv.c estimated size: 258

mcc_generated_files/mcc.c
		_SystemArbiter_Initialize		CODE           	1B4A6	0000	14
		_PMD_Initialize		CODE           	1B416	0000	24
		_OSCILLATOR_Initialize		CODE           	1B484	0000	20
		_SYSTEM_Initialize		CODE           	1A0F4	0000	78

mcc_generated_files/mcc.c estimated size: 136

/opt/microchip/xc8/v2.46/pic/sources/c99/common/strcpy.c
		_strcpy        		CODE           	199A8	0000	130

/opt/microchip/xc8/v2.46/pic/sources/c99/common/strcpy.c estimated size: 130

/opt/microchip/xc8/v2.46/pic/sources/c99/common/abs.c
		_abs           		CODE           	1AA42	0000	48

/opt/microchip/xc8/v2.46/pic/sources/c99/common/abs.c estimated size: 48

/opt/microchip/xc8/v2.46/pic/sources/c99/common/memset.c
		_memset        		CODE           	1981A	0000	134

/opt/microchip/xc8/v2.46/pic/sources/c99/common/memset.c estimated size: 134

/opt/microchip/xc8/v2.46/pic/sources/c99/common/flge.c
		___flge        		CODE           	175C2	0000	338

/opt/microchip/xc8/v2.46/pic/sources/c99/common/flge.c estimated size: 338

../dio.c
		_aswitch       		CODE           	1B4B4	0000	14
		_button_press_check		CODE           	17DE6	0000	266
		_lswitch       		CODE           	1B4C2	0000	14
		_mswitch       		CODE           	1B4D0	0000	14
		_get_d_switch  		CODE           	1A8A2	0000	56
		_init_all_switch		CODE           	189E6	0000	204

../dio.c estimated size: 568

/opt/microchip/xc8/v2.46/pic/sources/c99/common/nf_fputc.c
		_fputc         		CODE           	181F6	0000	254

/opt/microchip/xc8/v2.46/pic/sources/c99/common/nf_fputc.c estimated size: 254

/opt/microchip/xc8/v2.46/pic/sources/c99/common/localtime.c
		_localtime     		CODE           	1B3C4	0000	28

/opt/microchip/xc8/v2.46/pic/sources/c99/common/localtime.c estimated size: 28

/opt/microchip/xc8/v2.46/pic/sources/c99/common/sprcadd.c
		___flsub       		CODE           	1A910	0000	54
		___fladd       		CODE           	13826	0000	1838

/opt/microchip/xc8/v2.46/pic/sources/c99/common/sprcadd.c estimated size: 1892

mcc_generated_files/clc7.c
		_CLC7_Initialize		CODE           	1ABE0	0000	44

mcc_generated_files/clc7.c estimated size: 44

main.c
		_main          		CODE           	130EA	0000	1852
		_wdtdelay      		CODE           	19D50	0000	102

main.c estimated size: 1954

../batmon.c
		_DeviceID_Read 		CODE           	17AC0	0000	270
		_update_time   		CODE           	16838	0000	420
		_initbm_data   		CODE           	183E2	0000	236
		_DATAEE_ReadByte		CODE           	1AB5C	0000	44

../batmon.c estimated size: 970

