Microchip MPLAB XC8 Compiler V2.50

Linker command line:

-W-3 \
  --edf=/root/.mchp_packs/Microchip/PIC18F-Q_DFP/1.26.442/xc8/pic/dat/20241125200758_en.msgs \
  -pivt0x8=08h -cn -h+dist/default/production/dcuQ84.X.production.sym \
  --cmf=dist/default/production/dcuQ84.X.production.cmf -z -Q18F47Q84 \
  -o/tmp/xcXCLhdGB/driver_tmp_3.o --defsym=__MPLAB_BUILD=1 \
  --fixupoverflow=error -Mdist/default/production/dcuQ84.X.production.map \
  --md=/tmp/xcXCLhdGB/driver_tmp_0.dat -E1 -ver=XC8 Compiler --acfsm=1493 \
  -ASTACK=017A4h-036FFh -pstack=STACK -ACODE=00h-01FFFFh \
  -ACONST=00h-01FFFFh -ASMALLCONST=04000h-040FFhx448 \
  -AMEDIUMCONST=04000h-0FFFFh,014000h-01FFFFh -ACOMRAM=0501h-055Fh \
  -AABS1=0500h-036FFh -ABIGRAM=0501h-036FFh \
  -ARAM=0560h-05FFh,0600h-06FFhx49 -ABANK5=0560h-05FFh -ABANK6=0600h-06FFh \
  -ABANK7=0700h-07FFh -ABANK8=0800h-08FFh -ABANK9=0900h-09FFh \
  -ABANK10=0A00h-0AFFh -ABANK11=0B00h-0BFFh -ABANK12=0C00h-0CFFh \
  -ABANK13=0D00h-0DFFh -ABANK14=0E00h-0EFFh -ABANK15=0F00h-0FFFh \
  -ABANK16=01000h-010FFh -ABANK17=01100h-011FFh -ABANK18=01200h-012FFh \
  -ABANK19=01300h-013FFh -ABANK20=01400h-014FFh -ABANK21=01500h-015FFh \
  -ABANK22=01600h-016FFh -ABANK23=01700h-017FFh -ABANK24=01800h-018FFh \
  -ABANK25=01900h-019FFh -ABANK26=01A00h-01AFFh -ABANK27=01B00h-01BFFh \
  -ABANK28=01C00h-01CFFh -ABANK29=01D00h-01DFFh -ABANK30=01E00h-01EFFh \
  -ABANK31=01F00h-01FFFh -ABANK32=02000h-020FFh -ABANK33=02100h-021FFh \
  -ABANK34=02200h-022FFh -ABANK35=02300h-023FFh -ABANK36=02400h-024FFh \
  -ABANK37=02500h-025FFh -ABANK38=02600h-026FFh -ABANK39=02700h-027FFh \
  -ABANK40=02800h-028FFh -ABANK41=02900h-029FFh -ABANK42=02A00h-02AFFh \
  -ABANK43=02B00h-02BFFh -ABANK44=02C00h-02CFFh -ABANK45=02D00h-02DFFh \
  -ABANK46=02E00h-02EFFh -ABANK47=02F00h-02FFFh -ABANK48=03000h-030FFh \
  -ABANK49=03100h-031FFh -ABANK50=03200h-032FFh -ABANK51=03300h-033FFh \
  -ABANK52=03400h-034FFh -ABANK53=03500h-035FFh -ABANK54=03600h-036FFh \
  -ASFR=00h-0FFhx4,0400h-045Fh,0460h-04FFh,03700h-037FFhx9 \
  -ABIGSFR=00h-04FFh,03700h-03FFFh -ACONFIG=0300000h-0300023h \
  -AIDLOC=0200000h-020003Fh -AEEDATA=0380000h-03803FFh -peeprom_data=EEDATA \
  -preset_vec=00h -ppowerup=CODE,init -pramtop=04000h \
  -psmallconst=SMALLCONST -pmediumconst=MEDIUMCONST -pconst=CONST \
  -AFARRAM=00h-00h \
  -prdata=COMRAM,nvrram=COMRAM,nvbit=COMRAM,rbss=COMRAM,rbit=COMRAM \
  -pfarbss=FARRAM,fardata=FARRAM,nvFARRAM=FARRAM \
  -pintsave_regs=BIGRAM,bigbss=BIGRAM,bigdata=BIGRAM -pbss=RAM \
  -pidata=CODE,irdata=CODE,ibigdata=CODE,ifardata=CODE -prparam=COMRAM \
  /tmp/xcXCLhdGB/driver_tmp_14.o \
  dist/default/production/dcuQ84.X.production.o 

Object code version is 3.11

Machine type is 18F47Q84



                Name                               Link     Load   Length Selector   Space Scale
/tmp/xcXCLhdGB/driver_tmp_14.o
                stack                              17A4     17A4     1F5C     17A4       2
                idloc                            200000   200000       40        0       5
                config                           300000   300000       23        0       4
                init                                10A      10A        8        4       0
                reset_vec                             0        0        4        0       0
dist/default/production/dcuQ84.X.production.o
                idloc                            200000   200000       40        0       5
                config                           300000   300000       23        0       4
                temp                                501      501       20      501       1
                mediumconst                        FD68     FD68      298     7EB4       0
                ivt0x8                                8        8      102        4       0
                text233                           18C10    18C10       1E     60BE       0
                text232                           18E10    18E10        6     6381       0
                text231                           18E4A    18E4A        2     6381       0
                text230                           18E48    18E48        2     6381       0
                text229                           17DE0    17DE0       44     5EA8       0
                text228                           16CF8    16CF8       9C     5A46       0
                text227                           17EA8    17EA8       42     5EA8       0
                text226                           185EC    185EC       2A     60BE       0
                text225                           18144    18144       3A     5FE9       0
                text224                           17D9C    17D9C       44     5EA8       0
                text223                           18094    18094       3C     5FE9       0
                text222                           16E28    16E28       94     5A46       0
                text221                           18E46    18E46        2     6381       0
                text220                           1810A    1810A       3A     5FE9       0
                text219                           17D58    17D58       44     5EA8       0
                text218                           18226    18226       38     5FE9       0
                text217                           1564E    1564E      10A     5232       0
                text216                           16BBE    16BBE       9E     5A46       0
                text215                           18E44    18E44        2     6381       0
                text214                           18058    18058       3C     5FE9       0
                text213                           177A8    177A8       64     5DEA       0
                text212                           18E42    18E42        2     6381       0
                text211                           1801C    1801C       3C     5FE9       0
                text210                           18E40    18E40        2     6381       0
                text209                           17FE0    17FE0       3C     5FE9       0
                text208                           18E3E    18E3E        2     6381       0
                text207                           17FA4    17FA4       3C     5FE9       0
                text206                           18BF2    18BF2       1E     60BE       0
                text205                           18E0A    18E0A        6     6381       0
                text204                           18E3C    18E3C        2     6381       0
                text203                           18E3A    18E3A        2     6381       0
                text202                           16B1E    16B1E       A0     5A46       0
                text201                           17A44    17A44       5A     5E91       0
                text200                           185C2    185C2       2A     60BE       0
                text199                           179E8    179E8       5A     5DEA       0
                text198                           18E04    18E04        6     6381       0
                text197                           186B2    186B2       24     60BE       0
                text196                           18E38    18E38        2     6381       0
                text195                           17F28    17F28       3E     5EA8       0
                text194                           16918    16918       B6     5A46       0
                text193                           18B38    18B38       22     60BE       0
                text192                           18BD4    18BD4       1E     60BE       0
                text191                           137C4    137C4      394     8000       0
                text190                           15758    15758      104     5232       0
                text189                           17740    17740       66     BA84       0
                text188                           166E8    166E8       BC     B186       0
                text187                           18E36    18E36        2     6381       0
                text186                           18E34    18E34        2     6381       0
                text185                           18E32    18E32        2     6381       0
                text184                           18E30    18E30        2     6381       0
                text183                           18E2E    18E2E        2     6381       0
                text182                           13B58    13B58      31C     8000       0
                text181                           18E2C    18E2C        2     6381       0
                text180                           18E2A    18E2A        2     6381       0
                text179                           18E28    18E28        2     6381       0
                text178                           148C8    148C8      194     5232       0
                text177                           17EEA    17EEA       3E     5EA8       0
                text176                           183E8    183E8       2E     60BE       0
                text175                           18E26    18E26        2     6381       0
                text174                           17AA0    17AA0       58     5EA8       0
                text173                           180D0    180D0       3A     5FE9       0
                text172                           18E24    18E24        2     6381       0
                text171                           17CC8    17CC8       4C     5EA8       0
                text170                           1792C    1792C       60     5DEA       0
                text169                           18E22    18E22        2     6381       0
                text168                           17C7C    17C7C       4C     5EA8       0
                text167                           17D14    17D14       44     5EA8       0
                text166                           18E20    18E20        2     6381       0
                text165                           17C30    17C30       4C     5EA8       0
                text164                           18D58    18D58        E     C626       0
                text163                           18E1E    18E1E        2     6381       0
                text162                           18598    18598       2A     60BE       0
                text161                           18D4A    18D4A        E     C626       0
                text160                           18E1C    18E1C        2     6381       0
                text159                           1856E    1856E       2A     60BE       0
                text158                           18D3C    18D3C        E     C626       0
                text157                           18E1A    18E1A        2     6381       0
                text156                           18544    18544       2A     60BE       0
                text155                           182F8    182F8       32     60BE       0
                text154                           15434    15434      10E     5232       0
                text153                           18B16    18B16       22     60BE       0
                text152                           18AF4    18AF4       22     60BE       0
                text151                           18AD2    18AD2       22     60BE       0
                text150                           17310    17310       84     5A46       0
                text149                           1863E    1863E       28     60BE       0
                text148                           18AB0    18AB0       22     60BE       0
                text147                           18A8E    18A8E       22     60BE       0
                text146                           18A6C    18A6C       22     60BE       0
                text145                           18A4A    18A4A       22     60BE       0
                text144                           18A28    18A28       22     60BE       0
                text143                           18A06    18A06       22     60BE       0
                text142                           189E4    189E4       22     60BE       0
                text141                           1728C    1728C       84     5A46       0
                text140                           18D8A    18D8A        C     C626       0
                text139                           17410    17410       7C     5A46       0
                text138                           189C2    189C2       22     60BE       0
                text137                           1849A    1849A       2C     60BE       0
                text136                           18C68    18C68       1C     C626       0
                text135                           1851A    1851A       2A     60BE       0
                text134                           189A0    189A0       22     60BE       0
                text133                           17BE4    17BE4       4C     5EA8       0
                text132                           17AF8    17AF8       50     5EA8       0
                text131                           1846E    1846E       2C     60BE       0
                text130                           184F0    184F0       2A     60BE       0
                text129                           1897E    1897E       22     60BE       0
                text128                           1895C    1895C       22     60BE       0
                text127                           1893A    1893A       22     60BE       0
                text126                           17582    17582       7A     BA84       0
                text125                           17672    17672       68     BA84       0
                text124                           18D0C    18D0C       14     C626       0
                text123                           18918    18918       22     60BE       0
                text122                           188F6    188F6       22     60BE       0
                text121                           188D4    188D4       22     60BE       0
                text120                           15D2E    15D2E       DE     5232       0
                text119                           18C9E    18C9E       18     C626       0
                text118                           18C84    18C84       1A     C626       0
                text117                           18D2E    18D2E        E     C626       0
                text116                           188B2    188B2       22     60BE       0
                text115                           18616    18616       28     60BE       0
                text114                           18890    18890       22     60BE       0
                text113                           18442    18442       2C     60BE       0
                text112                           1886E    1886E       22     60BE       0
                text111                           183BA    183BA       2E     60BE       0
                text110                           1884C    1884C       22     60BE       0
                text109                           17E66    17E66       42     5EA8       0
                text108                           1882A    1882A       22     60BE       0
                text107                           18416    18416       2C     60BE       0
                text106                           18DB8    18DB8        8     C626       0
                text105                           18DB0    18DB0        8     C626       0
                text104                           18DA8    18DA8        8     C626       0
                text103                           1798C    1798C       5C     5DEA       0
                text102                           18808    18808       22     60BE       0
                text101                           187E6    187E6       22     60BE       0
                text100                           187C4    187C4       22     60BE       0
                text99                            187A2    187A2       22     60BE       0
                text98                            18780    18780       22     60BE       0
                text97                            16FDE    16FDE       8E     5A46       0
                text96                            1875E    1875E       22     60BE       0
                text95                            1873C    1873C       22     60BE       0
                text94                            1871A    1871A       22     60BE       0
                text93                            186F8    186F8       22     60BE       0
                text92                            186D6    186D6       22     60BE       0
                text91                            170F6    170F6       8A     5A46       0
                text90                            17B96    17B96       4E     5EA8       0
                text89                            18DFC    18DFC        6     C626       0
                text88                            18DF6    18DF6        6     C626       0
                text87                            18DF0    18DF0        6     C626       0
                text86                            18DEA    18DEA        6     C626       0
                text85                            18DE4    18DE4        6     C626       0
                text84                            17394    17394       7C     5A46       0
                text83                            15FBE    15FBE       D6     5232       0
                text82                            16C5C    16C5C       9C     5A46       0
                text81                            18BB6    18BB6       1E     60BE       0
                text80                            152F0    152F0      144     5232       0
                text79                            1302A    1302A      3E6     8000       0
                text78                            17F66    17F66       3C     5EA8       0
                text77                            16A78    16A78       A6     5A46       0
                text76                            182C4    182C4       32     5FE9       0
                text75                            14BE6    14BE6      186     5232       0
                text74                            18CE2    18CE2       16     C626       0
                text73                            18CCC    18CCC       16     C626       0
                text72                            18DA0    18DA0        8     C626       0
                text71                            18DDE    18DDE        6     C626       0
                text70                            1706C    1706C       8A     5A46       0
                text69                            16566    16566       C6     B186       0
                text68                            18DD8    18DD8        6     C626       0
                text67                            1685E    1685E       B8     B186       0
                text66                            17508    17508       7A     BA84       0
                text65                            176DA    176DA       66     BA84       0
                text64                            167A4    167A4       BA     B186       0
                text63                            17E24    17E24       42     5EA8       0
                text62                            1630C    1630C       CC     B186       0
                text61                            18B5A    18B5A       20     60BE       0
                text60                            18D96    18D96        A     C626       0
                text59                            17206    17206       86     5A46       0
                text58                            16EBC    16EBC       92     5A46       0
                text57                            18CB6    18CB6       16     C626       0
                text56                            15C46    15C46       E8     5232       0
                text55                            18DD2    18DD2        6     C626       0
                text54                            18DCC    18DCC        6     C626       0
                text53                            18DC6    18DC6        6     C626       0
                text52                            184C6    184C6       2A     60BE       0
                text51                            14A5C    14A5C      18A     5232       0
                text50                            1504C    1504C      15C     5232       0
                text49                            1585C    1585C      102     5232       0
                text48                            15EE8    15EE8       D6     5232       0
                text47                            164A0    164A0       C6     B186       0
                text46                            11756    11756      9DA     8000       0
                text45                            169CE    169CE       AA     5A46       0
                text44                            18C4C    18C4C       1C     C626       0
                text43                            181EE    181EE       38     5FE9       0
                text42                            18D7E    18D7E        C     C626       0
                text41                            18D72    18D72        C     C626       0
                text40                            18D66    18D66        C     C626       0
                text39                            1838A    1838A       30     60BE       0
                text38                            181B6    181B6       38     5FE9       0
                text37                            1868C    1868C       26     60BE       0
                text36                            18666    18666       26     60BE       0
                text35                            18CF8    18CF8       14     C626       0
                text34                            18B98    18B98       1E     60BE       0
                text33                            18B7A    18B7A       1E     60BE       0
                text32                            178CC    178CC       60     5DEA       0
                text31                            1786C    1786C       60     5DEA       0
                text30                            1780C    1780C       60     5DEA       0
                text29                            1835A    1835A       30     60BE       0
                text28                            1817E    1817E       38     5FE9       0
                text27                            18D20    18D20        E     C626       0
                text26                            15A5E    15A5E       FE     5232       0
                text25                            17180    17180       86     5A46       0
                text24                            16168    16168       D2     5232       0
                text23                            14366    14366      21A     8000       0
                text22                            15542    15542      10C     5232       0
                text21                            14148    14148      21E     8000       0
                text20                            14EDC    14EDC      170     5232       0
                text19                            14D6C    14D6C      170     5232       0
                text18                            12A70    12A70      5BA     8000       0
                text17                            16F4E    16F4E       90     5A46       0
                text16                            14580    14580      1B2     8000       0
                text15                            13E74    13E74      2D4     8000       0
                text14                            151A8    151A8      148     5232       0
                text13                            16D94    16D94       94     5A46       0
                text12                            16094    16094       D4     5232       0
                text11                            163D8    163D8       C8     B186       0
                text10                            1832A    1832A       30     60BE       0
                text9                             1825E    1825E       34     5FE9       0
                text8                             15E0C    15E0C       DC     5232       0
                text7                             10000    10000      BD0     8000       0
                text6                             18DC0    18DC0        6     C626       0
                text5                             10BD0    10BD0      B86     8000       0
                text4                             18292    18292       32     5FE9       0
                text3                             15B5C    15B5C       EA     5232       0
                text2                             1662C    1662C       BC     B186       0
                text1                             17B48    17B48       4E     5EA8       0
                text0                             12130    12130      940     8000       0
                cstackCOMRAM                        538      538       12      501       1
                cstackBANK5                         5C7      5C7       1D      560       1
                cstackBANK7                         7F1      7F1        B      700       1
                cstackBANK8                         8F3      8F3        8      800       1
                cstackBANK9                         9F0      9F0        8      900       1
                cstackBANK10                        AE9      AE9        C      A00       1
                cstackBANK11                        BF0      BF0        4      B00       1
                dataBIGRAM                         13F0     13F0      3B4      FF0       1
                bssBIGRAM                           FF0      FF0      400      FF0       1
                bssBANK15                           F00      F00       F0      F00       1
                dataBANK14                          E00      E00      100      E00       1
                bssBANK13                           D00      D00       40      D00       1
                bssBANK12                           C00      C00       C4      C00       1
                bssBANK11                           B00      B00       F0      B00       1
                bssBANK10                           A00      A00       E9      A00       1
                bssBANK9                            900      900       F0      900       1
                dataBANK8                           800      800       7B      800       1
                bssBANK8                            87B      87B       78      800       1
                dataBANK7                           700      700       D1      700       1
                bssBANK7                            7D1      7D1       20      700       1
                dataBANK6                           600      600       76      600       1
                bssBANK6                            6BE      6BE       42      600       1
                dataBANK5                           5AA      5AA       1D      560       1
                bssBANK5                            560      560       4A      560       1
                dataCOMRAM                          54A      54A        4      501       1
                bssCOMRAM                           521      521       17      501       1
                cinit                             14732    14732      194     8000       0
                nvBANK6                             676      676       48      600       1
                idataBANK14                       1595E    1595E      100     5232       0
                idataBANK8                        1748C    1748C       7B     5A46       0
                idataBANK7                        1623A    1623A       D1     5232       0
                idataBANK6                        175FC    175FC       76     BA84       0
                idataBANK5                        18C2E    18C2E       1D     60BE       0
                idataBIGRAM                       13410    13410      3B4     8000       0
                idataCOMRAM                       18E16    18E16        4     6381       0

TOTAL           Name                               Link     Load   Length     Space
        CLASS   STACK          
                stack                              17A4     17A4     1F5C         2

        CLASS   CODE           
                init                                10A      10A        8         0
                reset_vec                             0        0        4         0
                ivt0x8                                8        8      102         0
                text233                           18C10    18C10       1E         0
                text232                           18E10    18E10        6         0
                text231                           18E4A    18E4A        2         0
                text230                           18E48    18E48        2         0
                text229                           17DE0    17DE0       44         0
                text228                           16CF8    16CF8       9C         0
                text227                           17EA8    17EA8       42         0
                text226                           185EC    185EC       2A         0
                text225                           18144    18144       3A         0
                text224                           17D9C    17D9C       44         0
                text223                           18094    18094       3C         0
                text222                           16E28    16E28       94         0
                text221                           18E46    18E46        2         0
                text220                           1810A    1810A       3A         0
                text219                           17D58    17D58       44         0
                text218                           18226    18226       38         0
                text217                           1564E    1564E      10A         0
                text216                           16BBE    16BBE       9E         0
                text215                           18E44    18E44        2         0
                text214                           18058    18058       3C         0
                text213                           177A8    177A8       64         0
                text212                           18E42    18E42        2         0
                text211                           1801C    1801C       3C         0
                text210                           18E40    18E40        2         0
                text209                           17FE0    17FE0       3C         0
                text208                           18E3E    18E3E        2         0
                text207                           17FA4    17FA4       3C         0
                text206                           18BF2    18BF2       1E         0
                text205                           18E0A    18E0A        6         0
                text204                           18E3C    18E3C        2         0
                text203                           18E3A    18E3A        2         0
                text202                           16B1E    16B1E       A0         0
                text201                           17A44    17A44       5A         0
                text200                           185C2    185C2       2A         0
                text199                           179E8    179E8       5A         0
                text198                           18E04    18E04        6         0
                text197                           186B2    186B2       24         0
                text196                           18E38    18E38        2         0
                text195                           17F28    17F28       3E         0
                text194                           16918    16918       B6         0
                text193                           18B38    18B38       22         0
                text192                           18BD4    18BD4       1E         0
                text191                           137C4    137C4      394         0
                text190                           15758    15758      104         0
                text189                           17740    17740       66         0
                text188                           166E8    166E8       BC         0
                text187                           18E36    18E36        2         0
                text186                           18E34    18E34        2         0
                text185                           18E32    18E32        2         0
                text184                           18E30    18E30        2         0
                text183                           18E2E    18E2E        2         0
                text182                           13B58    13B58      31C         0
                text181                           18E2C    18E2C        2         0
                text180                           18E2A    18E2A        2         0
                text179                           18E28    18E28        2         0
                text178                           148C8    148C8      194         0
                text177                           17EEA    17EEA       3E         0
                text176                           183E8    183E8       2E         0
                text175                           18E26    18E26        2         0
                text174                           17AA0    17AA0       58         0
                text173                           180D0    180D0       3A         0
                text172                           18E24    18E24        2         0
                text171                           17CC8    17CC8       4C         0
                text170                           1792C    1792C       60         0
                text169                           18E22    18E22        2         0
                text168                           17C7C    17C7C       4C         0
                text167                           17D14    17D14       44         0
                text166                           18E20    18E20        2         0
                text165                           17C30    17C30       4C         0
                text164                           18D58    18D58        E         0
                text163                           18E1E    18E1E        2         0
                text162                           18598    18598       2A         0
                text161                           18D4A    18D4A        E         0
                text160                           18E1C    18E1C        2         0
                text159                           1856E    1856E       2A         0
                text158                           18D3C    18D3C        E         0
                text157                           18E1A    18E1A        2         0
                text156                           18544    18544       2A         0
                text155                           182F8    182F8       32         0
                text154                           15434    15434      10E         0
                text153                           18B16    18B16       22         0
                text152                           18AF4    18AF4       22         0
                text151                           18AD2    18AD2       22         0
                text150                           17310    17310       84         0
                text149                           1863E    1863E       28         0
                text148                           18AB0    18AB0       22         0
                text147                           18A8E    18A8E       22         0
                text146                           18A6C    18A6C       22         0
                text145                           18A4A    18A4A       22         0
                text144                           18A28    18A28       22         0
                text143                           18A06    18A06       22         0
                text142                           189E4    189E4       22         0
                text141                           1728C    1728C       84         0
                text140                           18D8A    18D8A        C         0
                text139                           17410    17410       7C         0
                text138                           189C2    189C2       22         0
                text137                           1849A    1849A       2C         0
                text136                           18C68    18C68       1C         0
                text135                           1851A    1851A       2A         0
                text134                           189A0    189A0       22         0
                text133                           17BE4    17BE4       4C         0
                text132                           17AF8    17AF8       50         0
                text131                           1846E    1846E       2C         0
                text130                           184F0    184F0       2A         0
                text129                           1897E    1897E       22         0
                text128                           1895C    1895C       22         0
                text127                           1893A    1893A       22         0
                text126                           17582    17582       7A         0
                text125                           17672    17672       68         0
                text124                           18D0C    18D0C       14         0
                text123                           18918    18918       22         0
                text122                           188F6    188F6       22         0
                text121                           188D4    188D4       22         0
                text120                           15D2E    15D2E       DE         0
                text119                           18C9E    18C9E       18         0
                text118                           18C84    18C84       1A         0
                text117                           18D2E    18D2E        E         0
                text116                           188B2    188B2       22         0
                text115                           18616    18616       28         0
                text114                           18890    18890       22         0
                text113                           18442    18442       2C         0
                text112                           1886E    1886E       22         0
                text111                           183BA    183BA       2E         0
                text110                           1884C    1884C       22         0
                text109                           17E66    17E66       42         0
                text108                           1882A    1882A       22         0
                text107                           18416    18416       2C         0
                text106                           18DB8    18DB8        8         0
                text105                           18DB0    18DB0        8         0
                text104                           18DA8    18DA8        8         0
                text103                           1798C    1798C       5C         0
                text102                           18808    18808       22         0
                text101                           187E6    187E6       22         0
                text100                           187C4    187C4       22         0
                text99                            187A2    187A2       22         0
                text98                            18780    18780       22         0
                text97                            16FDE    16FDE       8E         0
                text96                            1875E    1875E       22         0
                text95                            1873C    1873C       22         0
                text94                            1871A    1871A       22         0
                text93                            186F8    186F8       22         0
                text92                            186D6    186D6       22         0
                text91                            170F6    170F6       8A         0
                text90                            17B96    17B96       4E         0
                text89                            18DFC    18DFC        6         0
                text88                            18DF6    18DF6        6         0
                text87                            18DF0    18DF0        6         0
                text86                            18DEA    18DEA        6         0
                text85                            18DE4    18DE4        6         0
                text84                            17394    17394       7C         0
                text83                            15FBE    15FBE       D6         0
                text82                            16C5C    16C5C       9C         0
                text81                            18BB6    18BB6       1E         0
                text80                            152F0    152F0      144         0
                text79                            1302A    1302A      3E6         0
                text78                            17F66    17F66       3C         0
                text77                            16A78    16A78       A6         0
                text76                            182C4    182C4       32         0
                text75                            14BE6    14BE6      186         0
                text74                            18CE2    18CE2       16         0
                text73                            18CCC    18CCC       16         0
                text72                            18DA0    18DA0        8         0
                text71                            18DDE    18DDE        6         0
                text70                            1706C    1706C       8A         0
                text69                            16566    16566       C6         0
                text68                            18DD8    18DD8        6         0
                text67                            1685E    1685E       B8         0
                text66                            17508    17508       7A         0
                text65                            176DA    176DA       66         0
                text64                            167A4    167A4       BA         0
                text63                            17E24    17E24       42         0
                text62                            1630C    1630C       CC         0
                text61                            18B5A    18B5A       20         0
                text60                            18D96    18D96        A         0
                text59                            17206    17206       86         0
                text58                            16EBC    16EBC       92         0
                text57                            18CB6    18CB6       16         0
                text56                            15C46    15C46       E8         0
                text55                            18DD2    18DD2        6         0
                text54                            18DCC    18DCC        6         0
                text53                            18DC6    18DC6        6         0
                text52                            184C6    184C6       2A         0
                text51                            14A5C    14A5C      18A         0
                text50                            1504C    1504C      15C         0
                text49                            1585C    1585C      102         0
                text48                            15EE8    15EE8       D6         0
                text47                            164A0    164A0       C6         0
                text46                            11756    11756      9DA         0
                text45                            169CE    169CE       AA         0
                text44                            18C4C    18C4C       1C         0
                text43                            181EE    181EE       38         0
                text42                            18D7E    18D7E        C         0
                text41                            18D72    18D72        C         0
                text40                            18D66    18D66        C         0
                text39                            1838A    1838A       30         0
                text38                            181B6    181B6       38         0
                text37                            1868C    1868C       26         0
                text36                            18666    18666       26         0
                text35                            18CF8    18CF8       14         0
                text34                            18B98    18B98       1E         0
                text33                            18B7A    18B7A       1E         0
                text32                            178CC    178CC       60         0
                text31                            1786C    1786C       60         0
                text30                            1780C    1780C       60         0
                text29                            1835A    1835A       30         0
                text28                            1817E    1817E       38         0
                text27                            18D20    18D20        E         0
                text26                            15A5E    15A5E       FE         0
                text25                            17180    17180       86         0
                text24                            16168    16168       D2         0
                text23                            14366    14366      21A         0
                text22                            15542    15542      10C         0
                text21                            14148    14148      21E         0
                text20                            14EDC    14EDC      170         0
                text19                            14D6C    14D6C      170         0
                text18                            12A70    12A70      5BA         0
                text17                            16F4E    16F4E       90         0
                text16                            14580    14580      1B2         0
                text15                            13E74    13E74      2D4         0
                text14                            151A8    151A8      148         0
                text13                            16D94    16D94       94         0
                text12                            16094    16094       D4         0
                text11                            163D8    163D8       C8         0
                text10                            1832A    1832A       30         0
                text9                             1825E    1825E       34         0
                text8                             15E0C    15E0C       DC         0
                text7                             10000    10000      BD0         0
                text6                             18DC0    18DC0        6         0
                text5                             10BD0    10BD0      B86         0
                text4                             18292    18292       32         0
                text3                             15B5C    15B5C       EA         0
                text2                             1662C    1662C       BC         0
                text1                             17B48    17B48       4E         0
                text0                             12130    12130      940         0
                cinit                             14732    14732      194         0
                idataBANK14                       1595E    1595E      100         0
                idataBANK8                        1748C    1748C       7B         0
                idataBANK7                        1623A    1623A       D1         0
                idataBANK6                        175FC    175FC       76         0
                idataBANK5                        18C2E    18C2E       1D         0
                idataBIGRAM                       13410    13410      3B4         0
                idataCOMRAM                       18E16    18E16        4         0

        CLASS   CONST          

        CLASS   SMALLCONST     

        CLASS   MEDIUMCONST    
                mediumconst                        FD68     FD68      298         0

        CLASS   COMRAM         
                temp                                501      501       20         1
                cstackCOMRAM                        538      538       12         1
                dataCOMRAM                          54A      54A        4         1
                bssCOMRAM                           521      521       17         1

        CLASS   ABS1           

        CLASS   BIGRAM         
                dataBIGRAM                         13F0     13F0      3B4         1
                bssBIGRAM                           FF0      FF0      400         1

        CLASS   RAM            

        CLASS   BANK5          
                cstackBANK5                         5C7      5C7       1D         1
                dataBANK5                           5AA      5AA       1D         1
                bssBANK5                            560      560       4A         1

        CLASS   BANK6          
                dataBANK6                           600      600       76         1
                bssBANK6                            6BE      6BE       42         1
                nvBANK6                             676      676       48         1

        CLASS   BANK7          
                cstackBANK7                         7F1      7F1        B         1
                dataBANK7                           700      700       D1         1
                bssBANK7                            7D1      7D1       20         1

        CLASS   BANK8          
                cstackBANK8                         8F3      8F3        8         1
                dataBANK8                           800      800       7B         1
                bssBANK8                            87B      87B       78         1

        CLASS   BANK9          
                cstackBANK9                         9F0      9F0        8         1
                bssBANK9                            900      900       F0         1

        CLASS   BANK10         
                cstackBANK10                        AE9      AE9        C         1
                bssBANK10                           A00      A00       E9         1

        CLASS   BANK11         
                cstackBANK11                        BF0      BF0        4         1
                bssBANK11                           B00      B00       F0         1

        CLASS   BANK12         
                bssBANK12                           C00      C00       C4         1

        CLASS   BANK13         
                bssBANK13                           D00      D00       40         1

        CLASS   BANK14         
                dataBANK14                          E00      E00      100         1

        CLASS   BANK15         
                bssBANK15                           F00      F00       F0         1

        CLASS   BANK16         

        CLASS   BANK17         

        CLASS   BANK18         

        CLASS   BANK19         

        CLASS   BANK20         

        CLASS   BANK21         

        CLASS   BANK22         

        CLASS   BANK23         

        CLASS   BANK24         

        CLASS   BANK25         

        CLASS   BANK26         

        CLASS   BANK27         

        CLASS   BANK28         

        CLASS   BANK29         

        CLASS   BANK30         

        CLASS   BANK31         

        CLASS   BANK32         

        CLASS   BANK33         

        CLASS   BANK34         

        CLASS   BANK35         

        CLASS   BANK36         

        CLASS   BANK37         

        CLASS   BANK38         

        CLASS   BANK39         

        CLASS   BANK40         

        CLASS   BANK41         

        CLASS   BANK42         

        CLASS   BANK43         

        CLASS   BANK44         

        CLASS   BANK45         

        CLASS   BANK46         

        CLASS   BANK47         

        CLASS   BANK48         

        CLASS   BANK49         

        CLASS   BANK50         

        CLASS   BANK51         

        CLASS   BANK52         

        CLASS   BANK53         

        CLASS   BANK54         

        CLASS   SFR            

        CLASS   BIGSFR         

        CLASS   CONFIG         
                config                           300000   300000       23         4

        CLASS   IDLOC          
                idloc                            200000   200000       40         5

        CLASS   EEDATA         

        CLASS   FARRAM         

        CLASS   HEAP           



SEGMENTS        Name                           Load    Length   Top    Selector   Space  Class

                bssBIGRAM                      000FF0  0007B4  0017A4       FF0       1  BIGRAM  
                text178                        0148C8  001A43  01630B      5232       0  CODE    
                text7                          010000  0048C6  0148C6      8000       0  CODE    
                text207                        017FA4  000352  0182F6      5FE9       0  CODE    
                text155                        0182F8  000953  018C4B      60BE       0  CODE    
                text44                         018C4C  0001B6  018E02      C626       0  CODE    
                text198                        018E04  000048  018E4C      6381       0  CODE    
                reset_vec                      000000  000004  000004         0       0  CODE    
                text213                        0177A8  00029A  017A42      5DEA       0  CODE    
                text66                         017508  00029E  0177A6      BA84       0  CODE    
                text62                         01630C  00060A  016916      B186       0  CODE    
                text194                        016918  000BEF  017507      5A46       0  CODE    
                text201                        017A44  00005A  017A9E      5E91       0  CODE    
                text174                        017AA0  000502  017FA2      5EA8       0  CODE    
                dataBANK14                     000E00  000100  000F00       E00       1  BANK14  
                bssBANK9                       000900  0000F8  0009F8       900       1  BANK9   
                bssBANK15                      000F00  0000F0  000FF0       F00       1  BANK15  
                bssBANK11                      000B00  0000F4  000BF4       B00       1  BANK11  
                bssBANK5                       000560  000084  0005E4       560       1  BANK5   
                temp                           000501  00004D  00054E       501       1  COMRAM  
                mediumconst                    00FD68  000298  010000      7EB4       0  MEDIUMCO
                bssBANK10                      000A00  0000F5  000AF5       A00       1  BANK10  
                bssBANK12                      000C00  0000C4  000CC4       C00       1  BANK12  
                dataBANK7                      000700  0000FC  0007FC       700       1  BANK7   
                ivt0x8                         000008  00010A  000112         4       0  CODE    
                stack                          0017A4  001F5C  003700      17A4       2  STACK   
                dataBANK8                      000800  0000FB  0008FB       800       1  BANK8   
                bssBANK13                      000D00  000040  000D40       D00       1  BANK13  
                dataBANK6                      000600  000100  000700       600       1  BANK6   


UNUSED ADDRESS RANGES

        Name                Unused          Largest block    Delta
        BANK10           000AF5-000AFF                B
        BANK11           000BF4-000BFF                C
        BANK12           000CC4-000CFF               3C
        BANK13           000D40-000DFF               C0
        BANK23           0017A4-0017FF               5C
        BANK24           001800-0018FF              100
        BANK25           001900-0019FF              100
        BANK26           001A00-001AFF              100
        BANK27           001B00-001BFF              100
        BANK28           001C00-001CFF              100
        BANK29           001D00-001DFF              100
        BANK30           001E00-001EFF              100
        BANK31           001F00-001FFF              100
        BANK32           002000-0020FF              100
        BANK33           002100-0021FF              100
        BANK34           002200-0022FF              100
        BANK35           002300-0023FF              100
        BANK36           002400-0024FF              100
        BANK37           002500-0025FF              100
        BANK38           002600-0026FF              100
        BANK39           002700-0027FF              100
        BANK40           002800-0028FF              100
        BANK41           002900-0029FF              100
        BANK42           002A00-002AFF              100
        BANK43           002B00-002BFF              100
        BANK44           002C00-002CFF              100
        BANK45           002D00-002DFF              100
        BANK46           002E00-002EFF              100
        BANK47           002F00-002FFF              100
        BANK48           003000-0030FF              100
        BANK49           003100-0031FF              100
        BANK5            0005E4-0005FF               1C
        BANK50           003200-0032FF              100
        BANK51           003300-0033FF              100
        BANK52           003400-0034FF              100
        BANK53           003500-0035FF              100
        BANK54           003600-0036FF              100
        BANK7            0007FC-0007FF                4
        BANK8            0008FB-0008FF                5
        BANK9            0009F8-0009FF                8
        BIGRAM           00054E-00055F               12
                         0005E4-0005FF               1C
                         0007FC-0007FF                4
                         0008FB-0008FF                5
                         0009F8-0009FF                8
                         000AF5-000AFF                B
                         000BF4-000BFF                C
                         000CC4-000CFF               3C
                         000D40-000DFF               C0
                         0017A4-0036FF             1F5C
        BIGSFR           000000-0004FF              500
                         003700-003FFF              900
        CODE             000004-000007                4
                         000112-00FD67             FC56
                         0148C6-0148C7                2
                         01630B-01630B                1
                         016916-016917                2
                         017507-017507                1
                         0177A6-0177A7                2
                         017A42-017A43                2
                         017A9E-017A9F                2
                         017FA2-017FA3                2
                         0182F6-0182F7                2
                         018C4B-018C4B                1
                         018E02-018E03                2
                         018E4C-01FFFF             71B4
        COMRAM           00054E-00055F               12
        CONFIG           300023-300023                1
        CONST            000004-000007                4
                         000112-00FD67             FC56
                         0148C6-0148C7                2
                         01630B-01630B                1
                         016916-016917                2
                         017507-017507                1
                         0177A6-0177A7                2
                         017A42-017A43                2
                         017A9E-017A9F                2
                         017FA2-017FA3                2
                         0182F6-0182F7                2
                         018C4B-018C4B                1
                         018E02-018E03                2
                         018E4C-01FFFF             71B4
        EEDATA           380000-3803FF              400
        MEDIUMCONST      004000-00FD67             BD68
                         0148C6-0148C7                2
                         01630B-01630B                1
                         016916-016917                2
                         017507-017507                1
                         0177A6-0177A7                2
                         017A42-017A43                2
                         017A9E-017A9F                2
                         017FA2-017FA3                2
                         0182F6-0182F7                2
                         018C4B-018C4B                1
                         018E02-018E03                2
                         018E4C-01FFFF             71B4
        RAM              0005E4-0005FF               1C
                         0007FC-0007FF                4
                         0008FB-0008FF                5
                         0009F8-0009FF                8
                         000AF5-000AFF                B
                         000BF4-000BFF                C
                         000CC4-000CFF               3C
                         000D40-000DFF               C0
                         0017A4-0036FF              100
        SFR              000000-0004FF              100
                         003700-003FFF              100
        SMALLCONST       004000-00FD67              100
                         0148C6-0148C7                2
                         01630B-01630B                1
                         016916-016917                2
                         017507-017507                1
                         0177A6-0177A7                2
                         017A42-017A43                2
                         017A9E-017A9F                2
                         017FA2-017FA3                2
                         0182F6-0182F7                2
                         018C4B-018C4B                1
                         018E02-018E03                2
                         018E4C-01FFFF              100

                                  Symbol Table

Can1FIFO1NotEmptyHandler@half                      bssBANK5     0005A7
IVTBASEH                                           (abs)        00045E
IVTBASEL                                           (abs)        00045D
IVTBASEU                                           (abs)        00045F
_ADACCH                                            (abs)        0003E4
_ADACCL                                            (abs)        0003E3
_ADACCU                                            (abs)        0003E5
_ADACQH                                            (abs)        0003EF
_ADACQL                                            (abs)        0003EE
_ADACT                                             (abs)        0003F9
_ADCAP                                             (abs)        0003F0
_ADCLK                                             (abs)        0003FA
_ADCNT                                             (abs)        0003E6
_ADCON0                                            (abs)        0003F3
_ADCON1                                            (abs)        0003F4
_ADCON2                                            (abs)        0003F5
_ADCON3                                            (abs)        0003F6
_ADCP                                              (abs)        0003D8
_ADCSEL1                                           (abs)        0003FC
_ADCTX                                             (abs)        0003FB
_ADC_ACTI_ISR                                      text209      017FE0
_ADC_ADCH1_ISR                                     text211      01801C
_ADC_ADI_ISR                                       text207      017FA4
_ADC_ActiveClockTuning_ISR                         nvBANK6      000694
_ADC_Context1Thereshld_ISR                         nvBANK6      000697
_ADC_ConversionComplete_ISR                        nvBANK6      00069A
_ADC_DefaultADI_ISR                                text208      018E3E
_ADC_DefaultActiveClockTuning_ISR                  text210      018E40
_ADC_DefaultContext1Threshold_ISR                  text212      018E42
_ADC_Initialize                                    text150      017310
_ADC_SetADIInterruptHandler                        text153      018B16
_ADC_SetActiveClockTuningInterruptHandler          text152      018AF4
_ADC_SetContext1ThresholdInterruptHandler          text151      018AD2
_ADLTHH                                            (abs)        0003DA
_ADLTHL                                            (abs)        0003D9
_ADPCH                                             (abs)        0003EC
_ADPREH                                            (abs)        0003F2
_ADPREL                                            (abs)        0003F1
_ADREF                                             (abs)        0003F8
_ADRESH                                            (abs)        0003EB
_ADRESL                                            (abs)        0003EA
_ADRPT                                             (abs)        0003E7
_ADSTAT                                            (abs)        0003F7
_ADSTPTH                                           (abs)        0003E0
_ADSTPTL                                           (abs)        0003DF
_ADUTHH                                            (abs)        0003DC
_ADUTHL                                            (abs)        0003DB
_ANSELA                                            (abs)        000400
_ANSELB                                            (abs)        000408
_ANSELC                                            (abs)        000410
_ANSELD                                            (abs)        000418
_ANSELE                                            (abs)        000420
_B                                                 dataBANK6    000600
_C                                                 dataBIGRAM   0015F0
_C1CONH                                            (abs)        000101
_C1CONHbits                                        (abs)        000101
_C1CONL                                            (abs)        000100
_C1CONTbits                                        (abs)        000103
_C1CONU                                            (abs)        000102
_C1CONUbits                                        (abs)        000102
_C1DBTCFGH                                         (abs)        000109
_C1DBTCFGL                                         (abs)        000108
_C1DBTCFGT                                         (abs)        00010B
_C1DBTCFGU                                         (abs)        00010A
_C1FIFOBA                                          (abs)        00014C
_C1FIFOCON1H                                       (abs)        00015D
_C1FIFOCON1L                                       (abs)        00015C
_C1FIFOCON1Lbits                                   (abs)        00015C
_C1FIFOCON1T                                       (abs)        00015F
_C1FIFOCON1U                                       (abs)        00015E
_C1FIFOCON2H                                       (abs)        000169
_C1FIFOCON2L                                       (abs)        000168
_C1FIFOCON2T                                       (abs)        00016B
_C1FIFOCON2U                                       (abs)        00016A
_C1FIFOCON3H                                       (abs)        000175
_C1FIFOCON3L                                       (abs)        000174
_C1FIFOCON3T                                       (abs)        000177
_C1FIFOCON3U                                       (abs)        000176
_C1FIFOSTA1Lbits                                   (abs)        000160
_C1FIFOSTA2Lbits                                   (abs)        00016C
_C1FIFOSTA3Lbits                                   (abs)        000178
_C1FLTCON0H                                        (abs)        000181
_C1FLTCON0L                                        (abs)        000180
_C1FLTOBJ0H                                        (abs)        00018D
_C1FLTOBJ0L                                        (abs)        00018C
_C1FLTOBJ0T                                        (abs)        00018F
_C1FLTOBJ0U                                        (abs)        00018E
_C1FLTOBJ1H                                        (abs)        000195
_C1FLTOBJ1L                                        (abs)        000194
_C1FLTOBJ1T                                        (abs)        000197
_C1FLTOBJ1U                                        (abs)        000196
_C1INTH                                            (abs)        00011D
_C1INTHbits                                        (abs)        00011D
_C1INTL                                            (abs)        00011C
_C1INTLbits                                        (abs)        00011C
_C1INTT                                            (abs)        00011F
_C1INTU                                            (abs)        00011E
_C1INTUbits                                        (abs)        00011E
_C1MASK0H                                          (abs)        000191
_C1MASK0L                                          (abs)        000190
_C1MASK0T                                          (abs)        000193
_C1MASK0U                                          (abs)        000192
_C1MASK1H                                          (abs)        000199
_C1MASK1L                                          (abs)        000198
_C1MASK1T                                          (abs)        00019B
_C1MASK1U                                          (abs)        00019A
_C1NBTCFGH                                         (abs)        000105
_C1NBTCFGL                                         (abs)        000104
_C1NBTCFGT                                         (abs)        000107
_C1NBTCFGU                                         (abs)        000106
_C1TDCH                                            (abs)        00010D
_C1TDCU                                            (abs)        00010E
_C1TXQCONH                                         (abs)        000151
_C1TXQCONHbits                                     (abs)        000151
_C1TXQCONL                                         (abs)        000150
_C1TXQCONT                                         (abs)        000153
_C1TXQCONU                                         (abs)        000152
_C1TXQSTALbits                                     (abs)        000154
_CAN1_BitRateConfiguration                         text149      01863E
_CAN1_BusErrorHandler                              bssBANK5     000590
_CAN1_BusWakeUpActivityHandler                     bssBANK5     000593
_CAN1_ErrorNotificationInterruptEnable             text141      01728C
_CAN1_FIFO1NotEmptyHandler                         bssBANK5     000599
_CAN1_ISR                                          text178      0148C8
_CAN1_Initialize                                   text132      017AF8
_CAN1_InvalidMessageHandler                        bssBANK5     000596
_CAN1_ModeChangeHandler                            bssBANK5     00058D
_CAN1_OperationModeGet                             text140      018D8A
_CAN1_OperationModeSet                             text139      017410
_CAN1_RXI_ISR                                      text194      016918
_CAN1_RX_FIFO_Configuration                        text137      01849A
_CAN1_RX_FIFO_FilterMaskConfiguration              text136      018C68
_CAN1_RX_FIFO_ResetInfo                            text135      01851A
_CAN1_ReceiveFrom                                  text189      017740
_CAN1_RxBufferOverflowHandler                      bssBANK5     000584
_CAN1_SetBusErrorInterruptHandler                  text148      018AB0
_CAN1_SetBusWakeUpActivityInterruptHandler         text147      018A8E
_CAN1_SetFIFO1NotEmptyHandler                      text138      0189C2
_CAN1_SetInvalidMessageInterruptHandler            text146      018A6C
_CAN1_SetModeChangeInterruptHandler                text145      018A4A
_CAN1_SetRxBufferOverFlowInterruptHandler          text144      018A28
_CAN1_SetSystemErrorInterruptHandler               text143      018A06
_CAN1_SetTXQNotFullHandler                         text134      0189A0
_CAN1_SetTxAttemptInterruptHandler                 text142      0189E4
_CAN1_SystemErrorHandler                           bssBANK5     00058A
_CAN1_TXI_ISR                                      text195      017F28
_CAN1_TXQNotFullHandler                            bssBANK5     00059C
_CAN1_TX_FIFO_Configuration                        text133      017BE4
_CAN1_Transmit                                     text77       016A78
_CAN1_TransmitFIFOStatusGet                        text76       0182C4
_CAN1_TxAttemptHandler                             bssBANK5     000587
_CANRXPPS                                          (abs)        00023D
_CLC7_Initialize                                   text131      01846E
_CLC8_Initialize                                   text130      0184F0
_CLCDATA                                           (abs)        0000D4
_CLCSELECT                                         (abs)        0000D5
_CLCnCON                                           (abs)        0000D6
_CLCnGLS0                                          (abs)        0000DC
_CLCnGLS1                                          (abs)        0000DD
_CLCnGLS2                                          (abs)        0000DE
_CLCnGLS3                                          (abs)        0000DF
_CLCnPOL                                           (abs)        0000D7
_CLCnSEL0                                          (abs)        0000D8
_CLCnSEL1                                          (abs)        0000D9
_CLCnSEL2                                          (abs)        0000DA
_CLCnSEL3                                          (abs)        0000DB
_Can1FIFO1NotEmptyHandler                          text182      013B58
_DLC_BYTES                                         mediumconst  00FD69
_DMA1PR                                            (abs)        0000B6
_DMA1_AI_InterruptHandler                          nvBANK6      000688
_DMA1_DMAAI_ISR                                    text223      018094
_DMA1_DMAORI_ISR                                   text224      017D9C
_DMA1_DMASCNTI_ISR                                 text219      017D58
_DMA1_DefaultInterruptHandler                      text221      018E46
_DMA1_Initialize                                   text126      017582
_DMA1_ORI_InterruptHandler                         nvBANK6      000685
_DMA1_SCNTI_InterruptHandler                       nvBANK6      00068B
_DMA1_SetAIInterruptHandler                        text129      01897E
_DMA1_SetDMAPriority                               text61       018B5A
_DMA1_SetDestinationSize                           text74       018CE2
_DMA1_SetORIInterruptHandler                       text128      01895C
_DMA1_SetSCNTIInterruptHandler                     text127      01893A
_DMA1_SetSourceSize                                text73       018CCC
_DMA1_StartTransferWithTrigger                     text72       018DA0
_DMA1_StopTransfer                                 text60       018D96
_DMASELECT                                         (abs)        0000E8
_DMAnAIRQ                                          (abs)        0000FE
_DMAnCON0                                          (abs)        0000FC
_DMAnCON0bits                                      (abs)        0000FC
_DMAnCON1                                          (abs)        0000FD
_DMAnCON1bits                                      (abs)        0000FD
_DMAnDSA                                           (abs)        0000F0
_DMAnDSZ                                           (abs)        0000EE
_DMAnSIRQ                                          (abs)        0000FF
_DMAnSSA                                           (abs)        0000F9
_DMAnSSZ                                           (abs)        0000F7
_DefaultBusErrorHandler                            text187      018E36
_DefaultBusWakeUpActivityHandler                   text186      018E34
_DefaultFIFO1NotEmptyHandler                       text181      018E2C
_DefaultInvalidMessageHandler                      text185      018E32
_DefaultModeChangeHandler                          text184      018E30
_DefaultRxBufferOverflowHandler                    text183      018E2E
_DefaultSystemErrorHandler                         text180      018E2A
_DefaultTXQNotFullHandler                          text196      018E38
_DefaultTxAttemptHandler                           text179      018E28
_Default_ISR                                       text198      018E04
_DeviceID_Read                                     text154      015434
_FM_io                                             text214      018058
_GIE                                               (abs)        0026B7
_GetRxFifoDepth                                    text193      018B38
_GetRxFifoStatus                                   text192      018BD4
_GetTxFifoStatus                                   text81       018BB6
_INLVLA                                            (abs)        000404
_INLVLB                                            (abs)        00040C
_INLVLC                                            (abs)        000414
_INLVLD                                            (abs)        00041C
_INLVLE                                            (abs)        000424
_INTCON0bits                                       (abs)        0004D6
_INTERRUPT_Initialize                              text125      017672
_IOCAF1_DefaultInterruptHandler                    text163      018E1E
_IOCAF1_ISR                                        text162      018598
_IOCAF1_InterruptHandler                           nvBANK6      0006AF
_IOCAF1_SetInterruptHandler                        text123      018918
_IOCAF2_DefaultInterruptHandler                    text160      018E1C
_IOCAF2_ISR                                        text159      01856E
_IOCAF2_InterruptHandler                           nvBANK6      0006AC
_IOCAF2_SetInterruptHandler                        text122      0188F6
_IOCAF5_DefaultInterruptHandler                    text157      018E1A
_IOCAF5_ISR                                        text156      018544
_IOCAF5_InterruptHandler                           nvBANK6      0006A9
[...]
isa$std                                            (abs)        000001
isa$xinst                                          (abs)        000000
ivt0x8_base                                        ivt0x8       000008
ivt0x8_undefint                                    ivt0x8       000108
lltemp0                                            temp         000501
lltemp1                                            temp         000509
lltemp2                                            temp         000511
lltemp3                                            temp         000519
localtime@tm                                       bssBANK8     0008DB
ltemp0                                             temp         000501
ltemp1                                             temp         000505
ltemp2                                             temp         000509
main@e_update                                      bssBANK5     0005A8
main@error_save                                    dataBANK6    000672
main@s_update                                      bssBANK5     0005A9
master_controller_work_dcu@spacing                 bssBANK6     0006E3
my_modbus_rx_32@m_data                             bssCOMRAM    000526
spinners@s                                         bssBANK6     0006D8
stackhi                                            (abs)        0036FF
stacklo                                            (abs)        0017A4
start                                              init         00010A
start_initialization                               cinit        014732
ttemp0                                             temp         000501
ttemp1                                             temp         000504
ttemp2                                             temp         000507
ttemp3                                             temp         00050A
ttemp5                                             temp         000502
ttemp6                                             temp         000505
ttemp7                                             temp         000509
wtemp0                                             temp         000501
wtemp1                                             temp         000503
wtemp2                                             temp         000505
wtemp3                                             temp         000507
wtemp4                                             temp         000509
wtemp5                                             temp         00050B
wtemp8                                             temp         000502


MODULE INFORMATION

Module		Function		Class		Link	Load	Size
mcc_generated_files/can1.c
		_ReadMessageFromFifo		CODE           	137C4	0000	916
		_ValidateTransmission		CODE           	152F0	0000	324
		_DefaultTXQNotFullHandler		CODE           	18E38	0000	2
		_DefaultFIFO1NotEmptyHandler		CODE           	18E2C	0000	2
		_CAN1_BitRateConfiguration		CODE           	1863E	0000	40
		_CAN1_SetTxAttemptInterruptHandler		CODE           	189E4	0000	34
		_Receive       		CODE           	15758	0000	260
		_CAN1_SetInvalidMessageInterruptHandler		CODE           	18A6C	0000	34
		_CAN1_TX_FIFO_Configuration		CODE           	17BE4	0000	76
		_GetRxFifoDepth		CODE           	18B38	0000	34
		_CAN1_ISR      		CODE           	148C8	0000	404
		_DefaultBusErrorHandler		CODE           	18E36	0000	2
		_CAN1_OperationModeGet		CODE           	18D8A	0000	12
		_CAN1_Initialize		CODE           	17AF8	0000	80
		_DefaultInvalidMessageHandler		CODE           	18E32	0000	2
		_CAN1_SetFIFO1NotEmptyHandler		CODE           	189C2	0000	34
		_DefaultBusWakeUpActivityHandler		CODE           	18E34	0000	2
		_CAN1_TransmitFIFOStatusGet		CODE           	182C4	0000	50
		_CAN1_Transmit 		CODE           	16A78	0000	166
		_CAN1_RX_FIFO_FilterMaskConfiguration		CODE           	18C68	0000	28
		_CAN1_RX_FIFO_Configuration		CODE           	1849A	0000	44
		_CAN1_TXI_ISR  		CODE           	17F28	0000	62
		_GetRxFifoStatus		CODE           	18BD4	0000	30
		_CAN1_SetBusErrorInterruptHandler		CODE           	18AB0	0000	34
		_CAN1_SetSystemErrorInterruptHandler		CODE           	18A06	0000	34
		_DefaultSystemErrorHandler		CODE           	18E2A	0000	2
		_isTxChannel   		CODE           	17F66	0000	60
		_CAN1_SetTXQNotFullHandler		CODE           	189A0	0000	34
		_GetTxFifoStatus		CODE           	18BB6	0000	30
		_WriteMessageToFifo		CODE           	1302A	0000	998
		_DefaultRxBufferOverflowHandler		CODE           	18E2E	0000	2
		_CAN1_ErrorNotificationInterruptEnable		CODE           	1728C	0000	132
		_CAN1_SetBusWakeUpActivityInterruptHandler		CODE           	18A8E	0000	34
		_CAN1_SetRxBufferOverFlowInterruptHandler		CODE           	18A28	0000	34
		_CAN1_RX_FIFO_ResetInfo		CODE           	1851A	0000	42
		_CAN1_OperationModeSet		CODE           	17410	0000	124
		_CAN1_SetModeChangeInterruptHandler		CODE           	18A4A	0000	34
		_CAN1_RXI_ISR  		CODE           	16918	0000	182
		_DefaultTxAttemptHandler		CODE           	18E28	0000	2
		_CAN1_ReceiveFrom		CODE           	17740	0000	102
		_DefaultModeChangeHandler		CODE           	18E30	0000	2

mcc_generated_files/can1.c estimated size: 4520

mcc_generated_files/uart2.c
		_UART2_DefaultErrorHandler		CODE           	18E0A	0000	6
		_UART2_RxDataHandler		CODE           	18BF2	0000	30
		_UART2_DefaultOverrunErrorHandler		CODE           	18E3A	0000	2
		_putch         		CODE           	18D20	0000	14
		_UART2_rx_vect_isr		CODE           	17A44	0000	90
		_UART2_Write   		CODE           	1817E	0000	56
		_UART2_SetFramingErrorHandler		CODE           	187E6	0000	34
		_UART2_SetOverrunErrorHandler		CODE           	187C4	0000	34
		_UART2_tx_vect_isr		CODE           	179E8	0000	90
		_UART2_Receive_ISR		CODE           	16B1E	0000	160
		_UART2_SetRxInterruptHandler		CODE           	187A2	0000	34
		_UART2_SetTxInterruptHandler		CODE           	18780	0000	34
		_UART2_Initialize		CODE           	16FDE	0000	142
		_UART2_SetErrorHandler		CODE           	18808	0000	34
		_UART2_Transmit_ISR		CODE           	185C2	0000	42
		_UART2_DefaultFramingErrorHandler		CODE           	18E3C	0000	2

mcc_generated_files/uart2.c estimated size: 804

../timers.c
		_timer_ms_tick 		CODE           	16BBE	0000	158
		_WaitMs        		CODE           	18666	0000	38
		_StartTimer    		CODE           	181B6	0000	56
		_delay_ms      		CODE           	18CF8	0000	20
		_TimerDone     		CODE           	1868C	0000	38

../timers.c estimated size: 310

mcc_generated_files/tmr6.c
		_TMR6_StartTimer		CODE           	18DC6	0000	6
		_TMR6_ISR      		CODE           	17CC8	0000	76
		_TMR6_Initialize		CODE           	18416	0000	44
		_TMR6_Start    		CODE           	18DCC	0000	6
		_TMR6_SetInterruptHandler		CODE           	1882A	0000	34
		_TMR6_DefaultInterruptHandler		CODE           	18E24	0000	2

mcc_generated_files/tmr6.c estimated size: 168

mcc_generated_files/tmr4.c
		_TMR4_ISR      		CODE           	177A8	0000	100
		_TMR4_Initialize		CODE           	183BA	0000	46
		_TMR4_Start    		CODE           	18DEA	0000	6
		_TMR4_SetInterruptHandler		CODE           	1886E	0000	34
		_TMR4_DefaultInterruptHandler		CODE           	18E44	0000	2
		_TMR4_StartTimer		CODE           	18DE4	0000	6

mcc_generated_files/tmr4.c estimated size: 194

/opt/microchip/xc8/v2.50/pic/sources/c99/common/memset.c
		_memset        		CODE           	17206	0000	134

/opt/microchip/xc8/v2.50/pic/sources/c99/common/memset.c estimated size: 134

/opt/microchip/xc8/v2.50/pic/sources/c99/common/nf_snprintf.c
		_snprintf      		CODE           	14580	0000	434

/opt/microchip/xc8/v2.50/pic/sources/c99/common/nf_snprintf.c estimated size: 434

mcc_generated_files/tmr2.c
		_TMR2_ISR      		CODE           	17C7C	0000	76
		_TMR2_Initialize		CODE           	18442	0000	44
		_TMR2_Start    		CODE           	18DF6	0000	6
		_TMR2_SetInterruptHandler		CODE           	18890	0000	34
		_TMR2_DefaultInterruptHandler		CODE           	18E22	0000	2
		_TMR2_StartTimer		CODE           	18DF0	0000	6

mcc_generated_files/tmr2.c estimated size: 168

mcc_generated_files/interrupt_manager.c
		_INTERRUPT_Initialize		CODE           	17672	0000	104
		_Default_ISR   		CODE           	18E04	0000	6

mcc_generated_files/interrupt_manager.c estimated size: 110

/opt/microchip/xc8/v2.50/pic/sources/c99/common/nf_fputc.c
		_fputc         		CODE           	15A5E	0000	254

/opt/microchip/xc8/v2.50/pic/sources/c99/common/nf_fputc.c estimated size: 254

/opt/microchip/xc8/v2.50/pic/sources/c99/common/abs.c
		_abs           		CODE           	1835A	0000	48

/opt/microchip/xc8/v2.50/pic/sources/c99/common/abs.c estimated size: 48

mcc_generated_files/tmr0.c
		_TMR0_SetInterruptHandler		CODE           	188B2	0000	34
		_TMR0_DefaultInterruptHandler		CODE           	18E20	0000	2
		_TMR0_StartTimer		CODE           	18DFC	0000	6
		_TMR0_ISR      		CODE           	17C30	0000	76
		_TMR0_Initialize		CODE           	18616	0000	40

mcc_generated_files/tmr0.c estimated size: 158

mxcmd.c
		_calc_checksum 		CODE           	166E8	0000	188
		_onesec_io     		CODE           	17D14	0000	68
		_FM_io         		CODE           	18058	0000	60
		_tensec_io     		CODE           	1792C	0000	96

mxcmd.c estimated size: 412

mcc_generated_files/clc8.c
		_CLC8_Initialize		CODE           	184F0	0000	42

mcc_generated_files/clc8.c estimated size: 42

/opt/microchip/xc8/v2.50/pic/sources/c99/common/doprnt.c
		_read_prec_or_width		CODE           	15542	0000	268
		_vfpfcnvrt     		CODE           	12A70	0000	1466
		_pad           		CODE           	16168	0000	210
		_dtoa          		CODE           	14366	0000	538
		_vfprintf      		CODE           	16F4E	0000	144
		_stoa          		CODE           	14148	0000	542
		_utoa          		CODE           	14EDC	0000	368
		_xtoa          		CODE           	14D6C	0000	368

/opt/microchip/xc8/v2.50/pic/sources/c99/common/doprnt.c estimated size: 3904

mcc_generated_files/pin_manager.c
		_IOCAF5_SetInterruptHandler		CODE           	188D4	0000	34
		_PIN_MANAGER_Initialize		CODE           	15D2E	0000	222
		_IOCAF1_DefaultInterruptHandler		CODE           	18E1E	0000	2
		_IOCAF1_ISR    		CODE           	18598	0000	42
		_IOCAF2_DefaultInterruptHandler		CODE           	18E1C	0000	2
		_IOCAF5_DefaultInterruptHandler		CODE           	18E1A	0000	2
		_IOCAF2_ISR    		CODE           	1856E	0000	42
		_IOCAF1_SetInterruptHandler		CODE           	18918	0000	34
		_IOCAF5_ISR    		CODE           	18544	0000	42
		_PIN_MANAGER_IOC		CODE           	182F8	0000	50
		_IOCAF2_SetInterruptHandler		CODE           	188F6	0000	34

mcc_generated_files/pin_manager.c estimated size: 506

/opt/microchip/xc8/v2.50/pic/sources/c99/common/localtime.c
		_localtime     		CODE           	18C4C	0000	28

/opt/microchip/xc8/v2.50/pic/sources/c99/common/localtime.c estimated size: 28

../canfd.c
		_can_setup     		CODE           	17394	0000	124
		_TXQNotFullHandler		CODE           	186B2	0000	36
		_Can1FIFO1NotEmptyHandler		CODE           	13B58	0000	796
		_can_fd_lcd_mirror		CODE           	14BE6	0000	390

../canfd.c estimated size: 1346

../eadog.c
		_clear_lcd_done		CODE           	16E28	0000	148
		_init_display  		CODE           	15C46	0000	232
		_eaDogM_Scroll_String		CODE           	16C5C	0000	156
		_send_lcd_cmd_dma		CODE           	18CB6	0000	22
		_send_lcd_pos_dma		CODE           	17508	0000	122
		_send_lcd_data_dma		CODE           	16EBC	0000	146
		_wait_lcd_set  		CODE           	18DD8	0000	6
		_eaDogM_WriteStringAtPos		CODE           	167A4	0000	186
		_wait_lcd_done 		CODE           	16566	0000	198
		_spi_byte      		CODE           	1810A	0000	58
		_start_lcd     		CODE           	18DDE	0000	6
		_eaDogM_WriteString		CODE           	1685E	0000	184
		_eaDogM_Scroll_Task		CODE           	17E24	0000	66

../eadog.c estimated size: 1530

mcc_generated_files/spi1.c
		_SPI1_Initialize		CODE           	18C84	0000	26

mcc_generated_files/spi1.c estimated size: 26

/opt/microchip/xc8/v2.50/pic/sources/c99/common/atoi.c
		_atoi          		CODE           	151A8	0000	328

/opt/microchip/xc8/v2.50/pic/sources/c99/common/atoi.c estimated size: 328

mcc_generated_files/adc.c
		_ADC_ADCH1_ISR 		CODE           	1801C	0000	60
		_ADC_ADI_ISR   		CODE           	17FA4	0000	60
		_ADC_Initialize		CODE           	17310	0000	132
		_ADC_DefaultActiveClockTuning_ISR		CODE           	18E40	0000	2
		_ADC_ACTI_ISR  		CODE           	17FE0	0000	60
		_ADC_DefaultADI_ISR		CODE           	18E3E	0000	2
		_ADC_SetActiveClockTuningInterruptHandler		CODE           	18AF4	0000	34
		_ADC_SetADIInterruptHandler		CODE           	18B16	0000	34
		_ADC_DefaultContext1Threshold_ISR		CODE           	18E42	0000	2
		_ADC_SetContext1ThresholdInterruptHandler		CODE           	18AD2	0000	34

mcc_generated_files/adc.c estimated size: 420

mcc_generated_files/uart5.c
		_UART5_SetOverrunErrorHandler		CODE           	1871A	0000	34
		_UART5_tx_vect_isr		CODE           	18144	0000	58
		_UART5_Receive_ISR		CODE           	16CF8	0000	156
		_UART5_SetRxInterruptHandler		CODE           	186F8	0000	34
		_UART5_SetTxInterruptHandler		CODE           	186D6	0000	34
		_UART5_Initialize		CODE           	170F6	0000	138
		_UART5_SetErrorHandler		CODE           	1875E	0000	34
		_UART5_Transmit_ISR		CODE           	185EC	0000	42
		_UART5_DefaultFramingErrorHandler		CODE           	18E4A	0000	2
		_UART5_DefaultErrorHandler		CODE           	18E10	0000	6
		_UART5_RxDataHandler		CODE           	18C10	0000	30
		_UART5_DefaultOverrunErrorHandler		CODE           	18E48	0000	2
		_UART5_rx_vect_isr		CODE           	17EA8	0000	66
		_UART5_Write   		CODE           	181EE	0000	56
		_UART5_SetFramingErrorHandler		CODE           	1873C	0000	34

mcc_generated_files/uart5.c estimated size: 726

mcc_generated_files/dma1.c
		_DMA1_Initialize		CODE           	17582	0000	122
		_DMA1_SetAIInterruptHandler		CODE           	1897E	0000	34
		_DMA1_StartTransferWithTrigger		CODE           	18DA0	0000	8
		_DMA1_SetSCNTIInterruptHandler		CODE           	1893A	0000	34
		_DMA1_DMAAI_ISR		CODE           	18094	0000	60
		_DMA1_SetSourceSize		CODE           	18CCC	0000	22
		_DMA1_StopTransfer		CODE           	18D96	0000	10
		_DMA1_DMAORI_ISR		CODE           	17D9C	0000	68
		_DMA1_DefaultInterruptHandler		CODE           	18E46	0000	2
		_DMA1_SetDMAPriority		CODE           	18B5A	0000	32
		_DMA1_SetDestinationSize		CODE           	18CE2	0000	22
		_DMA1_DMASCNTI_ISR		CODE           	17D58	0000	68
		_DMA1_SetORIInterruptHandler		CODE           	1895C	0000	34

mcc_generated_files/dma1.c estimated size: 516

/opt/microchip/xc8/v2.50/pic/sources/c99/common/__lldiv.c
		___lldiv       		CODE           	1585C	0000	258

/opt/microchip/xc8/v2.50/pic/sources/c99/common/__lldiv.c estimated size: 258

/opt/microchip/xc8/v2.50/pic/sources/c99/common/lwmod.c
		___lwmod       		CODE           	1662C	0000	188

/opt/microchip/xc8/v2.50/pic/sources/c99/common/lwmod.c estimated size: 188

/opt/microchip/xc8/v2.50/pic/sources/c99/common/memcpy.c
		_memcpy        		CODE           	15FBE	0000	214

/opt/microchip/xc8/v2.50/pic/sources/c99/common/memcpy.c estimated size: 214

mcc_generated_files/uart1.c
		_UART1_SetFramingErrorHandler		CODE           	18DB0	0000	8
		_UART1_SetOverrunErrorHandler		CODE           	18DA8	0000	8
		_UART1_Initialize		CODE           	1798C	0000	92
		_UART1_SetErrorHandler		CODE           	18DB8	0000	8

mcc_generated_files/uart1.c estimated size: 116

/opt/microchip/xc8/v2.50/pic/sources/c99/common/llmod.c
		___llmod       		CODE           	15EE8	0000	214

/opt/microchip/xc8/v2.50/pic/sources/c99/common/llmod.c estimated size: 214

/opt/microchip/xc8/v2.50/pic/sources/c99/common/almod.c
		___almod       		CODE           	1504C	0000	348

/opt/microchip/xc8/v2.50/pic/sources/c99/common/almod.c estimated size: 348

mcc_generated_files/tmr5.c
		_TMR5_ISR      		CODE           	17AA0	0000	88
		_TMR5_Initialize		CODE           	17E66	0000	66
		_TMR5_SetInterruptHandler		CODE           	1884C	0000	34
		_TMR5_DefaultInterruptHandler		CODE           	18E26	0000	2
		_TMR5_WriteTimer		CODE           	17EEA	0000	62
		_TMR5_StartTimer		CODE           	18DD2	0000	6

mcc_generated_files/tmr5.c estimated size: 258

../modbus_master.c
		_dcu_buffer_len		CODE           	16D94	0000	148
		_master_controller_work_dcu		CODE           	10BD0	0000	2950
		_modbus_read_dcu_check		CODE           	10000	0000	3024
		_mb_setup      		CODE           	18292	0000	50
		_get_500hz     		CODE           	1832A	0000	48
		_get_500ahz    		CODE           	1838A	0000	48
		_dcu_chk_buffer		CODE           	16094	0000	212
		_modbus_dcu_send_msg		CODE           	13E74	0000	724
		_my_modbus_rx_32		CODE           	17DE0	0000	68
		_serial_trmt   		CODE           	18DC0	0000	6
		_dcu_param_num 		CODE           	163D8	0000	200
		_log_crc_error 		CODE           	1825E	0000	52
		_timer_500ms_tick		CODE           	183E8	0000	46
		_dcu_crc_a     		CODE           	178CC	0000	96
		_dcu_crc_r     		CODE           	1780C	0000	96
		_clear_2hz     		CODE           	18D7E	0000	12
		_dcu_crc_a3    		CODE           	1786C	0000	96
		_init_mb_master_timers		CODE           	184C6	0000	42
		_timer_2ms_tick		CODE           	180D0	0000	58
		_clear_500hz   		CODE           	18D66	0000	12
		_half_dup_rx   		CODE           	18B98	0000	30
		_half_dup_tx   		CODE           	18B7A	0000	30
		_clear_500ahz  		CODE           	18D72	0000	12

../modbus_master.c estimated size: 8060

shared
		_DLC_BYTES     		MEDIUMCONST    	FD69	0000	16
		___secs_to_tm@days_in_month		MEDIUMCONST    	FD79	0000	12
		_sw_contact_types		MEDIUMCONST    	FD85	0000	3
		__initialization		CODE           	14732	0000	398
		_build_version 		MEDIUMCONST    	FE00	0000	19
		_spin          		MEDIUMCONST    	FD88	0000	120

shared estimated size: 568

/opt/microchip/xc8/v2.50/pic/sources/c99/common/__secs_to_tm.c
		___secs_to_tm  		CODE           	11756	0000	2522

/opt/microchip/xc8/v2.50/pic/sources/c99/common/__secs_to_tm.c estimated size: 2522

mcc_generated_files/mcc.c
		_SystemArbiter_Initialize		CODE           	18D2E	0000	14
		_PMD_Initialize		CODE           	18C9E	0000	24
		_OSCILLATOR_Initialize		CODE           	18D0C	0000	20
		_SYSTEM_Initialize		CODE           	17B96	0000	78

mcc_generated_files/mcc.c estimated size: 136

/opt/microchip/xc8/v2.50/pic/sources/c99/common/Umul32.c
		___lmul        		CODE           	164A0	0000	198

/opt/microchip/xc8/v2.50/pic/sources/c99/common/Umul32.c estimated size: 198

../dio.c
		_aswitch       		CODE           	18D3C	0000	14
		_button_press_check		CODE           	1564E	0000	266
		_lswitch       		CODE           	18D4A	0000	14
		_mswitch       		CODE           	18D58	0000	14
		_get_d_switch  		CODE           	18226	0000	56
		_init_all_switch		CODE           	1630C	0000	204

../dio.c estimated size: 568

/opt/microchip/xc8/v2.50/pic/sources/c99/common/nf_fputs.c
		_fputs         		CODE           	17180	0000	134

/opt/microchip/xc8/v2.50/pic/sources/c99/common/nf_fputs.c estimated size: 134

/opt/microchip/xc8/v2.50/pic/sources/c99/common/gmtime_r.c
		___gmtime_r    		CODE           	169CE	0000	170

/opt/microchip/xc8/v2.50/pic/sources/c99/common/gmtime_r.c estimated size: 170

mcc_generated_files/clc7.c
		_CLC7_Initialize		CODE           	1846E	0000	44

mcc_generated_files/clc7.c estimated size: 44

/opt/microchip/xc8/v2.50/pic/sources/c99/common/strlen.c
		_strlen        		CODE           	1706C	0000	138

/opt/microchip/xc8/v2.50/pic/sources/c99/common/strlen.c estimated size: 138

/opt/microchip/xc8/v2.50/pic/sources/c99/common/lwdiv.c
		___lwdiv       		CODE           	15B5C	0000	234

/opt/microchip/xc8/v2.50/pic/sources/c99/common/lwdiv.c estimated size: 234

main.c
		_DeviceID_Read 		CODE           	15434	0000	270
		_main          		CODE           	12130	0000	2368
		_wdtdelay      		CODE           	176DA	0000	102
		_volt_f        		CODE           	17B48	0000	78
		_spinners      		CODE           	15E0C	0000	220

main.c estimated size: 3038

/opt/microchip/xc8/v2.50/pic/sources/c99/common/aldiv.c
		___aldiv       		CODE           	14A5C	0000	394

/opt/microchip/xc8/v2.50/pic/sources/c99/common/aldiv.c estimated size: 394

